F1 fixture: u* = 0.40033882844433183, vertex 6, Δy = 0.008776614701086496 chord, points 8 → 13

== F1-anchor35-c120
  pieces: 4 upper / 3 lower
  nose: line m = 0.007471419214070115 proves x ∈ (0, 0.2822916666666666] at nose depth 0; y = 0 rule would also hold
  trailingEdge: closed: wedge line m = 0 proves x ∈ [0.6177083333333333, 1) at depth 0
  separation: separated; atoms 4, splits 0, min lower bound 8.289E-002
  maximum: certified; [0.12124583064675486, 0.12124583064684324], relative gap 7.290E-013; final atoms 4, peak 7, splits 116, rounds 38, max piece depth 19
  maximumAtomsPeak: 7
  placementWidth: 8.7833E-014 m (≤ 1e-8: True)
  queryFeasibility: max bits 23531 at placed-X/round-shift-divrem; ops 321512
  status: certified
  work: 17657211
  seconds: 0.0623982
  widestOperandBits: 1623
  withinBudget: True
  deltaNeeded: 1.667E-007 (largest relative gap PlacementWidth admits at this document's chord and hulls)
  cold seconds: 0.0745388

== F1-anchor35-c2000
  pieces: 4 upper / 3 lower
  nose: line m = 0.007471419214070115 proves x ∈ (0, 0.2822916666666666] at nose depth 0; y = 0 rule would also hold
  trailingEdge: closed: wedge line m = 0 proves x ∈ [0.6177083333333333, 1) at depth 0
  separation: separated; atoms 4, splits 0, min lower bound 8.289E-002
  maximum: certified; [0.12124583064675486, 0.12124583064684324], relative gap 7.290E-013; final atoms 4, peak 7, splits 116, rounds 38, max piece depth 19
  maximumAtomsPeak: 7
  placementWidth: 8.0673E-013 m (≤ 1e-8: True)
  queryFeasibility: max bits 23533 at placed-X/round-shift-divrem; ops 321512
  status: certified
  work: 17609868
  seconds: 0.0640142
  widestOperandBits: 1566
  withinBudget: True
  deltaNeeded: 1.000E-008 (largest relative gap PlacementWidth admits at this document's chord and hulls)
  cold seconds: 0.058707

== F4-dx0.02-c120
 [constant-1e-12]
  targetGap: 1E-12
  profileA: { pieces: 3 upper / 3 lower; nose: line m = 0 proves x ∈ (0, 0.28229166666666666] at nose depth 0; y = 0 rule would also hold; trailingEdge: closed: wedge line m = 0 proves x ∈ [0.6177083333333333, 1) at depth 0; separation: separated; atoms 1, splits 0, min lower bound 8.315E-002; maximum: certified; [0.11261933266433487, 0.11261933266439396], relative gap 5.246E-013; final atoms 4, peak 6, splits 97, rounds 39, max piece depth 19; maximumAtomsPeak: 6 }
  profileB: { pieces: 3 upper / 3 lower; nose: line m = 0 proves x ∈ (0, 0.28979166666666667] at nose depth 0; y = 0 rule would also hold; trailingEdge: closed: wedge line m = 0 proves x ∈ [0.6204861111111111, 1) at depth 0; separation: separated; atoms 1, splits 0, min lower bound 8.315E-002; maximum: certified; [0.11261933266433487, 0.11261933266439396], relative gap 5.246E-013; final atoms 4, peak 6, splits 97, rounds 39, max piece depth 19; maximumAtomsPeak: 6 }
  status: GEOMETRY-BUDGET: Proof work limit of 1000000000 bit-work units reached.
  trace: round 51: atoms 303, violators 301, gap 8.596E-009, work 553999816 | round 52: atoms 402, violators 401, gap 5.372E-009, work 636719051 | round 53: atoms 401, violators 401, gap 2.149E-009, work 752881611 | round 54: atoms 601, violators 600, gap 2.149E-009, work 883752389
  work: 1000003283
  seconds: 2.22101
  widestOperandBits: 1245
  withinBudget: False
  cold seconds: 2.35966
 [per-document-delta]
  targetGap: 5.20798E-09
  profileA: { pieces: 3 upper / 3 lower; nose: line m = 0 proves x ∈ (0, 0.28229166666666666] at nose depth 0; y = 0 rule would also hold; trailingEdge: closed: wedge line m = 0 proves x ∈ [0.6177083333333333, 1) at depth 0; separation: separated; atoms 1, splits 0, min lower bound 8.315E-002; maximum: certified; [0.11261933266433487, 0.11261933266439396], relative gap 5.246E-013; final atoms 4, peak 6, splits 97, rounds 39, max piece depth 19; maximumAtomsPeak: 6 }
  profileB: { pieces: 3 upper / 3 lower; nose: line m = 0 proves x ∈ (0, 0.28979166666666667] at nose depth 0; y = 0 rule would also hold; trailingEdge: closed: wedge line m = 0 proves x ∈ [0.6204861111111111, 1) at depth 0; separation: separated; atoms 1, splits 0, min lower bound 8.315E-002; maximum: certified; [0.11261933266433487, 0.11261933266439396], relative gap 5.246E-013; final atoms 4, peak 6, splits 97, rounds 39, max piece depth 19; maximumAtomsPeak: 6 }
  maxT0: certified; gap reached 5.201E-009 (uniform in w, both scale ends); T0 at w=0 [0.9999999995929448, 1.0000000017425001], w=1 [0.9999999995929448, 1.0000000017424822]; final atoms 354, peak 354, splits 2043, rounds 53, max piece depth 13; envelope lines stored 1400
  maxT0Atoms: 354
  blendPlacementWidthAsBuilt(1e-12): 2.5971E-012 m; replica equal: True
  blendPlacementWidthAtAchievedGap: 9.9858E-009 m (≤ 1e-8)
  queryFeasibility: non-blend part: max bits 24174 (placed-X/round-shift-divrem), ops 448528; envelope query model: line bits N129/D129, eval bits 9381, normalized-shape bound 19136 (≤ 32768: True); ops with envelope 459792 (≤ 1e6: True)
  status: certified
  trace: round 50: atoms 303, violators 299, gap 8.596E-009, work 476544542 | round 51: atoms 303, violators 155, gap 8.596E-009, work 539345124 | round 52: atoms 354, violators 22, gap 5.372E-009, work 596512840 | round 53: atoms 354, violators 0, gap 5.201E-009, work 651469521
  work: 651946475
  seconds: 1.35959
  widestOperandBits: 2950
  withinBudget: False
  cold seconds: 1.39589
 [proposal-tightened]
  targetGap: 1.7361E-07
  profileA: { pieces: 3 upper / 3 lower; nose: line m = 0 proves x ∈ (0, 0.28229166666666666] at nose depth 0; y = 0 rule would also hold; trailingEdge: closed: wedge line m = 0 proves x ∈ [0.6177083333333333, 1) at depth 0; separation: separated; atoms 1, splits 0, min lower bound 8.315E-002; maximum: certified; [0.11261933266433487, 0.11261933266439396], relative gap 5.246E-013; final atoms 4, peak 6, splits 97, rounds 39, max piece depth 19; maximumAtomsPeak: 6 }
  profileB: { pieces: 3 upper / 3 lower; nose: line m = 0 proves x ∈ (0, 0.28979166666666667] at nose depth 0; y = 0 rule would also hold; trailingEdge: closed: wedge line m = 0 proves x ∈ [0.6204861111111111, 1) at depth 0; separation: separated; atoms 1, splits 0, min lower bound 8.315E-002; maximum: certified; [0.11261933266433487, 0.11261933266439396], relative gap 5.246E-013; final atoms 4, peak 6, splits 97, rounds 39, max piece depth 19; maximumAtomsPeak: 6 }
  maxT0: certified; gap reached 1.704E-007 (uniform in w, both scale ends); T0 at w=0 [0.9999999248778971, 1.0000000625423997], w=1 [0.9999999248778971, 1.0000000625311476]; final atoms 53, peak 53, splits 426, rounds 41, max piece depth 10; envelope lines stored 196
  maxT0Atoms: 53
  blendPlacementWidthAsBuilt(1e-12): 2.5971E-012 m; replica equal: True
  tightenedReplicaWidthAtAchievedGap(PROPOSAL): 9.8145E-009 m (≤ 1e-8)
  queryFeasibility: non-blend part: max bits 24174 (placed-X/round-shift-divrem), ops 448528; envelope query model: line bits N129/D129, eval bits 9381, normalized-shape bound 19136 (≤ 32768: True); ops with envelope 450160 (≤ 1e6: True)
  status: certified
  trace: round 38: atoms 42, violators 40, gap 5.504E-007, work 119514973 | round 39: atoms 41, violators 35, gap 5.504E-007, work 128732963 | round 40: atoms 53, violators 43, gap 3.440E-007, work 138550550 | round 41: atoms 53, violators 0, gap 1.704E-007, work 145911867
  work: 146424669
  seconds: 0.306881
  widestOperandBits: 3918
  withinBudget: True
  cold seconds: 0.29392
  deltaNeeded (BlendPlacementWidth subdivision gap admitted at this chord): 5.20798E-09
  deltaNeededTightened (PROPOSAL: floor 1/2, thickness hull): 1.7361E-07

== F4-dx0.02-c2000
 [constant-1e-12]
  targetGap: 1E-12
  profileA: { pieces: 3 upper / 3 lower; nose: line m = 0 proves x ∈ (0, 0.28229166666666666] at nose depth 0; y = 0 rule would also hold; trailingEdge: closed: wedge line m = 0 proves x ∈ [0.6177083333333333, 1) at depth 0; separation: separated; atoms 1, splits 0, min lower bound 8.315E-002; maximum: certified; [0.11261933266433487, 0.11261933266439396], relative gap 5.246E-013; final atoms 4, peak 6, splits 97, rounds 39, max piece depth 19; maximumAtomsPeak: 6 }
  profileB: { pieces: 3 upper / 3 lower; nose: line m = 0 proves x ∈ (0, 0.28979166666666667] at nose depth 0; y = 0 rule would also hold; trailingEdge: closed: wedge line m = 0 proves x ∈ [0.6204861111111111, 1) at depth 0; separation: separated; atoms 1, splits 0, min lower bound 8.315E-002; maximum: certified; [0.11261933266433487, 0.11261933266439396], relative gap 5.246E-013; final atoms 4, peak 6, splits 97, rounds 39, max piece depth 19; maximumAtomsPeak: 6 }
  status: GEOMETRY-BUDGET: Proof work limit of 1000000000 bit-work units reached.
  trace: round 51: atoms 303, violators 301, gap 8.596E-009, work 553953841 | round 52: atoms 402, violators 401, gap 5.372E-009, work 636673076 | round 53: atoms 401, violators 401, gap 2.149E-009, work 752835636 | round 54: atoms 601, violators 600, gap 2.149E-009, work 883706414
  work: 1000059638
  seconds: 2.09891
  widestOperandBits: 1245
  withinBudget: False
  cold seconds: 2.094
 [per-document-delta]
  targetGap: 3.12168E-10
  profileA: { pieces: 3 upper / 3 lower; nose: line m = 0 proves x ∈ (0, 0.28229166666666666] at nose depth 0; y = 0 rule would also hold; trailingEdge: closed: wedge line m = 0 proves x ∈ [0.6177083333333333, 1) at depth 0; separation: separated; atoms 1, splits 0, min lower bound 8.315E-002; maximum: certified; [0.11261933266433487, 0.11261933266439396], relative gap 5.246E-013; final atoms 4, peak 6, splits 97, rounds 39, max piece depth 19; maximumAtomsPeak: 6 }
  profileB: { pieces: 3 upper / 3 lower; nose: line m = 0 proves x ∈ (0, 0.28979166666666667] at nose depth 0; y = 0 rule would also hold; trailingEdge: closed: wedge line m = 0 proves x ∈ [0.6204861111111111, 1) at depth 0; separation: separated; atoms 1, splits 0, min lower bound 8.315E-002; maximum: certified; [0.11261933266433487, 0.11261933266439396], relative gap 5.246E-013; final atoms 4, peak 6, splits 97, rounds 39, max piece depth 19; maximumAtomsPeak: 6 }
  status: GEOMETRY-BUDGET: Proof work limit of 1000000000 bit-work units reached.
  trace: round 51: atoms 303, violators 301, gap 8.596E-009, work 553379716 | round 52: atoms 402, violators 401, gap 5.372E-009, work 635973330 | round 53: atoms 401, violators 401, gap 2.149E-009, work 752011462 | round 54: atoms 601, violators 600, gap 2.149E-009, work 882683943
  work: 1000228667
  seconds: 1.98116
  widestOperandBits: 1245
  withinBudget: False
  cold seconds: 2.17717
 [proposal-tightened]
  targetGap: 1.04162E-08
  profileA: { pieces: 3 upper / 3 lower; nose: line m = 0 proves x ∈ (0, 0.28229166666666666] at nose depth 0; y = 0 rule would also hold; trailingEdge: closed: wedge line m = 0 proves x ∈ [0.6177083333333333, 1) at depth 0; separation: separated; atoms 1, splits 0, min lower bound 8.315E-002; maximum: certified; [0.11261933266433487, 0.11261933266439396], relative gap 5.246E-013; final atoms 4, peak 6, splits 97, rounds 39, max piece depth 19; maximumAtomsPeak: 6 }
  profileB: { pieces: 3 upper / 3 lower; nose: line m = 0 proves x ∈ (0, 0.28979166666666667] at nose depth 0; y = 0 rule would also hold; trailingEdge: closed: wedge line m = 0 proves x ∈ [0.6204861111111111, 1) at depth 0; separation: separated; atoms 1, splits 0, min lower bound 8.315E-002; maximum: certified; [0.11261933266433487, 0.11261933266439396], relative gap 5.246E-013; final atoms 4, peak 6, splits 97, rounds 39, max piece depth 19; maximumAtomsPeak: 6 }
  maxT0: certified; gap reached 1.038E-008 (uniform in w, both scale ends); T0 at w=0 [0.9999999958436794, 1.0000000044398225], w=1 [0.9999999958436794, 1.0000000044397992]; final atoms 199, peak 199, splits 1325, rounds 49, max piece depth 12; envelope lines stored 780
  maxT0Atoms: 199
  blendPlacementWidthAsBuilt(1e-12): 4.2630E-011 m; replica equal: True
  tightenedReplicaWidthAtAchievedGap(PROPOSAL): 9.9642E-009 m (≤ 1e-8)
  queryFeasibility: non-blend part: max bits 24176 (placed-X/round-shift-divrem), ops 448528; envelope query model: line bits N129/D129, eval bits 9381, normalized-shape bound 19136 (≤ 32768: True); ops with envelope 454832 (≤ 1e6: True)
  status: certified
  trace: round 46: atoms 153, violators 152, gap 3.439E-008, work 274733203 | round 47: atoms 152, violators 140, gap 3.439E-008, work 311310726 | round 48: atoms 199, violators 171, gap 2.149E-008, work 350486090 | round 49: atoms 199, violators 0, gap 1.038E-008, work 381526114
  work: 382035371
  seconds: 0.720891
  widestOperandBits: 3877
  withinBudget: True
  cold seconds: 0.709308
 [diagnostic-unbounded]
  targetGap: 3.12168E-10
  profileA: { pieces: 3 upper / 3 lower; nose: line m = 0 proves x ∈ (0, 0.28229166666666666] at nose depth 0; y = 0 rule would also hold; trailingEdge: closed: wedge line m = 0 proves x ∈ [0.6177083333333333, 1) at depth 0; separation: separated; atoms 1, splits 0, min lower bound 8.315E-002; maximum: certified; [0.11261933266433487, 0.11261933266439396], relative gap 5.246E-013; final atoms 4, peak 6, splits 97, rounds 39, max piece depth 19; maximumAtomsPeak: 6 }
  profileB: { pieces: 3 upper / 3 lower; nose: line m = 0 proves x ∈ (0, 0.28979166666666667] at nose depth 0; y = 0 rule would also hold; trailingEdge: closed: wedge line m = 0 proves x ∈ [0.6204861111111111, 1) at depth 0; separation: separated; atoms 1, splits 0, min lower bound 8.315E-002; maximum: certified; [0.11261933266433487, 0.11261933266439396], relative gap 5.246E-013; final atoms 4, peak 6, splits 97, rounds 39, max piece depth 19; maximumAtomsPeak: 6 }
  maxT0: certified; gap reached 3.119E-010 (uniform in w, both scale ends); T0 at w=0 [0.9999999999985979, 1.000000000133425], w=1 [0.9999999999985979, 1.0000000001334248]; final atoms 1416, peak 1416, splits 7813, rounds 61, max piece depth 15; envelope lines stored 5652
  maxT0Atoms: 1416
  blendPlacementWidthAsBuilt(1e-12): 4.2630E-011 m; replica equal: True
  blendPlacementWidthAtAchievedGap: 9.9909E-009 m (≤ 1e-8)
  queryFeasibility: non-blend part: max bits 24176 (placed-X/round-shift-divrem), ops 448528; envelope query model: line bits N129/D129, eval bits 9381, normalized-shape bound 19136 (≤ 32768: True); ops with envelope 493808 (≤ 1e6: True)
  status: certified
  trace: round 58: atoms 1196, violators 1195, gap 5.372E-010, work 1696291504 | round 59: atoms 1196, violators 659, gap 5.372E-010, work 1959059934 | round 60: atoms 1416, violators 183, gap 3.358E-010, work 2211236900 | round 61: atoms 1416, violators 0, gap 3.119E-010, work 2453070481
  work: 2453543302
  seconds: 4.63285
  widestOperandBits: 2906
  withinBudget: False
 [diagnostic-unbounded-tightened]
  targetGap: 1.04162E-08
  profileA: { pieces: 3 upper / 3 lower; nose: line m = 0 proves x ∈ (0, 0.28229166666666666] at nose depth 0; y = 0 rule would also hold; trailingEdge: closed: wedge line m = 0 proves x ∈ [0.6177083333333333, 1) at depth 0; separation: separated; atoms 1, splits 0, min lower bound 8.315E-002; maximum: certified; [0.11261933266433487, 0.11261933266439396], relative gap 5.246E-013; final atoms 4, peak 6, splits 97, rounds 39, max piece depth 19; maximumAtomsPeak: 6 }
  profileB: { pieces: 3 upper / 3 lower; nose: line m = 0 proves x ∈ (0, 0.28979166666666667] at nose depth 0; y = 0 rule would also hold; trailingEdge: closed: wedge line m = 0 proves x ∈ [0.6204861111111111, 1) at depth 0; separation: separated; atoms 1, splits 0, min lower bound 8.315E-002; maximum: certified; [0.11261933266433487, 0.11261933266439396], relative gap 5.246E-013; final atoms 4, peak 6, splits 97, rounds 39, max piece depth 19; maximumAtomsPeak: 6 }
  maxT0: certified; gap reached 1.038E-008 (uniform in w, both scale ends); T0 at w=0 [0.9999999958436794, 1.0000000044398225], w=1 [0.9999999958436794, 1.0000000044397992]; final atoms 199, peak 199, splits 1325, rounds 49, max piece depth 12; envelope lines stored 780
  maxT0Atoms: 199
  blendPlacementWidthAsBuilt(1e-12): 4.2630E-011 m; replica equal: True
  tightenedReplicaWidthAtAchievedGap(PROPOSAL): 9.9642E-009 m (≤ 1e-8)
  queryFeasibility: non-blend part: max bits 24176 (placed-X/round-shift-divrem), ops 448528; envelope query model: line bits N129/D129, eval bits 9381, normalized-shape bound 19136 (≤ 32768: True); ops with envelope 454832 (≤ 1e6: True)
  status: certified
  trace: round 46: atoms 153, violators 152, gap 3.439E-008, work 274733203 | round 47: atoms 152, violators 140, gap 3.439E-008, work 311310726 | round 48: atoms 199, violators 171, gap 2.149E-008, work 350486090 | round 49: atoms 199, violators 0, gap 1.038E-008, work 381526114
  work: 382035371
  seconds: 0.700997
  widestOperandBits: 3877
  withinBudget: True
  deltaNeeded (BlendPlacementWidth subdivision gap admitted at this chord): 3.12168E-10
  deltaNeededTightened (PROPOSAL: floor 1/2, thickness hull): 1.04162E-08

== F4-dx0.20-c120
 [constant-1e-12]
  targetGap: 1E-12
  profileA: { pieces: 3 upper / 3 lower; nose: line m = 0 proves x ∈ (0, 0.28229166666666666] at nose depth 0; y = 0 rule would also hold; trailingEdge: closed: wedge line m = 0 proves x ∈ [0.6177083333333333, 1) at depth 0; separation: separated; atoms 1, splits 0, min lower bound 8.315E-002; maximum: certified; [0.11261933266433487, 0.11261933266439396], relative gap 5.246E-013; final atoms 4, peak 6, splits 97, rounds 39, max piece depth 19; maximumAtomsPeak: 6 }
  profileB: { pieces: 3 upper / 3 lower; nose: line m = 0 proves x ∈ (0, 0.3572916666666667] at nose depth 0; y = 0 rule would also hold; trailingEdge: closed: wedge line m = 0 proves x ∈ [0.6454861111111111, 1) at depth 0; separation: separated; atoms 1, splits 0, min lower bound 8.315E-002; maximum: certified; [0.11261933266433487, 0.11261933266439396], relative gap 5.246E-013; final atoms 4, peak 6, splits 97, rounds 39, max piece depth 19; maximumAtomsPeak: 6 }
  status: GEOMETRY-BUDGET: Proof work limit of 1000000000 bit-work units reached.
  trace: round 39: atoms 341, violators 341, gap 5.504E-007, work 588389703 | round 40: atoms 468, violators 467, gap 3.440E-007, work 684408161 | round 41: atoms 467, violators 467, gap 1.377E-007, work 808253380 | round 42: atoms 681, violators 679, gap 1.377E-007, work 948383600
  work: 1000123702
  seconds: 1.83356
  widestOperandBits: 1245
  withinBudget: False
  cold seconds: 1.83449
 [per-document-delta]
  targetGap: 5.20798E-09
  profileA: { pieces: 3 upper / 3 lower; nose: line m = 0 proves x ∈ (0, 0.28229166666666666] at nose depth 0; y = 0 rule would also hold; trailingEdge: closed: wedge line m = 0 proves x ∈ [0.6177083333333333, 1) at depth 0; separation: separated; atoms 1, splits 0, min lower bound 8.315E-002; maximum: certified; [0.11261933266433487, 0.11261933266439396], relative gap 5.246E-013; final atoms 4, peak 6, splits 97, rounds 39, max piece depth 19; maximumAtomsPeak: 6 }
  profileB: { pieces: 3 upper / 3 lower; nose: line m = 0 proves x ∈ (0, 0.3572916666666667] at nose depth 0; y = 0 rule would also hold; trailingEdge: closed: wedge line m = 0 proves x ∈ [0.6454861111111111, 1) at depth 0; separation: separated; atoms 1, splits 0, min lower bound 8.315E-002; maximum: certified; [0.11261933266433487, 0.11261933266439396], relative gap 5.246E-013; final atoms 4, peak 6, splits 97, rounds 39, max piece depth 19; maximumAtomsPeak: 6 }
  status: GEOMETRY-BUDGET: Proof work limit of 1000000000 bit-work units reached.
  trace: round 39: atoms 341, violators 341, gap 5.504E-007, work 587250026 | round 40: atoms 468, violators 467, gap 3.440E-007, work 683007684 | round 41: atoms 467, violators 467, gap 1.377E-007, work 806594208 | round 42: atoms 681, violators 679, gap 1.377E-007, work 946320836
  work: 1000192459
  seconds: 1.82183
  widestOperandBits: 1245
  withinBudget: False
  cold seconds: 1.82214
 [proposal-tightened]
  targetGap: 1.7361E-07
  profileA: { pieces: 3 upper / 3 lower; nose: line m = 0 proves x ∈ (0, 0.28229166666666666] at nose depth 0; y = 0 rule would also hold; trailingEdge: closed: wedge line m = 0 proves x ∈ [0.6177083333333333, 1) at depth 0; separation: separated; atoms 1, splits 0, min lower bound 8.315E-002; maximum: certified; [0.11261933266433487, 0.11261933266439396], relative gap 5.246E-013; final atoms 4, peak 6, splits 97, rounds 39, max piece depth 19; maximumAtomsPeak: 6 }
  profileB: { pieces: 3 upper / 3 lower; nose: line m = 0 proves x ∈ (0, 0.3572916666666667] at nose depth 0; y = 0 rule would also hold; trailingEdge: closed: wedge line m = 0 proves x ∈ [0.6454861111111111, 1) at depth 0; separation: separated; atoms 1, splits 0, min lower bound 8.315E-002; maximum: certified; [0.11261933266433487, 0.11261933266439396], relative gap 5.246E-013; final atoms 4, peak 6, splits 97, rounds 39, max piece depth 19; maximumAtomsPeak: 6 }
  maxT0: certified; gap reached 1.730E-007 (uniform in w, both scale ends); T0 at w=0 [0.9999999248778971, 1.0000000625423997], w=1 [0.9999999248778971, 1.0000000624372218]; final atoms 452, peak 452, splits 2705, rounds 41, max piece depth 10; envelope lines stored 1794
  maxT0Atoms: 452
  blendPlacementWidthAsBuilt(1e-12): 2.5971E-012 m; replica equal: True
  tightenedReplicaWidthAtAchievedGap(PROPOSAL): 9.9641E-009 m (≤ 1e-8)
  queryFeasibility: non-blend part: max bits 24174 (placed-X/round-shift-divrem), ops 448528; envelope query model: line bits N129/D129, eval bits 9381, normalized-shape bound 19137 (≤ 32768: True); ops with envelope 462944 (≤ 1e6: True)
  status: certified
  trace: round 38: atoms 342, violators 341, gap 5.504E-007, work 500543576 | round 39: atoms 341, violators 296, gap 5.504E-007, work 583007774 | round 40: atoms 452, violators 345, gap 3.440E-007, work 670913061 | round 41: atoms 452, violators 0, gap 1.730E-007, work 746214549
  work: 746728668
  seconds: 1.37406
  widestOperandBits: 3945
  withinBudget: False
  cold seconds: 1.34345
  deltaNeeded (BlendPlacementWidth subdivision gap admitted at this chord): 5.20798E-09
  deltaNeededTightened (PROPOSAL: floor 1/2, thickness hull): 1.7361E-07

== F4-dx0.20-c2000
 [constant-1e-12]
  targetGap: 1E-12
  profileA: { pieces: 3 upper / 3 lower; nose: line m = 0 proves x ∈ (0, 0.28229166666666666] at nose depth 0; y = 0 rule would also hold; trailingEdge: closed: wedge line m = 0 proves x ∈ [0.6177083333333333, 1) at depth 0; separation: separated; atoms 1, splits 0, min lower bound 8.315E-002; maximum: certified; [0.11261933266433487, 0.11261933266439396], relative gap 5.246E-013; final atoms 4, peak 6, splits 97, rounds 39, max piece depth 19; maximumAtomsPeak: 6 }
  profileB: { pieces: 3 upper / 3 lower; nose: line m = 0 proves x ∈ (0, 0.3572916666666667] at nose depth 0; y = 0 rule would also hold; trailingEdge: closed: wedge line m = 0 proves x ∈ [0.6454861111111111, 1) at depth 0; separation: separated; atoms 1, splits 0, min lower bound 8.315E-002; maximum: certified; [0.11261933266433487, 0.11261933266439396], relative gap 5.246E-013; final atoms 4, peak 6, splits 97, rounds 39, max piece depth 19; maximumAtomsPeak: 6 }
  status: GEOMETRY-BUDGET: Proof work limit of 1000000000 bit-work units reached.
  trace: round 39: atoms 341, violators 341, gap 5.504E-007, work 588343728 | round 40: atoms 468, violators 467, gap 3.440E-007, work 684362186 | round 41: atoms 467, violators 467, gap 1.377E-007, work 808207405 | round 42: atoms 681, violators 679, gap 1.377E-007, work 948337625
  work: 1000077727
  seconds: 1.83306
  widestOperandBits: 1245
  withinBudget: False
  cold seconds: 1.82792
 [per-document-delta]
  targetGap: 3.12168E-10
  profileA: { pieces: 3 upper / 3 lower; nose: line m = 0 proves x ∈ (0, 0.28229166666666666] at nose depth 0; y = 0 rule would also hold; trailingEdge: closed: wedge line m = 0 proves x ∈ [0.6177083333333333, 1) at depth 0; separation: separated; atoms 1, splits 0, min lower bound 8.315E-002; maximum: certified; [0.11261933266433487, 0.11261933266439396], relative gap 5.246E-013; final atoms 4, peak 6, splits 97, rounds 39, max piece depth 19; maximumAtomsPeak: 6 }
  profileB: { pieces: 3 upper / 3 lower; nose: line m = 0 proves x ∈ (0, 0.3572916666666667] at nose depth 0; y = 0 rule would also hold; trailingEdge: closed: wedge line m = 0 proves x ∈ [0.6454861111111111, 1) at depth 0; separation: separated; atoms 1, splits 0, min lower bound 8.315E-002; maximum: certified; [0.11261933266433487, 0.11261933266439396], relative gap 5.246E-013; final atoms 4, peak 6, splits 97, rounds 39, max piece depth 19; maximumAtomsPeak: 6 }
  status: GEOMETRY-BUDGET: Proof work limit of 1000000000 bit-work units reached.
  trace: round 39: atoms 341, violators 341, gap 5.504E-007, work 587695206 | round 40: atoms 468, violators 467, gap 3.440E-007, work 683565176 | round 41: atoms 467, violators 467, gap 1.377E-007, work 807263178 | round 42: atoms 681, violators 679, gap 1.377E-007, work 947163562
  work: 1000134262
  seconds: 1.83091
  widestOperandBits: 1245
  withinBudget: False
  cold seconds: 1.83809
 [proposal-tightened]
  targetGap: 1.04162E-08
  profileA: { pieces: 3 upper / 3 lower; nose: line m = 0 proves x ∈ (0, 0.28229166666666666] at nose depth 0; y = 0 rule would also hold; trailingEdge: closed: wedge line m = 0 proves x ∈ [0.6177083333333333, 1) at depth 0; separation: separated; atoms 1, splits 0, min lower bound 8.315E-002; maximum: certified; [0.11261933266433487, 0.11261933266439396], relative gap 5.246E-013; final atoms 4, peak 6, splits 97, rounds 39, max piece depth 19; maximumAtomsPeak: 6 }
  profileB: { pieces: 3 upper / 3 lower; nose: line m = 0 proves x ∈ (0, 0.3572916666666667] at nose depth 0; y = 0 rule would also hold; trailingEdge: closed: wedge line m = 0 proves x ∈ [0.6454861111111111, 1) at depth 0; separation: separated; atoms 1, splits 0, min lower bound 8.315E-002; maximum: certified; [0.11261933266433487, 0.11261933266439396], relative gap 5.246E-013; final atoms 4, peak 6, splits 97, rounds 39, max piece depth 19; maximumAtomsPeak: 6 }
  status: GEOMETRY-BUDGET: Proof work limit of 1000000000 bit-work units reached.
  trace: round 39: atoms 341, violators 341, gap 5.504E-007, work 587042472 | round 40: atoms 468, violators 467, gap 3.440E-007, work 682763102 | round 41: atoms 467, violators 467, gap 1.377E-007, work 806312874 | round 42: atoms 681, violators 679, gap 1.377E-007, work 945982201
  work: 1000022661
  seconds: 1.80333
  widestOperandBits: 1245
  withinBudget: False
  cold seconds: 1.82042
 [diagnostic-unbounded]
  targetGap: 3.12168E-10
  profileA: { pieces: 3 upper / 3 lower; nose: line m = 0 proves x ∈ (0, 0.28229166666666666] at nose depth 0; y = 0 rule would also hold; trailingEdge: closed: wedge line m = 0 proves x ∈ [0.6177083333333333, 1) at depth 0; separation: separated; atoms 1, splits 0, min lower bound 8.315E-002; maximum: certified; [0.11261933266433487, 0.11261933266439396], relative gap 5.246E-013; final atoms 4, peak 6, splits 97, rounds 39, max piece depth 19; maximumAtomsPeak: 6 }
  profileB: { pieces: 3 upper / 3 lower; nose: line m = 0 proves x ∈ (0, 0.3572916666666667] at nose depth 0; y = 0 rule would also hold; trailingEdge: closed: wedge line m = 0 proves x ∈ [0.6454861111111111, 1) at depth 0; separation: separated; atoms 1, splits 0, min lower bound 8.315E-002; maximum: certified; [0.11261933266433487, 0.11261933266439396], relative gap 5.246E-013; final atoms 4, peak 6, splits 97, rounds 39, max piece depth 19; maximumAtomsPeak: 6 }
  maxT0: certified; gap reached 3.121E-010 (uniform in w, both scale ends); T0 at w=0 [0.9999999999985979, 1.000000000133425], w=1 [0.9999999999985979, 1.0000000001334235]; final atoms 12602, peak 12602, splits 68022, rounds 61, max piece depth 15; envelope lines stored 50396
  maxT0Atoms: 12602
  blendPlacementWidthAsBuilt(1e-12): 4.2630E-011 m; replica equal: True
  blendPlacementWidthAtAchievedGap: 9.9992E-009 m (≤ 1e-8)
  queryFeasibility: non-blend part: max bits 24176 (placed-X/round-shift-divrem), ops 448528; envelope query model: line bits N129/D129, eval bits 9381, normalized-shape bound 19137 (≤ 32768: True); ops with envelope 851760 (≤ 1e6: True)
  status: certified
  trace: round 58: atoms 10808, violators 10806, gap 5.372E-010, work 14601621919 | round 59: atoms 10808, violators 4708, gap 5.372E-010, work 17075402679 | round 60: atoms 12602, violators 1083, gap 3.358E-010, work 19583195491 | round 61: atoms 12602, violators 0, gap 3.121E-010, work 22051441368
  work: 22051914164
  seconds: 39.8805
  widestOperandBits: 2899
  withinBudget: False
 [diagnostic-unbounded-tightened]
  targetGap: 1.04162E-08
  profileA: { pieces: 3 upper / 3 lower; nose: line m = 0 proves x ∈ (0, 0.28229166666666666] at nose depth 0; y = 0 rule would also hold; trailingEdge: closed: wedge line m = 0 proves x ∈ [0.6177083333333333, 1) at depth 0; separation: separated; atoms 1, splits 0, min lower bound 8.315E-002; maximum: certified; [0.11261933266433487, 0.11261933266439396], relative gap 5.246E-013; final atoms 4, peak 6, splits 97, rounds 39, max piece depth 19; maximumAtomsPeak: 6 }
  profileB: { pieces: 3 upper / 3 lower; nose: line m = 0 proves x ∈ (0, 0.3572916666666667] at nose depth 0; y = 0 rule would also hold; trailingEdge: closed: wedge line m = 0 proves x ∈ [0.6454861111111111, 1) at depth 0; separation: separated; atoms 1, splits 0, min lower bound 8.315E-002; maximum: certified; [0.11261933266433487, 0.11261933266439396], relative gap 5.246E-013; final atoms 4, peak 6, splits 97, rounds 39, max piece depth 19; maximumAtomsPeak: 6 }
  maxT0: certified; gap reached 1.041E-008 (uniform in w, both scale ends); T0 at w=0 [0.9999999958436794, 1.0000000062081347], w=1 [0.9999999958436794, 1.000000004439606]; final atoms 1805, peak 1805, splits 10570, rounds 49, max piece depth 12; envelope lines stored 7210
  maxT0Atoms: 1805
  blendPlacementWidthAsBuilt(1e-12): 4.2630E-011 m; replica equal: True
  tightenedReplicaWidthAtAchievedGap(PROPOSAL): 9.9953E-009 m (≤ 1e-8)
  queryFeasibility: non-blend part: max bits 24176 (placed-X/round-shift-divrem), ops 448528; envelope query model: line bits N129/D129, eval bits 9381, normalized-shape bound 19137 (≤ 32768: True); ops with envelope 506272 (≤ 1e6: True)
  status: certified
  trace: round 46: atoms 1355, violators 1353, gap 3.439E-008, work 1840455658 | round 47: atoms 1354, violators 1209, gap 3.439E-008, work 2177975196 | round 48: atoms 1805, violators 1453, gap 2.149E-008, work 2542510840 | round 49: atoms 1805, violators 0, gap 1.041E-008, work 2869417046
  work: 2869925924
  seconds: 5.15744
  widestOperandBits: 3863
  withinBudget: False
  deltaNeeded (BlendPlacementWidth subdivision gap admitted at this chord): 3.12168E-10
  deltaNeededTightened (PROPOSAL: floor 1/2, thickness hull): 1.04162E-08
