stl_sha256=107d74ffb0abedb3ea1329e8e493c015a039f5d4f46c13d1eaed02294a2aa6ee triangles=2064 enclosed_volume_m3=4.223060e-05 expected=4.223326e-05
te_thickness_m=0.0005 analysis_tip_extension_m=0.00728 S_ref_half_m2=0.003000
background=80x21x50=84000 cells, base=0.048 m, y_max=1.0080 m
freestream U=(4.987820251 0 0.3487823687) nuTilda=3e-06 nut=2.10438e-07
launcher-record: init files=16 manifest=6c099bf3adc3 record=runs/.launcher/26a376e317afbd1022cd
status=0 wall_s=0 peak_rss_bytes=120635392 banner=Disallowing log=runs/20261005T233805Z-spike03-s6-w2b/log.blockMesh
status=0 wall_s=0 peak_rss_bytes=113655808 banner=Disallowing log=runs/20261005T233805Z-spike03-s6-w2b/log.checkMesh-preflight
status=0 wall_s=0 peak_rss_bytes=33193984 banner=Disallowing log=runs/20261005T233805Z-spike03-s6-w2b/log.surfaceCheck
status=0 wall_s=0 peak_rss_bytes=34357248 banner=Disallowing log=runs/20261005T233805Z-spike03-s6-w2b/log.surfaceFeatureExtract
status=0 wall_s=238 peak_rss_bytes=1425113088 banner=Disallowing log=runs/20261005T233805Z-spike03-s6-w2b/log.snappyHexMesh
status=0 wall_s=3 peak_rss_bytes=605503488 banner=Disallowing log=runs/20261005T233805Z-spike03-s6-w2b/log.checkMesh
status=0 wall_s=2 peak_rss_bytes=232472576 banner=Disallowing log=runs/20261005T233805Z-spike03-s6-w2b/log.postProcess-C
GATE inputs: max_non_orthogonality=136.213312254 faces_gt_70=4 max_skewness=5.57649264739 min_face_weight=0.0228595336063 min_volume=4.06481519185e-13
  checkMesh *** lines: ['***Number of non-orthogonality errors: 2.', '***Error in face pyramids: 4 faces are incorrectly oriented.', '***Max skewness = 5.57649264739, 48 highly skew faces detected which may impair the quality of the results', '***Error in face tets: 32 faces with low quality or negative volume decomposition tets.', '***Concave cells (using face planes) found, number of cells: 18757', '***Faces with small interpolation weight (< 0.05) found, number of faces: 62']
  snappy layer table (last): wing faces=23762 target=20 mean layers=4.88 thickness=0.00102 m (70 % of target)
cells=374422 by type: 0=55275 hex=309325 4=1030 prism=7588 9=1204
faces > 70 deg (nonOrthoFaces): n=6 tip_region=6 | x/c 0.2387..0.2416, span 0.0241..0.0243 m, tip-region span 0.0241..0.0243
low-weight faces (< 0.05): n=62 tip_region=50 | x/c 0.0037..0.9613, span 0.0169..0.0252 m, tip-region span 0.0230..0.0252
wing faces=23762; whole coupon faces with 20 layers: 0 (0.00 %), mean layers 4.88; tip-region layer histogram {np.int64(0): np.int64(2190), np.int64(1): np.int64(1152), np.int64(2): np.int64(4550), np.int64(3): np.int64(1360), np.int64(4): np.int64(3088), np.int64(5): np.int64(1460), np.int64(6): np.int64(1580), np.int64(7): np.int64(834), np.int64(8): np.int64(718), np.int64(9): np.int64(350), np.int64(10): np.int64(222), np.int64(11): np.int64(142), np.int64(12): np.int64(14)}
TIPGATE faces>70deg=6 low_weight_faces=50 negative_volume_cells_tip=0 (whole coupon 0) wing_faces_tip=17660 with_full_layers=0 (0.00 %)
TIPGATE checkMesh error lines (whole coupon): ***Number of non-orthogonality errors: 2. | ***Error in face pyramids: 4 faces are incorrectly oriented. | ***Max skewness = 5.57649264739, 48 highly skew faces detected which may impair the quality of the results | ***Error in face tets: 32 faces with low quality or negative volume decomposition tets. | ***Concave cells (using face planes) found, number of cells: 18757 | ***Faces with small interpolation weight (< 0.05) found, number of faces: 62
run=runs/20261005T233805Z-spike03-s6-w2b
