
Welcome to .NET 10.0!
---------------------
SDK Version: 10.0.203

Telemetry
---------
The .NET tools collect usage data in order to help us improve your experience. It is collected by Microsoft and shared with the community. You can opt-out of telemetry by setting the DOTNET_CLI_TELEMETRY_OPTOUT environment variable to '1' or 'true' using your favorite shell.

Read more about .NET CLI Tools telemetry: https://aka.ms/dotnet-cli-telemetry

----------------
Installed an ASP.NET Core HTTPS development certificate.
To trust the certificate, run 'dotnet dev-certs https --trust'
Learn about HTTPS: https://aka.ms/dotnet-https

----------------
Write your first app: https://aka.ms/dotnet-hello-world
Find out what's new: https://aka.ms/dotnet-whats-new
Explore documentation: https://aka.ms/dotnet-docs
Report issues and find source on GitHub: https://github.com/dotnet/core
Use 'dotnet --help' to see available commands or visit: https://aka.ms/dotnet-cli
--------------------------------------------------------------------------------------
  Determining projects to restore...
  Restored C:\Projects\CFD-Workbench-win-smoke\src\CfdWorkbench.Analysis\CfdWorkbench.Analysis.csproj (in 895 ms).
  Restored C:\Projects\CFD-Workbench-win-smoke\tests\CfdWorkbench.Core.Tests\CfdWorkbench.Core.Tests.csproj (in 895 ms).
  Restored C:\Projects\CFD-Workbench-win-smoke\src\CfdWorkbench.Persistence\CfdWorkbench.Persistence.csproj (in 895 ms).
  Restored C:\Projects\CFD-Workbench-win-smoke\tests\CfdWorkbench.Analysis.Tests\CfdWorkbench.Analysis.Tests.csproj (in 895 ms).
  Restored C:\Projects\CFD-Workbench-win-smoke\src\CfdWorkbench.Core\CfdWorkbench.Core.csproj (in 895 ms).
  Restored C:\Projects\CFD-Workbench-win-smoke\src\CfdWorkbench.Cli\CfdWorkbench.Cli.csproj (in 895 ms).
  Restored C:\Projects\CFD-Workbench-win-smoke\tests\CfdWorkbench.Cli.Tests\CfdWorkbench.Cli.Tests.csproj (in 895 ms).
  Restored C:\Projects\CFD-Workbench-win-smoke\tests\CfdWorkbench.Desktop.Tests\CfdWorkbench.Desktop.Tests.csproj (in 5 sec).
  Restored C:\Projects\CFD-Workbench-win-smoke\src\CfdWorkbench.Desktop\CfdWorkbench.Desktop.csproj (in 5.01 sec).
  CfdWorkbench.Core -> C:\Projects\CFD-Workbench-win-smoke\src\CfdWorkbench.Core\bin\Debug\net10.0\CfdWorkbench.Core.dll
  CfdWorkbench.Analysis -> C:\Projects\CFD-Workbench-win-smoke\src\CfdWorkbench.Analysis\bin\Debug\net10.0\CfdWorkbench.Analysis.dll
  CfdWorkbench.Persistence -> C:\Projects\CFD-Workbench-win-smoke\src\CfdWorkbench.Persistence\bin\Debug\net10.0\CfdWorkbench.Persistence.dll
  CfdWorkbench.Cli -> C:\Projects\CFD-Workbench-win-smoke\src\CfdWorkbench.Cli\bin\Debug\net10.0\CfdWorkbench.Cli.dll
  CfdWorkbench.Cli.Tests -> C:\Projects\CFD-Workbench-win-smoke\tests\CfdWorkbench.Cli.Tests\bin\Debug\net10.0\CfdWorkbench.Cli.Tests.dll
  CfdWorkbench.Core.Tests -> C:\Projects\CFD-Workbench-win-smoke\tests\CfdWorkbench.Core.Tests\bin\Debug\net10.0\CfdWorkbench.Core.Tests.dll
  CfdWorkbench.Analysis.Tests -> C:\Projects\CFD-Workbench-win-smoke\tests\CfdWorkbench.Analysis.Tests\bin\Debug\net10.0\CfdWorkbench.Analysis.Tests.dll
C:\Projects\CFD-Workbench-win-smoke\src\CfdWorkbench.Desktop\CatalogDialog.axaml : Avalonia warning AVLN3001: XAML resource "avares://CfdWorkbench.Desktop/CatalogDialog.axaml" won't be reachable via runtime loader, as no public constructor was found [C:\Projects\CFD-Workbench-win-smoke\src\CfdWorkbench.Desktop\CfdWorkbench.Desktop.csproj]
C:\Projects\CFD-Workbench-win-smoke\src\CfdWorkbench.Desktop\SaveSectionDialog.axaml : Avalonia warning AVLN3001: XAML resource "avares://CfdWorkbench.Desktop/SaveSectionDialog.axaml" won't be reachable via runtime loader, as no public constructor was found [C:\Projects\CFD-Workbench-win-smoke\src\CfdWorkbench.Desktop\CfdWorkbench.Desktop.csproj]
  CfdWorkbench.Desktop -> C:\Projects\CFD-Workbench-win-smoke\src\CfdWorkbench.Desktop\bin\Debug\net10.0\CfdWorkbench.Desktop.dll
  CfdWorkbench.Desktop.Tests -> C:\Projects\CFD-Workbench-win-smoke\tests\CfdWorkbench.Desktop.Tests\bin\Debug\net10.0\CfdWorkbench.Desktop.Tests.dll

Build succeeded.

C:\Projects\CFD-Workbench-win-smoke\src\CfdWorkbench.Desktop\CatalogDialog.axaml : Avalonia warning AVLN3001: XAML resource "avares://CfdWorkbench.Desktop/CatalogDialog.axaml" won't be reachable via runtime loader, as no public constructor was found [C:\Projects\CFD-Workbench-win-smoke\src\CfdWorkbench.Desktop\CfdWorkbench.Desktop.csproj]
C:\Projects\CFD-Workbench-win-smoke\src\CfdWorkbench.Desktop\SaveSectionDialog.axaml : Avalonia warning AVLN3001: XAML resource "avares://CfdWorkbench.Desktop/SaveSectionDialog.axaml" won't be reachable via runtime loader, as no public constructor was found [C:\Projects\CFD-Workbench-win-smoke\src\CfdWorkbench.Desktop\CfdWorkbench.Desktop.csproj]
    2 Warning(s)
    0 Error(s)

Time Elapsed 00:00:28.99
