PASS Architecture_AnalysisAssembly_NoEditVerbsNoProfileAt
COST Architecture_AnalysisAssembly_NoEditVerbsNoProfileAt 372.384
GROUP Architecture 374
PASS RunKey_PinnedVector_HexEqual
COST RunKey_PinnedVector_HexEqual 400.404
PASS Project2_RoundTrip_ByteEqual
COST Project2_RoundTrip_ByteEqual 727.142
PASS Project1_NoRun_ByteIdenticalToToday
COST Project1_NoRun_ByteIdenticalToToday 544.824
PASS Project2_TodaysReader_FailsClosedCopy130
COST Project2_TodaysReader_FailsClosedCopy130 336.395
PASS RecordRun_SameRunIdTwice_Refused
COST RecordRun_SameRunIdTwice_Refused 132.063
PASS RecordRun_SameKeyTwice_OneCompletedRow
COST RecordRun_SameKeyTwice_OneCompletedRow 166.149
PASS RecordRun_StripGap_Refused
COST RecordRun_StripGap_Refused 148.430
PASS Tamper_EditedStripValue_RunUnavailable
COST Tamper_EditedStripValue_RunUnavailable 337.600
PASS Tamper_StoredKeySetToCurrent_RunUnavailable
COST Tamper_StoredKeySetToCurrent_RunUnavailable 331.013
PASS RevisionLabel_TwistEdit_OrdinalsAndRail
COST RevisionLabel_TwistEdit_OrdinalsAndRail 809.949
PASS RecordRun_DiagnosticsByOutcome_CompletedOnly
COST RecordRun_DiagnosticsByOutcome_CompletedOnly 324.511
PASS RecordRun_PanelProvisionalCode_ValidatedOldRowReads
COST RecordRun_PanelProvisionalCode_ValidatedOldRowReads 509.506
GROUP RunStore 4775
PASS Analysis_DraftOpen_EvaluatesAcceptedRevision
COST Analysis_DraftOpen_EvaluatesAcceptedRevision 691.767
PASS Evaluate_Supersede_OlderCancelledViaBarrier
COST Evaluate_Supersede_OlderCancelledViaBarrier 377.206
PASS Evaluate_Cancel_NoRowRecorded
COST Evaluate_Cancel_NoRowRecorded 258.037
PASS Evaluate_CloseMidCompute_DocClosedNoRow
COST Evaluate_CloseMidCompute_DocClosedNoRow 196.598
PASS OperatingPoint_SpeedZeroOrNegative_Undefined
COST OperatingPoint_SpeedZeroOrNegative_Undefined 93.957
PASS Telemetry_AnalysisRun_EmittedWithSubDurations
COST Telemetry_AnalysisRun_EmittedWithSubDurations 409.090
PASS Evaluate_SupersededBeforeCancel_RecordsNothing
COST Evaluate_SupersededBeforeCancel_RecordsNothing 202.599
PASS Evaluate_Supersede_CancelsOlderOutsideTheLock
COST Evaluate_Supersede_CancelsOlderOutsideTheLock 222.863
PASS Telemetry_UnexpectedException_OutcomeNotOk
COST Telemetry_UnexpectedException_OutcomeNotOk 148.175
PASS Evaluate_CancelledBeforeIdempotentHit_Throws
COST Evaluate_CancelledBeforeIdempotentHit_Throws 205.829
PASS Evaluate_SameKeyFromTwoServices_ReturnsRecordedRow
COST Evaluate_SameKeyFromTwoServices_ReturnsRecordedRow 201.578
PASS Evaluate_WaterOutsideTable_RefusedNoRow
COST Evaluate_WaterOutsideTable_RefusedNoRow 142.366
PASS Evaluate_ComputeFails_FailedRowHasNoDiagnostics
COST Evaluate_ComputeFails_FailedRowHasNoDiagnostics 314.882
PASS Evaluate_SectionStationsChanged_NewKeyNotAHit
COST Evaluate_SectionStationsChanged_NewKeyNotAHit 407.777
PASS Evaluate_ThrowingCancelCallback_NewerSourceReleased
COST Evaluate_ThrowingCancelCallback_NewerSourceReleased 257.431
PASS Evaluate_UncertifiedGeometry_RefusedNotAssessedNoCompute
COST Evaluate_UncertifiedGeometry_RefusedNotAssessedNoCompute 21.985
PASS Evaluate_TipChordBelowFloor_RefusedOpensAndEditsStillWork
COST Evaluate_TipChordBelowFloor_RefusedOpensAndEditsStillWork 326.255
GROUP Service 4479
PASS Loads_PolarUnavailable_WingDragNamesProfile
COST Loads_PolarUnavailable_WingDragNamesProfile 45.212
PASS Loads_RendersSafetyVerbatim
COST Loads_RendersSafetyVerbatim 2.356
PASS Loads_StiffnessReadoutBesideTc
COST Loads_StiffnessReadoutBesideTc 3.033
PASS Loads_MissingTerm_UnavailableNeverZero
COST Loads_MissingTerm_UnavailableNeverZero 2.274
PASS Loads_StructuralNotAssessed_ListComplete
COST Loads_StructuralNotAssessed_ListComplete 2.368
PASS Section_NoPolarStub_Unavailable
COST Section_NoPolarStub_Unavailable 2.201
PASS Strips_OutsideEnvelope_SectionBasedInference
COST Strips_OutsideEnvelope_SectionBasedInference 5.782
PASS Loads_UnitsLbf_KeyUnchanged
COST Loads_UnitsLbf_KeyUnchanged 3.465
PASS Loads_MomentDatumAndBodyAxes_Visible
COST Loads_MomentDatumAndBodyAxes_Visible 1.800
PASS Loads_ChartTwin_SameSource
COST Loads_ChartTwin_SameSource 5.356
PASS Loads_JudgedStripVerdictText_ProjectedVerbatim
COST Loads_JudgedStripVerdictText_ProjectedVerbatim 2.804
PASS Loads_ProvisionalVerdict_TextIsTipNotJudged
COST Loads_ProvisionalVerdict_TextIsTipNotJudged 0.248
PASS Loads_ProvisionalTip_NotOutside
COST Loads_ProvisionalTip_NotOutside 4.011
GROUP LoadsView 82
OBSERVED KT interior Cp RMS 100/200/400: 0.0325004 / 0.0152981 / 0.00742289; p 1.087 / 1.043; exact Cp_min -1.713603; |ΔCp_min| 0.116532 / 0.0596486 / 0.0276297
PASS PanelCp_KarmanTrefftz_InteriorOrderAndCpMin
COST PanelCp_KarmanTrefftz_InteriorOrderAndCpMin 104.194
OBSERVED default 200-panel KT Cp_min relative error 3.481%
PASS PanelCp_DefaultResolution_CpMinWithin4Percent
COST PanelCp_DefaultResolution_CpMinWithin4Percent 11.490
PASS RunKey_PanelCountAndTeExclusion_ChangeKey
COST RunKey_PanelCountAndTeExclusion_ChangeKey 1.063
GROUP PanelCp 117
OBSERVED panel α_L0 -4.14220529 deg, Cm_c/4 -0.124559429
PASS Section_ParabolicCamber_PanelZeroLiftAndMoment
COST Section_ParabolicCamber_PanelZeroLiftAndMoment 28.390
OBSERVED thin symmetric panel Cl slope: 6.26649016
PASS Section_ThinSymmetric_PanelClApproaches2PiSlope
COST Section_ThinSymmetric_PanelClApproaches2PiSlope 24.449
OBSERVED thin-camber panel α_L0 -4.62713572 deg, Cm_c/4 -0.125426269
PASS Section_ThinCambered_GlauertOracleOnly
COST Section_ThinCambered_GlauertOracleOnly 13.497
PASS Section_Ittc1957_TurbulentBound
COST Section_Ittc1957_TurbulentBound 12.453
OBSERVED section estimator default 200 panels: 26.049 ms
PASS Section_SourceStation_IndependentPanelResolution
COST Section_SourceStation_IndependentPanelResolution 107.052
PASS Section_CamberedPreparedPanel_ReusesMatrix
COST Section_CamberedPreparedPanel_ReusesMatrix 91.565
GROUP SectionEstimator 278
NeuralFoil fidelity max difference 2.4424906541753444E-15
PASS NeuralFoil_Fidelity_Python032
COST NeuralFoil_Fidelity_Python032 96.062
NeuralFoil end-to-end max difference 0.00078100128163666183
PASS NeuralFoil_EndToEnd_SectionToPolar_Python032
COST NeuralFoil_EndToEnd_SectionToPolar_Python032 66.750
PASS NeuralFoil_CorruptWeights_Refused
COST NeuralFoil_CorruptWeights_Refused 10.921
PASS NeuralFoil_CstFit_RecoversSection
COST NeuralFoil_CstFit_RecoversSection 1.962
PASS NeuralFoil_Source_ProducesPolarSample
COST NeuralFoil_Source_ProducesPolarSample 34.359
PASS NeuralFoil_Source_NoncomputableNamesReason
COST NeuralFoil_Source_NoncomputableNamesReason 1.660
PASS NeuralFoil_Envelope_Alpha_OutsideTraining_NonComputable
COST NeuralFoil_Envelope_Alpha_OutsideTraining_NonComputable 1.645
PASS NeuralFoil_Envelope_Re_OutsideTraining_NonComputable
COST NeuralFoil_Envelope_Re_OutsideTraining_NonComputable 1.105
PASS NeuralFoil_Envelope_Ncrit_OutsideTraining_NonComputable
COST NeuralFoil_Envelope_Ncrit_OutsideTraining_NonComputable 1.170
PASS NeuralFoil_Envelope_Alpha_InsideTraining_ComputedFlagged
COST NeuralFoil_Envelope_Alpha_InsideTraining_ComputedFlagged 10.147
PASS NeuralFoil_Envelope_Re_InsideTraining_ComputedFlagged
COST NeuralFoil_Envelope_Re_InsideTraining_ComputedFlagged 9.722
PASS NeuralFoil_Envelope_Ncrit_InsideTraining_ComputedFlagged
COST NeuralFoil_Envelope_Ncrit_InsideTraining_ComputedFlagged 9.303
PASS NeuralFoil_Envelope_Ncrit_IntermediateValue_Flagged
COST NeuralFoil_Envelope_Ncrit_IntermediateValue_Flagged 9.489
PASS NeuralFoil_Envelope_InsideBracket_NotFlagged
COST NeuralFoil_Envelope_InsideBracket_NotFlagged 12.601
MEASURE naca0012 match tolerance 0.0015 spike-open 0.00126 edited 0.00387 editedFitResidual 0.000173
PASS NeuralFoil_Family_EditedNaca0012_LosesValidatedFamily
COST NeuralFoil_Family_EditedNaca0012_LosesValidatedFamily 17.187
PASS NeuralFoil_Family_CatalogNaca0012_DerivedNotLabelled
COST NeuralFoil_Family_CatalogNaca0012_DerivedNotLabelled 10.501
PASS NeuralFoil_Envelope_CstResidual
COST NeuralFoil_Envelope_CstResidual 1.465
PASS NeuralFoil_Envelope_OutsideValidatedBracket
COST NeuralFoil_Envelope_OutsideValidatedBracket 10.687
PASS NeuralFoil_Confidence_Low_ComputedFlaggedNeverRefused
COST NeuralFoil_Confidence_Low_ComputedFlaggedNeverRefused 29.877
PASS NeuralFoil_Telemetry_EmittedOnNormalPath
COST NeuralFoil_Telemetry_EmittedOnNormalPath 21.296
COST NeuralFoil_InferencePerCall 9.040
PASS NeuralFoil_InferenceCost
COST NeuralFoil_InferenceCost 115.339
GROUP NeuralFoil 484
PASS PolarSample_DerivedFlags_EqualEvaluateAtWriteTime
COST PolarSample_DerivedFlags_EqualEvaluateAtWriteTime 34.351
PASS PolarSample_ReOutside_DerivedEqualsWriteTime
COST PolarSample_ReOutside_DerivedEqualsWriteTime 20.342
PASS PolarSample_LowConfidence_DerivedEqualsWriteTime
COST PolarSample_LowConfidence_DerivedEqualsWriteTime 12.976
GROUP PolarSeam 68
PASS F13b_WaterWithPolar_RetrievesAtBothNewRe
COST F13b_WaterWithPolar_RetrievesAtBothNewRe 6.188
PASS RunKey_PolarWeightsHashAndSize_ChangeKey
COST RunKey_PolarWeightsHashAndSize_ChangeKey 82.818
PASS Loads_TotalDrag_InducedPlusProfileOrNamesMissing
COST Loads_TotalDrag_InducedPlusProfileOrNamesMissing 9.115
PASS Polar_LowConfidence_AdvisoryReachesDragSums
COST Polar_LowConfidence_AdvisoryReachesDragSums 4.237
PASS DragBand_NcritValueOrderAndWingRatio
COST DragBand_NcritValueOrderAndWingRatio 3.509
PASS PolarReRange_ShowsValidatedBounds
COST PolarReRange_ShowsValidatedBounds 3.993
GROUP PolarNumerics 110
PASS SectionProjection_EstimatorLabel_DepthAware
COST SectionProjection_EstimatorLabel_DepthAware 871.013
PASS SectionProjection_EstimatorChip_Copy214
COST SectionProjection_EstimatorChip_Copy214 357.487
PASS SectionProjection_Values_ClCmAlphaL0PerSpan
COST SectionProjection_Values_ClCmAlphaL0PerSpan 375.940
PASS SectionView_CpOnProfile_DrawsAndPinsVik
COST SectionView_CpOnProfile_DrawsAndPinsVik 342.484
PASS SectionView_Speeds_FollowUnitsSwitch
COST SectionView_Speeds_FollowUnitsSwitch 952.648
PASS Cavitation_Screen_ValueStateAndFixedString
COST Cavitation_Screen_ValueStateAndFixedString 296.064
PASS Cavitation_PanelUnderread_MeasuredNotConstant
COST Cavitation_PanelUnderread_MeasuredNotConstant 291.385
PASS Section_StationsTable_ListsSolvedGoverningAndShownOnly
COST Section_StationsTable_ListsSolvedGoverningAndShownOnly 529.186
PASS Section_Cp_NoMethodString_Retired
COST Section_Cp_NoMethodString_Retired 6.484
PASS Section_CpUnavailable_NoProfileAndSolveFailed_Row10
COST Section_CpUnavailable_NoProfileAndSolveFailed_Row10 4.683
PASS Section_StripCdNoPolar_Copy210
COST Section_StripCdNoPolar_Copy210 2.212
PASS Polar_TierChipAndLabels_Dxm3
COST Polar_TierChipAndLabels_Dxm3 274.308
PASS Provenance_PolarMethodId_Shown
COST Provenance_PolarMethodId_Shown 4.077
PASS Polar_Confidence_PresentNotRecordedLow
COST Polar_Confidence_PresentNotRecordedLow 5.298
PASS Polar_TrippedSurface_NotComputed
COST Polar_TrippedSurface_NotComputed 272.549
PASS Drag_ProfileSources_BandBoundKeptApart
COST Drag_ProfileSources_BandBoundKeptApart 268.447
PASS Drag_StripsMissingCd_NamesCountNoSubstitute
COST Drag_StripsMissingCd_NamesCountNoSubstitute 2.653
PASS Drag_WingOnly_OneRow_Ruling109
COST Drag_WingOnly_OneRow_Ruling109 4.222
PASS Drag_TotalNoProfile_StillNamesProfile
COST Drag_TotalNoProfile_StillNamesProfile 1.495
PASS Drag_CdNonPositive_Undefined_Copy230
COST Drag_CdNonPositive_Undefined_Copy230 1.933
PASS FindAlpha_Dialog_ResultAndBasisRows
COST FindAlpha_Dialog_ResultAndBasisRows 4.236
PASS FindAlpha_NoRoot_FiveReasons
COST FindAlpha_NoRoot_FiveReasons 1.811
PASS Labels_Dx_EveryRowResolvesOnce
COST Labels_Dx_EveryRowResolvesOnce 2.258
PASS Labels_ReasonCodes_AllApprovedTextNoRawCode
COST Labels_ReasonCodes_AllApprovedTextNoRawCode 5.814
GROUP DxSection 4880
PASS NotResolved_OneChordwisePanel_TableValuesReadRuling161_LabelsDropBias
COST NotResolved_OneChordwisePanel_TableValuesReadRuling161_LabelsDropBias 959.408
PASS NotResolved_OneChordwisePanel_NoteReadsRuling161
COST NotResolved_OneChordwisePanel_NoteReadsRuling161 0.386
PASS NotResolved_FourChordwisePanels_TextsUnchanged
COST NotResolved_FourChordwisePanels_TextsUnchanged 1103.700
PASS NotResolved_TwoChordwisePanels_StillResolved_StructuralRuleNotMagnitude
COST NotResolved_TwoChordwisePanels_StillResolved_StructuralRuleNotMagnitude 1148.522
GROUP NotResolved 3212
PARTITION 1/2 of 22 groups
RESULT failures=0
