MEASURE F6 CL=0.42061592925327906/0.41906892443595928/0.41833189863013587 e=1.0188185139225328/1.0086149269437032/1.0035578493401365 pCL=1.0696906502345485 pE=1.0127005850952708
PASS F6_ObservedOrder
COST F6_ObservedOrder 1838.001
PASS F15_EllipticWing_InducedAngleUniform
COST F15_EllipticWing_InducedAngleUniform 51.270
PASS F15b_EllipticMidspan_InducedAngleMatchesCLOverPiAR
COST F15b_EllipticMidspan_InducedAngleMatchesCLOverPiAR 125.566
PASS F1_FlatPlate_RichardsonClAlphaTo2Pi
COST F1_FlatPlate_RichardsonClAlphaTo2Pi 8.422
PASS F3_SymmetricSection_ZeroLiftOddInAlpha
COST F3_SymmetricSection_ZeroLiftOddInAlpha 3.848
MEASURE F4 old/new CL=0.60575055333949734/0.60452364893213451 e=1.0395712302983457/1.0424404059939647
PASS F4_MirroredWing_NoSideForceRollYaw
COST F4_MirroredWing_NoSideForceRollYaw 4.242
PASS Vlm_PivotingSolve_ResidualAfterOneSolve
COST Vlm_PivotingSolve_ResidualAfterOneSolve 2.871
MEASURE F7 old/new CL=0.20146664110588428/0.20070967926230737 e=1.0137838953800433/1.016659534835832
PASS F7_LinearWashout_TipAlphaEffBelowRoot
COST F7_LinearWashout_TipAlphaEffBelowRoot 3.973
MEASURE camber n=32 tipAi=4.9134832961675823 CL=0.7813444609614606 kappa1=278.58700702313911 residualInf=7.8825834748386114E-15
MEASURE flat n=64 tipAi=1.933821211647083 CL=0.4011422254527226 kappa1=1103.3688595591279 residualInf=7.8270723236073536E-15
MEASURE camber n=64 tipAi=4.9576172097240709 CL=0.77842297648594483 kappa1=1104.0159763340032 residualInf=1.9761969838327786E-14
MUTANT camber camber-surface n64 tipAi=-3517875.3311168146 RED (fast bound)
PASS F18_Camber4_DefaultLatticeTipConverges
COST F18_Camber4_DefaultLatticeTipConverges 197.193
MEASURE washin n=32 tipAi=2.3539483509345644 CL=0.43881499746226654 kappa1=278.39617227117293 residualInf=3.1502578323738817E-15
MEASURE washin n=64 tipAi=2.3659569946913233 CL=0.43704989172738001 kappa1=1103.257371643844 residualInf=6.7862382380212694E-15
MUTANT washin camber-surface n64 tipAi=724.59732449951571 RED (fast bound)
PASS F19_Washin1_DefaultLatticeTipConverges
COST F19_Washin1_DefaultLatticeTipConverges 165.847
MEASURE straight-quarter-chord n=16 maxSweep=0
MUTANT front-bound sweep n=16 max=54.123060824810075 RED
MEASURE straight-quarter-chord n=32 maxSweep=0
MUTANT front-bound sweep n=32 max=70.129379106873941 RED
MEASURE straight-quarter-chord n=64 maxSweep=0
MUTANT front-bound sweep n=64 max=79.75827389052121 RED
PASS F20_EllipticStraightQuarterChord_SweepZero
COST F20_EllipticStraightQuarterChord_SweepZero 285.754
MEASURE F21 AR=40 nc=4 alphaL0=-4.5932249292995486 CL0=0.46885374199458946 CL5=0.9757049753470437
PASS F21_ParabolicCamber_ZeroLiftAngleThinAirfoil
COST F21_ParabolicCamber_ZeroLiftAngleThinAirfoil 9.479
PASS F16_BertinSmithSwept_ClAlpha3p443
COST F16_BertinSmithSwept_ClAlpha3p443 1.488
PASS Vlm_ClosingTip_FiniteAndListed
COST Vlm_ClosingTip_FiniteAndListed 8.123
PASS Vlm_NonFinite_RecordsFailedNotZero
COST Vlm_NonFinite_RecordsFailedNotZero 0.719
PASS Vlm_AlphaBeyondEnvelope_ShowsEnvelopeFinding
COST Vlm_AlphaBeyondEnvelope_ShowsEnvelopeFinding 3.237
GROUP Lattice 2713
PASS F8_Dihedral20_ClRatioToPlanar0p8938
COST F8_Dihedral20_ClRatioToPlanar0p8938 486.470
PASS F9_Ana03Arithmetic_LiftDragAndRatio
COST F9_Ana03Arithmetic_LiftDragAndRatio 1.060
PASS F10_Bookkeeping_NearFieldVsTrefftzWithinTolerance
COST F10_Bookkeeping_NearFieldVsTrefftzWithinTolerance 90.759
PASS F11_GeometryScaleK_CoefficientsInvariant
COST F11_GeometryScaleK_CoefficientsInvariant 62.438
PASS F12_SpeedScaleK_ForcesScaleK2
COST F12_SpeedScaleK_ForcesScaleK2 71.092
PASS F13a_FreshToSalt_ReFalls4p25Percent
COST F13a_FreshToSalt_ReFalls4p25Percent 46.570
PASS F17_GoldenMaster_ExampleFoilVector
COST F17_GoldenMaster_ExampleFoilVector 361.849
PASS Strip_ReLocal_UsesLocalChord
COST Strip_ReLocal_UsesLocalChord 1.045
PASS Reference_SrefAndSpan_FromWingEstimates
COST Reference_SrefAndSpan_FromWingEstimates 47.175
PASS Water_OutsideTable_Unavailable
COST Water_OutsideTable_Unavailable 694.541
PASS Provenance_WaterTableHash_Shown
COST Provenance_WaterTableHash_Shown 0.851
PASS Loads_AttachmentMoment_TransferAboutNamedPoint
COST Loads_AttachmentMoment_TransferAboutNamedPoint 0.790
PASS SolveResidual_FailedRunHasNoDiagnostics
COST SolveResidual_FailedRunHasNoDiagnostics 271.675
GROUP Strip 2137
PASS Freshness_SurfaceEdit_Historical
COST Freshness_SurfaceEdit_Historical 691.821
PASS Freshness_WaterChange_Historical
COST Freshness_WaterChange_Historical 271.768
PASS Freshness_OperatingPointChange_Historical
COST Freshness_OperatingPointChange_Historical 286.829
PASS Freshness_MethodVersionBump_Historical
COST Freshness_MethodVersionBump_Historical 265.932
PASS Freshness_EachSettingsField_Historical
COST Freshness_EachSettingsField_Historical 275.175
PASS Freshness_Pre117MethodVersion_HistoricalAndEvaluateComputesNew
COST Freshness_Pre117MethodVersion_HistoricalAndEvaluateComputesNew 315.491
PASS Freshness_UndoToEqualKey_CurrentAgain
COST Freshness_UndoToEqualKey_CurrentAgain 524.768
PASS Freshness_SaveReopen_Unchanged
COST Freshness_SaveReopen_Unchanged 455.507
PASS Units_Lbf_KeyUnchanged
COST Units_Lbf_KeyUnchanged 150.485
GROUP Freshness 3238
PASS Projection_SectionVsWingUnits
COST Projection_SectionVsWingUnits 35.777
PASS Projection_CdiZeroOrNegative_TotalDragMissing
COST Projection_CdiZeroOrNegative_TotalDragMissing 4.392
PASS Projection_TotalDragMissing_ClCdUnavailable
COST Projection_TotalDragMissing_ClCdUnavailable 1.949
PASS Projection_TrefftzLiftUsedForE
COST Projection_TrefftzLiftUsedForE 3.166
PASS Projection_ProvisionalTip_NotJudgedOutside
COST Projection_ProvisionalTip_NotJudgedOutside 4.621
PASS Projection_NoVerdicts_NonTipStripNeverReadsTipNotJudged
COST Projection_NoVerdicts_NonTipStripNeverReadsTipNotJudged 5.361
PASS Projection_InsideAndOutsideStrips_NeverTipNotJudged
COST Projection_InsideAndOutsideStrips_NeverTipNotJudged 4.281
PASS JudgeStrip_SweepBound_29p9InsideAnd30p1Outside
COST JudgeStrip_SweepBound_29p9InsideAnd30p1Outside 0.326
PASS Projection_ProvisionalVerdict_EmptyExceededNeverOutside
COST Projection_ProvisionalVerdict_EmptyExceededNeverOutside 2.712
PASS Projection_LegacyStripEdges_OmittedAndHashIntact
COST Projection_LegacyStripEdges_OmittedAndHashIntact 15.041
PASS Projection_OneMissingSpanEdge_WidthUnavailable
COST Projection_OneMissingSpanEdge_WidthUnavailable 2.441
PASS Projection_ExcludedClosingTip_UsesKeptStripEdges
COST Projection_ExcludedClosingTip_UsesKeptStripEdges 5.003
PASS Projection_NoRun_NoAnalysisYetNoLayers
COST Projection_NoRun_NoAnalysisYetNoLayers 1.739
PASS Projection_FailedLatest_PreviousRunHistoricalWithErrorCard
COST Projection_FailedLatest_PreviousRunHistoricalWithErrorCard 5.697
PASS Layers_DepthUnset_NoFreeSurfaceOrTipDepth
COST Layers_DepthUnset_NoFreeSurfaceOrTipDepth 4.321
PASS Provenance_RunContentHash_Shown
COST Provenance_RunContentHash_Shown 2.234
PASS Layers_ArrowLengthProportional_NormalDirection
COST Layers_ArrowLengthProportional_NormalDirection 2.897
PASS Layers_EveryVisualHasTwinAndChip
COST Layers_EveryVisualHasTwinAndChip 2.364
PASS Layers_UnavailableVectorNotDrawn_AbsenceStated
COST Layers_UnavailableVectorNotDrawn_AbsenceStated 3.926
PASS Layers_MomentArc_SenseFollowsSignAboutNamedDatum
COST Layers_MomentArc_SenseFollowsSignAboutNamedDatum 5.383
PASS Layers_MomentArc_RightHandPositiveXMatchesRootMoment
COST Layers_MomentArc_RightHandPositiveXMatchesRootMoment 5.805
PASS Layers_Vectors_BodyFrameSignConventionLabelled
COST Layers_Vectors_BodyFrameSignConventionLabelled 5.328
GROUP Projection 126
PASS Labels_ProfilePlates_Copy406To409
COST Labels_ProfilePlates_Copy406To409 0.958
PASS Labels_SaveRefusal_Ruling134Wording
COST Labels_SaveRefusal_Ruling134Wording 0.454
PASS Labels_CauseRows_Ruling155_ExactText
COST Labels_CauseRows_Ruling155_ExactText 1.577
PASS Labels_UnknownCode_GenericRowWithCode_Ruling155
COST Labels_UnknownCode_GenericRowWithCode_Ruling155 0.103
PASS Labels_UncertainSave_NamesNeitherSavedNorNotSaved_Copy421
COST Labels_UncertainSave_NamesNeitherSavedNorNotSaved_Copy421 0.465
PASS Labels_NoRawDocDslCodeAloneOnAProductSurface
COST Labels_NoRawDocDslCodeAloneOnAProductSurface 25.965
PASS Labels_NoStatusLineLeadsWithACode_Ruling158
COST Labels_NoStatusLineLeadsWithACode_Ruling158 29.080
PASS Labels_SaveRetryRows_Ruling158_ExactText
COST Labels_SaveRetryRows_Ruling158_ExactText 0.540
PASS Labels_SaveRetryNotConfirmed_OkCode_NeverPrintsOk_Ruling158
COST Labels_SaveRetryNotConfirmed_OkCode_NeverPrintsOk_Ruling158 0.115
PASS Labels_DraftUnavailable_Ruling158_ExactText
COST Labels_DraftUnavailable_Ruling158_ExactText 0.395
PASS Labels_DrawFailed_Copy439_Ruling159_BothForms
COST Labels_DrawFailed_Copy439_Ruling159_BothForms 0.152
PASS Depth_Unset_NoDeepWaterLabel
COST Depth_Unset_NoDeepWaterLabel 6.719
PASS Depth_HcBelow5_Copy46WithNumbers
COST Depth_HcBelow5_Copy46WithNumbers 2.658
PASS Depth_StationPiercing_EstimatorUnavailableFlagOnly
COST Depth_StationPiercing_EstimatorUnavailableFlagOnly 3.181
PASS Depth_SetAllSubmerged_TipMarginFrCopy47
COST Depth_SetAllSubmerged_TipMarginFrCopy47 2.308
PASS Labels_PerTier_FixedPartsAndOmissions
COST Labels_PerTier_FixedPartsAndOmissions 1.968
PASS Labels_Ruling118_ApprovedTextsAndDesignRows
COST Labels_Ruling118_ApprovedTextsAndDesignRows 25.778
PASS Labels_Copy364_Ruling119_TextAndDesignRow
COST Labels_Copy364_Ruling119_TextAndDesignRow 0.895
PASS Labels_DepthUnset_FreeSurfaceNotModelled
COST Labels_DepthUnset_FreeSurfaceNotModelled 1.117
PASS Depth_ShallowAtAnyStation_FreeSurfaceNotModelled
COST Depth_ShallowAtAnyStation_FreeSurfaceNotModelled 3.961
PASS Projection_NoBareUnavailable_EveryStateCarriesItsReason
COST Projection_NoBareUnavailable_EveryStateCarriesItsReason 21.862
PASS Projection_TotalDrag_OneReasonString
COST Projection_TotalDrag_OneReasonString 2.692
PASS Projection_DragWingOnly_OneRow_ImperialLbf
COST Projection_DragWingOnly_OneRow_ImperialLbf 8.597
PASS Labels_Ruling109And101_ConstantsMatchTheirRows
COST Labels_Ruling109And101_ConstantsMatchTheirRows 1.121
PASS Projection_TamperedRun_NoteIsCopy274UnderCopy211
COST Projection_TamperedRun_NoteIsCopy274UnderCopy211 1.190
PASS Projection_HistoricalResult_TierChipReadsHistoricalVlmStrip
COST Projection_HistoricalResult_TierChipReadsHistoricalVlmStrip 6.450
PASS Labels_ConditionsSummary_Copy280Form_FollowsUnits
COST Labels_ConditionsSummary_Copy280Form_FollowsUnits 0.470
PASS Labels_ChartAndChipConstants_MatchTheirRows
COST Labels_ChartAndChipConstants_MatchTheirRows 0.960
PASS Envelope_RunVerdict_BesideCL_FullBound
COST Envelope_RunVerdict_BesideCL_FullBound 3.047
PASS Envelope_EOutOfBand_AdvisoryNotBlocking
COST Envelope_EOutOfBand_AdvisoryNotBlocking 2.437
PASS Labels_EAboveOne_LatticeAttributionOnlyMeasuredBand
COST Labels_EAboveOne_LatticeAttributionOnlyMeasuredBand 22.129
PASS Labels_VerifiedLattice_NamesFixtureScope
COST Labels_VerifiedLattice_NamesFixtureScope 0.287
PASS Station_StripReadout_EnvelopeVerdictPerPart
COST Station_StripReadout_EnvelopeVerdictPerPart 4.988
PASS Station_StripReadout_ReAgainstPolarRange
COST Station_StripReadout_ReAgainstPolarRange 2.056
PASS Station_StripReadout_NotModelledList
COST Station_StripReadout_NotModelledList 2.083
PASS Units_Imperial_NoAnalysisRowKeepsNewtonsPerMetre
COST Units_Imperial_NoAnalysisRowKeepsNewtonsPerMetre 4.547
PASS Copy_AnalysisStrings_MatchDesignMd
COST Copy_AnalysisStrings_MatchDesignMd 23.083
PASS Lab01_EveryProjectionString_Lints
COST Lab01_EveryProjectionString_Lints 2.958
GROUP Labels 222
PASS Cavitation_ScreenString_NamesStationCount
COST Cavitation_ScreenString_NamesStationCount 1.383
PASS Cavitation_Margin15Percent_Applied
COST Cavitation_Margin15Percent_Applied 7.500
PASS Cavitation_NegCpMinNonPositive_Undefined
COST Cavitation_NegCpMinNonPositive_Undefined 0.457
PASS Cavitation_PvOrDepthMissing_Unavailable
COST Cavitation_PvOrDepthMissing_Unavailable 0.366
PASS Cavitation_GoverningStation_AtAlphaEffAndLocalDepth
COST Cavitation_GoverningStation_AtAlphaEffAndLocalDepth 25.995
PASS Cavitation_GoverningStation_MinLocalRatio
COST Cavitation_GoverningStation_MinLocalRatio 8.645
PASS Cavitation_DepthRotation_PositiveAftRise
COST Cavitation_DepthRotation_PositiveAftRise 2.527
PASS Cavitation_SurfacePiercingAndInvalidWater_DistinctReasons
COST Cavitation_SurfacePiercingAndInvalidWater_DistinctReasons 0.330
GROUP Cavitation 48
MEASURE warm whole-wing section tier 1116.564 ms at 200 panels
FAIL Section_WingRun_PanelValuesAtEveryStation InvalidOperationException: warm 200-panel whole-wing section tier exceeded 1 s
COST Section_WingRun_PanelValuesAtEveryStation 1145.936
PASS Section_ProvisionalAndProjectionRows
COST Section_ProvisionalAndProjectionRows 14.874
PASS Section_SurfacePiercing_EstimatorUnavailable
COST Section_SurfacePiercing_EstimatorUnavailable 2.285
OBSERVED analysis.run panelCandidates 2
PASS Section_AnalysisRunEvent_CarriesPanelCandidateCount
COST Section_AnalysisRunEvent_CarriesPanelCandidateCount 632.501
OBSERVED near-tie: thick 200-ratio 0.7658, thin 200-ratio 0.7889; thin under-read 16.51%; thick 3.93%; governing eta 1
PASS Section_NearTie_GoverningReSelectedAt400
COST Section_NearTie_GoverningReSelectedAt400 527.330
OBSERVED thin station not measured in the run; UnderreadAt = 10.81% at alpha 0.5
PASS Section_ThinStationOutsideNearTie_NotMeasured
COST Section_ThinStationOutsideNearTie_NotMeasured 206.362
PASS Section_UniformWing_CandidateCountCappedAtFour
COST Section_UniformWing_CandidateCountCappedAtFour 535.208
PASS Section_GoverningEstimate_Cambered_Matches400Panels
COST Section_GoverningEstimate_Cambered_Matches400Panels 799.465
OBSERVED 6%-thick 200-vs-400 under-read at alpha 3: 3.598%
OBSERVED 6%-thick 200-vs-400 under-read at alpha 6: 4.385%
PASS Section_SixPercentThick_TwoGridUnderread_Measured
COST Section_SixPercentThick_TwoGridUnderread_Measured 250.963
PASS Section_GoverningStation_ScreenAndCpMinFrom400Panels
COST Section_GoverningStation_ScreenAndCpMinFrom400Panels 625.157
PASS Section_AdaptivePanelMethod_OldRunReadsHistorical
COST Section_AdaptivePanelMethod_OldRunReadsHistorical 1.874
GROUP SectionSeam 4742
PASS Provenance_RunInputsWaterAndChangedSince
COST Provenance_RunInputsWaterAndChangedSince 150.383
GROUP ProvenanceSeam 151
PASS FindAlpha_TargetCL_RootWithinTolerance
COST FindAlpha_TargetCL_RootWithinTolerance 85.162
PASS FindAlpha_NoRoot_UnavailableWithReason
COST FindAlpha_NoRoot_UnavailableWithReason 0.487
PASS FindAlpha_ZeroLift_BracketedRoot
COST FindAlpha_ZeroLift_BracketedRoot 0.308
PASS FindTakeoff_RetrievesLoadAtEachSpeed
COST FindTakeoff_RetrievesLoadAtEachSpeed 0.867
PASS FreeSurface_A52_FactorsBesideDeepWater
COST FreeSurface_A52_FactorsBesideDeepWater 1.037
PASS FreeSurface_A52_EachEnvelopeAxis
COST FreeSurface_A52_EachEnvelopeAxis 0.489
GROUP OperatingSearch 89
PASS Tip_LowRe_TipReasonPrecedesReUnavailable
COST Tip_LowRe_TipReasonPrecedesReUnavailable 2.664
PASS Tip_ConsistencyEdge_RecomputedWithPolarSlope
COST Tip_ConsistencyEdge_RecomputedWithPolarSlope 2.767
PASS Tip_ConfidenceNeverClearsNotJudged
COST Tip_ConfidenceNeverClearsNotJudged 0.427
GROUP TipPolar 6
PASS SectionForce_FreeStreamAxes_LiftPerpendicularDragParallel
COST SectionForce_FreeStreamAxes_LiftPerpendicularDragParallel 8.027
PASS SectionForce_Anchor_CpNearZeroAndOffSection_Ruling128And130
COST SectionForce_Anchor_CpNearZeroAndOffSection_Ruling128And130 7.103
PASS SectionForce_Imperial_ForceAndMomentPerSpan
COST SectionForce_Imperial_ForceAndMomentPerSpan 6.745
PASS SectionForce_RunScale_LiftFixedByLargestStripDragByRule
COST SectionForce_RunScale_LiftFixedByLargestStripDragByRule 3.763
PASS SectionForce_Labels_EqualTheirDesignRows_Ruling130
COST SectionForce_Labels_EqualTheirDesignRows_Ruling130 3.689
PASS SectionForce_LatticeBias_SingularForOnePanel_PluralOtherwise_TrackNum
COST SectionForce_LatticeBias_SingularForOnePanel_PluralOtherwise_TrackNum 0.104
MEASURE NUM nc=1 Example foil: couple 1.776E-015 N.m/m, q c^2 1.909E+002 N, ratio 9.306E-018
PASS SectionForce_OneChordwisePanel_CoupleIsRoundOff_ShownAsZero_TableAndProfile_TrackNum
COST SectionForce_OneChordwisePanel_CoupleIsRoundOff_ShownAsZero_TableAndProfile_TrackNum 1051.144
PASS SectionForce_FourChordwisePanels_CoupleUnchanged_TrackNum
COST SectionForce_FourChordwisePanels_CoupleUnchanged_TrackNum 1.079
GROUP SectionForce 1082
PARTITION 2/2 of 22 groups
RESULT failures=1
