PASS Canonical_Rfc8785_0000000000000001
PASS Canonical_Rfc8785_ffefffffffffffff
PASS Canonical_Rfc8785_4430000000000000
PASS Canonical_Rfc8785_44b52d02c7e14af7
PASS Canonical_Rfc8785_444b1ae4d6e2ef50
PASS Canonical_Rfc8785_41b3de4355555553
PASS Canonical_Rfc8785_41b3de4355555556
PASS Canonical_Rfc8785_43143ff3c1cb0959
PASS Decimal_HugeZeroExponent_NormalizesZero
PASS Decimal_UnicodeDigits_RefusesLexically
PASS Decimal_MaximumIntegerScale_RefusesBeforeAllocation
PASS Canonical_ExponentBoundary_UsesEcmaSpelling
PASS Catalog_HashMismatch_CatUnavailable
PASS Catalog_Fairings_NeverListed
PASS Catalog_GenNeverThroughDatParse
PASS Provenance_LegacyDatForm_ParsesAsDat
PASS Provenance_MoveAfterReplace_MarkedModified
DRIFT dat-rotation max_abs=0 limit=1e-06
PASS RecordPath_DatRotation_ReplaceBytesWithinIdentityTolerance
DRIFT handle-polar-section max_abs=0 limit=1e-06
DRIFT handle-polar-target max_abs=6.1232339957367663E-18 limit=1e-06
PASS RecordPath_HandlePolar_SetTangentAndHandleTargetWithinIdentityTolerance
PASS Ruling15_UnknownUnits_DoNotInventOverflow
PASS Ruling15_KnownOverflow_PrecedesBadReference
PASS Ruling15_BoundMeters_OverflowLexically
PASS Parse_FoilGrammar_RecognizesAllChannels
PASS Parse_InvalidVersion_ReportsVersion
PASS Parse_IncompleteSource_ReportsSyntax
PASS Parse_SyntaxAfterStructuralError_ReportsSyntaxFirst
PASS Parse_UnknownTailInUnsupportedSection_ReportsSyntax
PASS Source_PublicConstructor_CannotForgeSuccess
PASS Parse_FoilSpoofedEof_RejectsTail
PASS Parse_OneAssignment_ReportsSyntax
PASS Diagnostic_MissingReference_NamesTarget
NACA0012 residual root 1.9396237357308119E-07 m tip 1.9396237357308127E-08 m vertices 10 normalised 1.5267551620040676E-06
PASS NewDefault_SectionResidualWithinAcceptance
chord oracle deviation 0.011972960968201975 m tip error 3.4694469519536142E-18 m
PASS NewDefault_PlanformNearElliptic
PASS Parse_TangentRowOnControlPoint_DslLock
PASS Parse_SixteenChannelPointsUnder41_Parsed
PASS Parse_Foil41RoundTrip_RandomRowsStable
PASS EnsureHeader41_FirstRow_HeaderRewritten
PASS Ruling18_ConstantTwist_1e-300_QueriesComplete
PASS Ruling18_ConstantTwist_-5e-324_QueriesComplete
PASS Ruling18_FiniteBinary64QueryBoundaries_CompleteBothSidesAndPorts
PASS Geometry_PlacementWidthBeyondBudget_NotAssessed
PASS Geometry_CallerCannotRaiseWorkCeiling
PASS Geometry_NormalizedSection_PropagatesExactMaximumEnclosure
PASS Geometry_RepeatedInteriorKnots_ContinuousCertificate
PASS Geometry_ProvenNegativeChord_IsInvalid
PASS Geometry_CommonBasisProfile_ContinuousCertificate
PASS Geometry_UpperLowerCrossing_BlocksCertificate
PASS Geometry_MissingIds_NotCertified
PASS Assess_SmoothRowOffByHalfDegree_Invalid
MEASURE twist_domain_degrees=57.295779513082323
PASS Geometry_TwistDomain_LargestAssessableDegreesPinned
PASS Assess_TwistNextBinary64PastDomain_NotAssessed
PASS Assess_TwistSmoothRowOrdinateOffByTwoTolerances_Invalid
PASS ProofBudget_HoldsNoClock
PASS ProofBudget_ReadOnAnotherThread_Throws
PASS GroupGesture_IncludesTipVertex_HoldsWholeGroupAtMinimum
PASS GroupGesture_NeighbourSpacing_HoldsWholeGroupRigid
PASS GroupGesture_ValueOnlyMember_HoldsSpanForGroup
PASS GroupGesture_HandleWithoutAnchor_Refused
PASS GroupGesture_End_CarriesMembers
PASS ApplyGroupValue_AnyViolation_NothingApplied
PASS ApplyGroupValue_MoveByPastTip_NamesMaxAmount
PASS Blend_Endpoints_EqualStationProfiles
PASS Blend_ThreeStations_ContinuousAtMiddle
PASS Blend_FourDifferingStations_Certify_SevenRefusedByOperations
PASS Ruling17_NativeUnsupportedEvaluator_PrecedesSourceAdoption
PASS Ruling16_IncompleteRecovery_DiagnosticsRemainSourceAndGenerationBound
PASS Session_Preview_HasOwnedBindingAndMeasuredRedactedEvents
PASS Session_Telemetry_EmitsNamedInnerPhases
PASS Session_EmptyRecovery_RoundtripsWithoutAdoption
PASS Session_Close_DiscardsTelemetryAndRefusesMutation
PASS Session_RecoveryRoundtrip_OfferedBeforeResume
PASS Native_FabricatedRedo_RefusesWholeImage
PASS Session_IdCandidate_NeedsExplicitAcceptance
PASS Session_OutwardDraftMutation_CannotRetargetOrRewrite
PASS Session_CancelledValidation_CannotApply
NATIVE-ENV os=10.0.26300.0 arch=X64 filesystem=NTFS
PASS WindowsNative_Environment_RealNtfsX64
SHARE-READ-DELETE NTSTATUS=0x00000000 IO_STATUS=0x00000000 Win32=0 old=FileIdentity { Volume = 3611534147413010381, Low = 7036874418578465, High = 0 } new=FileIdentity { Volume = 3611534147413010381, Low = 3377699721339938, High = 0 } held_bytes=0101 fresh_bytes=020202 temp_exists=false
PASS WindowsNative_Replace_ShareReadDeleteReaderKeepsOldImage
PASS WindowsNative_ClaimDispose_HeldObserverNamespaceRemoved
COLLISION-RAW NTSTATUS=0xc0000035; IO_STATUS=0x00000000; Win32=183: Cannot create a file when that file already exists.
PASS WindowsNative_CreateOnly_CollisionPreservesBothObjects
FAIL Library_EntryBytes_ParseAsStandaloneSection ContractError: DOC-UNSUPPORTED-PERSISTENCE
PASS Library_CrossingSection_RefusedInvalid
FAIL Library_ScanNameCollision_BothReported ContractError: DOC-UNSUPPORTED-PERSISTENCE
PASS Library_UnprovedPlatform_RefusedNothingSaved
PASS Profile_PatchPoint_RoundTripsAndChangesOnlyThatCv
PASS Profile_UpperCrossesLower_ReportsCross
PASS Profile_UnknownVertex_RefusesTarget
PASS Profile_Retry_SameOperationIsIdempotent
PASS Parse_TangentsBeforeIds_RefusedDslSyntax
PASS Profile_RecoveryRoundtrip_ResumesSameProfileTarget
PASS Receipt_SectionRecovery_RoundTripsExpandOnly
PASS Reopen_LegacyInsertDeleteFairRebuildReceipts_StillCheck
PASS Receipt_ForgedSectionRailUnknownProfile_DocReference
PASS Solve_ExactPolynomial_ReproducesControlOrdinates
PASS Fair_TinyTolerance_DoesNotAcceptAShapeChange
PASS Profile_Insert_PreservesShape_UndoRedo
PASS Profile_Delete_RefusesFloorAndFixedEnds
PASS Profile_Insert_IndependentCopiesFirst
PASS Rebuild_TenVertices_CertifiedOneUndoItem
PASS DatImport_Naca0012_LednicerGivesSameProfileBlock
PASS DatImport_Provenance_ContainsSha256OfOriginalBytes
IMPORT-BASIS: refused No point spacing from 8 to 16 points holds a .dat file within 10 µm: the closest is 15351.50 µm (12.7929 % chord; limit 10 µm at 120 mm). Nothing changed.
PASS DatImport_Reflexed_ExampleTip_RefusedCatResidualNothingChanged
RPL preview 4412 shared (scan 8..15) first 128.1 ms, again 105.9 ms
RPL 4412 own-15 residual 5.59 um; largest change 4.91 mm at x 0.396
PASS Replace_SharedExample4412_OwnSpacing15PointsCertified
PASS Replace_AfterMakeUnique_NoOrphanParses
PASS Replace_UniqueRootCambered_RefusedCatSpacingNothingChanged
PASS Replace_AcceptanceUsesLargestReplacedChord
PASS Replace_MySectionsEntrySameSpacing_ExactCopy
PASS Replace_InnerRedo_ReappliesSource
PASS Replace_StalePreviewAfterTypingOrStep_Refused
PASS SectionEdits_ReplaceStep_NeverApplied
