PASS Canonical_Rfc8785_8000000000000000
PASS Canonical_Rfc8785_7fefffffffffffff
PASS Canonical_Rfc8785_c340000000000000
PASS Canonical_Rfc8785_44b52d02c7e14af6
PASS Canonical_Rfc8785_444b1ae4d6e2ef4f
PASS Canonical_Rfc8785_3eb0c6f7a0b5ed8d
PASS Canonical_Rfc8785_41b3de4355555555
PASS Canonical_Rfc8785_becbf647612f3696
PASS Decimal_Halfway_RoundsToEven
PASS Decimal_HugeNonzeroExponent_RefusesBeforeAllocation
PASS Decimal_TrailingNewline_RefusesNonToken
PASS Canonical_NegativeZero_Normalizes
PASS Catalog_GenEntries_RegenerateToRecordedHash
PASS Catalog_VendAndLink_NoCoordinates
PASS CatalogGenerator_ClosedTe4412_ChordFrameLeAtMinimumX
PASS Provenance_FormatParse_RoundTrip
PASS Provenance_Rights_DerivedFromOrigin
PASS NewDefault_ControlPointDoubles_BitGolden
DRIFT tangent-angle max_abs=0 limit=1e-06
PASS RecordPath_TangentAngle_FairBytesWithinIdentityTolerance
PASS Ruling17_LegacySource_RefusedWithOriginalBytes
PASS Ruling15_UnknownChannel_DoesNotInventOverflow
PASS Ruling15_BoundMillimeters_CompensateLargeDecimal
PASS Ruling15_UnknownEvaluator_PreventsGuessedConversion
PASS Parse_Assertions_RecognizesWholeGrammar
PASS Parse_InvalidReference_ReportsReference
PASS Parse_LexicalErrorAfterVersionError_ReportsLexicalFirst
PASS Parse_NumberWordWithoutWhitespace_ReportsLexical
PASS Source_OutwardMutation_PreservesAuthority
PASS Parse_StandaloneAsset_IsSyntaxError
PASS Parse_LateNumericOverflow_PrecedesStructuralFailure
PASS Diagnostic_CurveError_NamesCurveAndRequirement
PASS NewDefault_ParsesAndCertifies
planform deviation 0.011972960968201975 m analytic MAC 0.10787865603554626 m fitted MAC 0.11038811028541452
PASS NewDefault_WingEstimates_AreaAndAspectRatioExact
PASS Parse_TangentsUnder40_DslSyntax
PASS Parse_ElevenChannelPointsUnder40_DslCurve
PASS Parse_Foil42UnknownBlock_DslVersion
PASS Identity_Header41RewriteSameGeometry_DefinitionHashUnchanged
PASS Ruling18_ConstantTwist_0_QueriesComplete
PASS Ruling18_ConstantTwist_5e-324_QueriesComplete
PASS Ruling18_QueryEnvironmentalOutcomes_SeparateFromDeterministicCaps
PASS Geometry_TwistOutsideWholeDomainTaylorProof_NotAssessed
PASS Geometry_ExhaustedWorkLimit_ProducesNoCertificate
PASS Geometry_PlacedTip_MirrorsOnlySpan
PASS Geometry_DyadicBezier_EnclosesIndependentExactMaximum
PASS Geometry_SubnormalPositiveChord_Admitted
PASS Geometry_UnsupportedBasis_DistinguishedFromUncertainty
PASS Geometry_InteriorNegativeThickness_BlocksCertificate
PASS Geometry_RootLockViolation_BlocksCertificate
PASS Assess_SmoothRowSatisfied_Certified
PASS Assess_SixteenPointThreeAnchors_WorkCountBounded
PASS Assess_TwistAtDomainLimit_Certified
PASS Assess_SmoothRowOnTwistChannel_Certified
PASS Assess_SmoothRowOnDihedral_Certified
PASS ProofBudget_SameProof_SameWorkAndExactBoundary
PASS GroupGesture_Translates_AllMembers_OneDraft
PASS GroupGesture_RootBelow250_NeverClamps
PASS GroupGesture_FixedMember_RefusedNamingLock
PASS GroupGesture_AnchorBringsHandles
PASS GroupGesture_LegacyTipUnderMinimum_HoldsAtPressChord
PASS ApplyGroupValue_MoveBy_AllShifted
PASS ApplyGroupValue_TwistSetToOutOfDomain_ReportsThePointAndTheRangeAsData
PASS Blend_TwoProfiles_Certified
PASS Blend_Midpoint_CamberIsMeanAndThicknessPeaksAtOne
Blend heap differential: 320 cases, 81 both refused, worst comparisons/bound 0.844, 392.6 ms
PASS Blend_HeapMaximum_MatchesListOracleAndComparisonBound
PASS Ruling17_LegacySourceAndNative_NoAdoptionOrSilentRehash
PASS Ruling16_MissingIdsAreUnaccepted_AndInvalidSourceHasDiagnostics
PASS Ruling16_AuthoredAssertionsAndExactSi_AreInspectionOnly
PASS Session_OperationIdDifferentPayload_Conflicts
PASS Session_PublicSizeCap_CannotExceedReadableFormat
PASS Session_LocalTelemetry_BoundedAndNoSourceIdentity
PASS Session_ConcurrentSameGeneration_ExactlyOneMutation
PASS Session_HistoryGrowthRefusal_IsAtomic
PASS Native_DuplicateKey_Refuses
PASS Session_StaleGeneration_LeavesDraftUnchanged
PASS Session_OldAssessment_AfterDraftUpdateCannotApply
PASS WindowsStore_Unqualified_ProductionAdmissionRemainsClosed
PASS WindowsNative_RelativeCreate_PrivateAclBeforeAnyBytes
FAIL WindowsNative_Replace_HeldReaderKeepsOldImage NativeFailure: NTSTATUS=0xc0000043; IO_STATUS=0x00000000; Win32=32: The process cannot access the file because it is being used by another process.
WIN32-EX22-NULL-ROOT-ABSOLUTE NTSTATUS=not recorded IO_STATUS=not recorded Win32=0
WIN32-EX22-NULL-ROOT-ABSOLUTE identity=FileIdentity { Volume = 3611534147413010381, Low = 7881299348710433, High = 0 } bytes=0405 source_exists=False destination_exists=True
WIN32-CLASS3-ROOTED NTSTATUS=not recorded; IO_STATUS=not recorded; Win32=87: The parameter is incorrect.
WIN32-CLASS3-ROOTED identity=FileIdentity { Volume = 3611534147413010381, Low = 8162774325421089, High = 0 } bytes=0405 source_exists=True destination_exists=False
PASS WindowsNative_Rename_AttributionNullRootExAndRootedLegacy
FAIL Library_Save_PublishesHashNamedFile ContractError: DOC-UNSUPPORTED-PERSISTENCE
PASS Library_EmptyName_Refused
PASS Library_HashNotName_ListedAsProblem
FAIL Library_WriteFails_NothingPublished InvalidOperationException: Expected LIB-IO; actual DOC-UNSUPPORTED-PERSISTENCE
FAIL Library_UserFileHeldReader_SurvivesReplaceByRename UnauthorizedAccessException: Access to the path is denied.
PASS Profile_PairedAbscissa_MovesSameIndexAndUndoRestores
PASS Profile_AbscissaPastNeighbour_RefusesOrder
PASS Profile_Cancel_RestoresExactBytes
PASS MakeIndependent_TangentRow_NoDslPatch
PASS Profile_MakeIndependent_MiddleStationSplitsIntervals
PASS Session_RecoveryEnvelope_MissingProfileTarget_RefusesAtLoad
PASS Reopen_LegacyProfileRecovery_ResumesAsSectionDraft
PASS Receipt_SectionMakeUnique_ChildOnlyName_Accepted
PASS ReopenSectionDraft_FinishedSection_TypesAndKindsAsSaved
PASS Fair_ExampleWithinTolerance_KeepsShapeContract
PASS Fair_Tangency_KeepsSecondAndPenultimateOrdinates
PASS Profile_DeleteInterior_ReportsDeviation
PASS Profile_Insert_RefusesOutsideChord
PASS Fair_UnsatisfiableTolerance_StepRefused
PASS DatImport_Naca0012_SeligFitAndSessionCycle
PASS DatImport_MalformedInput_ReportsLineNumber
IMPORT-BASIS: own 7.416653450773264E-05
PASS DatImport_Naca2412_ExampleTip_SharedReplaceOwnSpacing
PASS ImportDat_AfterMakeUnique_NoDslPatch
PASS Replace_NoOwnSpacingWithin10um_DisabledBestNumber
PASS Replace_UniqueRootSymmetric_FitsCurrentSpacingKeepsPoints
PASS Replace_ChainOwnFifteen_DisclosesCount
PASS Replace_ResidualJustUnder10um_Accepted
PASS Replace_InnerUndo_RestoresBytesAndChip
PASS Replace_FinishSection_OneUndoStep
PASS Replace_Preview_CatalogUnavailable_EventRecordsRefusal
PASS Guard_TwentySevenSpansDiffering_Certifies
PASS Replace_FourDifferingSections_Certified_SevenRefusedCopy194b
PASS Replace_OwnSpacing_ListsDroppedRows
RPL rotated 0.5 deg: records 0.00 um apart; reported turn 0.5000 deg; fit 5.59 um
PASS Replace_RotatedSource0.5Deg_SameRecordAsUnrotated
PASS Replace_CurrentSpacing_KeepsAngleSmoothSymmetricRows
RPL pinned 0012 9.747 um; 4412 own-15 5.589 um both ways (5.383 um one way) on the generator's 81 stations; 5.540 um both ways on the 201-sample closed form
PASS Replace_DesignNumbers_PinnedAtHundredthMicrometre
PASS Reopen_Fair_AcceptedRoundtripsUndoRedo
