gmsh: load1_start=5.60 status=0 wall_s=3 waited_s=0 load1_end=5.60
te_arc_root_curves=2 te_arc_root_segments=8 Mesh.MinimumCirclePoints=7
gmsh_wing_surface_elements=11640 layer_prisms=162960 expected=162960 layer_coverage=100.00% core_cells=106811 symmetry_lateral_surfaces=4
layer_total_thickness_m=4.7357e-04 first=8e-06 ratio=1.2 n=14
msh_sha256=3dbb5c1870951f14f9aae478abc2e2cbb1caf026b789b0efb66b9bd0f9d33b91 msh_bytes=20133896
launcher-record: init files=13 manifest=851668829f02 record=runs/.launcher/3545bd9e4f5387849399
status=0 wall_s=1 peak_rss_bytes=278642688 banner=Disallowing log=runs/20261005T190229Z-spike03-s4-tipcoupon-v3/log.gmshToFoam
patches: ['wing', 'symmetry', 'farfield']
launcher-record: updated files=22
status=0 wall_s=2 peak_rss_bytes=320487424 banner=Disallowing log=runs/20261005T190229Z-spike03-s4-tipcoupon-v3/log.checkMesh
status=0 wall_s=1 peak_rss_bytes=168427520 banner=Disallowing log=runs/20261005T190229Z-spike03-s4-tipcoupon-v3/log.postProcess-C
GATE (DR-F3-1 A) FAIL: non_orthogonality_le_70=FAIL skewness_le_4_internal_20_boundary=ok volumes_positive=ok face_pyramids_ok=ok face_weight_ge_0.05=ok checkMesh_validity_set_without_determinant=ok layers_20_on_ge95pct_and_ge10_on_100pct=FAIL
  max_non_orthogonality=85.2434029223 faces_gt_70=213 max_skewness=1.76039927861 min_face_weight=0.0506245505748 min_volume=2.9257914639e-14 min_determinant=0.0 (reported, not gated)
  checkMesh *** lines: ['***Cells with small determinant (< 0.001) found, number of cells: 78009']
  layers: wing_faces=11640 layer_prisms=162960 expected=162960 (100.00 %); te_arc_root_segments=8; stack=4.7357e-04 m
cells=269771 by type: prism=162960 tet=106811
faces > 70 deg (nonOrthoFaces): n=213 primary main=9 tip=29 tip_pole=175 | flags tip_pole=175 te=68 root=0 interface=1 tip=204 edge=0 | wall distance min/median/max = 2.27e-07/6.38e-05/9.19e-04 m (stack 4.74e-04)
    main: cell pairs (5 prism, 7 tet) 5-5:9; x/c 0.9801..0.9805, z 0.0249..0.0249 m
    tip: cell pairs (5 prism, 7 tet) 5-5:22 7-7:7; x/c 0.9803..0.9873, z 0.0251..0.0261 m
    tip_pole: cell pairs (5 prism, 7 tet) 5-5:168 5-7:1 7-7:6; x/c 0.9867..0.9968, z 0.0251..0.0260 m
TIPREGION faces > 70 deg: n=213 (z >= b/2 - 2 mm) primary main=9 tip=29 tip_pole=175 | edge_flag=0
low-weight faces (< 0.05): none
two-internal-face cells: n=244 primary main=20 tip=224 | flags tip_pole=0 te=0 root=0 interface=0 tip=224 edge=0 | wall distance min/median/max = 1.16e+00/1.75e+00/2.91e+00 m (stack 4.74e-04)
    main: types 7:20
    tip: types 7:224
wing faces=11640; faces whose owner is not a prism (no layer column): 0
cellDeterminant < 0.001, layer (prism): 77758 of 162960 (47.72 %), min 3.112e-07, median 1.295e-03
cellDeterminant < 0.001, core (tet): 251 of 106811 (0.23 %), min 0.000e+00, median 1.754e-01
core (tet) cells with determinant < 0.001: n=251 primary main=21 tip=227 tip_pole=3 | flags tip_pole=3 te=1 root=0 interface=0 tip=230 edge=0 | wall distance min/median/max = 5.18e-04/1.75e+00/2.91e+00 m (stack 4.74e-04)
degenerate-curve 'Skipping boundary layer extrusion' lines: 4
B-rep: brep_surfaces=8 brep_curves=20 brep_free_curves_off_root=4 brep_free_curve_lengths_m=[0.0, 0.0, 0.0, 0.0] variant=v3
wing triangles=11640 nodes_used=5911 b-rep surfaces=8
triangles by region: tip_pole=290 tip=2052 te=2583 root=567 main=6148
watertight: edges used once off the root plane = 0; edges used more than twice = 0
watertight: node pairs closer than 10 um = 0, of which share no mesh edge = 0
seam fold angle, tip seams (z >= b/2 - 1 um): edges=272 max=47.88 median=9.20 p95=35.28 deg; edges with fold > 30 deg = 14
seam fold angle, panel seams: edges=305 max=40.63 median=3.11 p95=30.63 deg; edges with fold > 30 deg = 16
largest fold by surface pair (max deg, edges, surfaces): 47.9 86 (5, 7); 41.9 2 (6, 8); 40.6 17 (1, 2); 28.5 86 (1, 7)
wall nodes vs reference: n=5911 max=4.686e-06 m p99=4.504e-06 nodes > 10 um = 0
    tip_pole: n=110 max=7.398e-07 m nodes > 10 um = 0
    tip: n=1140 max=4.660e-06 m nodes > 10 um = 0
    main: n=4190 max=4.686e-06 m nodes > 10 um = 0
    root: n=471 max=4.475e-06 m nodes > 10 um = 0
wall-triangle aspect ratio (longest edge / shortest altitude):
    tip_pole: n=290 median=2.20 p95=6.28 max=35.8 min_edge=8.45e-05 m
    tip: n=2052 median=1.23 p95=1.79 max=55.3 min_edge=5.49e-04 m
    te: n=2583 median=3.04 p95=3.04 max=3.0 min_edge=9.75e-05 m
    root: n=567 median=1.30 p95=1.70 max=2.8 min_edge=3.70e-04 m
    main: n=6148 median=1.16 p95=1.59 max=2.6 min_edge=3.30e-04 m
run=runs/20261005T190229Z-spike03-s4-tipcoupon-v3
