MEASURE F6 CL=0.42061592925327906/0.41906892443595928/0.41833189863013587 e=1.0188185139225328/1.0086149269437032/1.0035578493401365 pCL=1.0696906502345485 pE=1.0127005850952708
PASS F6_ObservedOrder
COST F6_ObservedOrder 974.334
PASS F15_EllipticWing_InducedAngleUniform
COST F15_EllipticWing_InducedAngleUniform 32.885
PASS F15b_EllipticMidspan_InducedAngleMatchesCLOverPiAR
COST F15b_EllipticMidspan_InducedAngleMatchesCLOverPiAR 63.297
PASS F1_FlatPlate_RichardsonClAlphaTo2Pi
COST F1_FlatPlate_RichardsonClAlphaTo2Pi 3.762
PASS F3_SymmetricSection_ZeroLiftOddInAlpha
COST F3_SymmetricSection_ZeroLiftOddInAlpha 1.920
MEASURE F4 old/new CL=0.60575055333949734/0.60452364893213451 e=1.0395712302983457/1.0424404059939647
PASS F4_MirroredWing_NoSideForceRollYaw
COST F4_MirroredWing_NoSideForceRollYaw 1.771
PASS Vlm_PivotingSolve_ResidualAfterOneSolve
COST Vlm_PivotingSolve_ResidualAfterOneSolve 1.336
MEASURE F7 old/new CL=0.20146664110588428/0.20070967926230737 e=1.0137838953800433/1.016659534835832
PASS F7_LinearWashout_TipAlphaEffBelowRoot
COST F7_LinearWashout_TipAlphaEffBelowRoot 1.643
MEASURE camber n=32 tipAi=4.9134832961675823 CL=0.7813444609614606 kappa1=278.58700702313911 residualInf=7.8825834748386114E-15
MEASURE camber n=64 tipAi=4.9576172097240709 CL=0.77842297648594483 kappa1=1104.0159763340032 residualInf=1.9761969838327786E-14
MEASURE flat n=64 tipAi=1.933821211647083 CL=0.4011422254527226 kappa1=1103.3688595591279 residualInf=7.8270723236073536E-15
MUTANT camber camber-surface n64 tipAi=-3517875.3311168146 RED (fast bound)
PASS F18_Camber4_DefaultLatticeTipConverges
COST F18_Camber4_DefaultLatticeTipConverges 81.678
MEASURE washin n=32 tipAi=2.3539483509345644 CL=0.43881499746226654 kappa1=278.39617227117293 residualInf=3.1502578323738817E-15
MEASURE washin n=64 tipAi=2.3659569946913233 CL=0.43704989172738001 kappa1=1103.257371643844 residualInf=6.7862382380212694E-15
MUTANT washin camber-surface n64 tipAi=724.59732449951571 RED (fast bound)
PASS F19_Washin1_DefaultLatticeTipConverges
COST F19_Washin1_DefaultLatticeTipConverges 73.535
MEASURE straight-quarter-chord n=16 maxSweep=0
MUTANT front-bound sweep n=16 max=54.123060824810075 RED
MEASURE straight-quarter-chord n=32 maxSweep=0
MUTANT front-bound sweep n=32 max=70.129379106873941 RED
MEASURE straight-quarter-chord n=64 maxSweep=0
MUTANT front-bound sweep n=64 max=79.75827389052121 RED
PASS F20_EllipticStraightQuarterChord_SweepZero
COST F20_EllipticStraightQuarterChord_SweepZero 144.280
MEASURE F21 AR=40 nc=4 alphaL0=-4.5932249292995486 CL0=0.46885374199458946 CL5=0.9757049753470437
PASS F21_ParabolicCamber_ZeroLiftAngleThinAirfoil
COST F21_ParabolicCamber_ZeroLiftAngleThinAirfoil 4.962
PASS F16_BertinSmithSwept_ClAlpha3p443
COST F16_BertinSmithSwept_ClAlpha3p443 0.612
PASS Vlm_ClosingTip_FiniteAndListed
COST Vlm_ClosingTip_FiniteAndListed 2.955
PASS Vlm_NonFinite_RecordsFailedNotZero
COST Vlm_NonFinite_RecordsFailedNotZero 0.320
PASS Vlm_AlphaBeyondEnvelope_ShowsEnvelopeFinding
COST Vlm_AlphaBeyondEnvelope_ShowsEnvelopeFinding 1.668
GROUP Lattice 1392
PASS F8_Dihedral20_ClRatioToPlanar0p8938
COST F8_Dihedral20_ClRatioToPlanar0p8938 175.910
PASS F9_Ana03Arithmetic_LiftDragAndRatio
COST F9_Ana03Arithmetic_LiftDragAndRatio 0.494
PASS F10_Bookkeeping_NearFieldVsTrefftzWithinTolerance
COST F10_Bookkeeping_NearFieldVsTrefftzWithinTolerance 33.281
PASS F11_GeometryScaleK_CoefficientsInvariant
COST F11_GeometryScaleK_CoefficientsInvariant 25.141
PASS F12_SpeedScaleK_ForcesScaleK2
COST F12_SpeedScaleK_ForcesScaleK2 19.826
PASS F13a_FreshToSalt_ReFalls4p25Percent
COST F13a_FreshToSalt_ReFalls4p25Percent 13.885
PASS F17_GoldenMaster_ExampleFoilVector
COST F17_GoldenMaster_ExampleFoilVector 125.725
PASS Strip_ReLocal_UsesLocalChord
COST Strip_ReLocal_UsesLocalChord 0.498
PASS Reference_SrefAndSpan_FromWingEstimates
COST Reference_SrefAndSpan_FromWingEstimates 14.179
PASS Water_OutsideTable_Unavailable
COST Water_OutsideTable_Unavailable 314.510
PASS Provenance_WaterTableHash_Shown
COST Provenance_WaterTableHash_Shown 0.666
PASS Loads_AttachmentMoment_TransferAboutNamedPoint
COST Loads_AttachmentMoment_TransferAboutNamedPoint 0.638
PASS SolveResidual_FailedRunHasNoDiagnostics
COST SolveResidual_FailedRunHasNoDiagnostics 143.466
GROUP Strip 869
PASS Freshness_SurfaceEdit_Historical
COST Freshness_SurfaceEdit_Historical 300.510
PASS Freshness_WaterChange_Historical
COST Freshness_WaterChange_Historical 117.525
PASS Freshness_OperatingPointChange_Historical
COST Freshness_OperatingPointChange_Historical 106.704
PASS Freshness_MethodVersionBump_Historical
COST Freshness_MethodVersionBump_Historical 112.112
PASS Freshness_EachSettingsField_Historical
COST Freshness_EachSettingsField_Historical 194.012
PASS Freshness_Pre117MethodVersion_HistoricalAndEvaluateComputesNew
COST Freshness_Pre117MethodVersion_HistoricalAndEvaluateComputesNew 193.313
PASS Freshness_UndoToEqualKey_CurrentAgain
COST Freshness_UndoToEqualKey_CurrentAgain 295.927
PASS Freshness_SaveReopen_Unchanged
COST Freshness_SaveReopen_Unchanged 262.775
PASS Units_Lbf_KeyUnchanged
COST Units_Lbf_KeyUnchanged 123.458
GROUP Freshness 1707
PASS Projection_SectionVsWingUnits
COST Projection_SectionVsWingUnits 28.066
PASS Projection_CdiZeroOrNegative_TotalDragMissing
COST Projection_CdiZeroOrNegative_TotalDragMissing 4.216
PASS Projection_TotalDragMissing_ClCdUnavailable
COST Projection_TotalDragMissing_ClCdUnavailable 1.593
PASS Projection_TrefftzLiftUsedForE
COST Projection_TrefftzLiftUsedForE 2.298
PASS Projection_ProvisionalTip_NotJudgedOutside
COST Projection_ProvisionalTip_NotJudgedOutside 3.390
PASS Projection_NoVerdicts_NonTipStripNeverReadsTipNotJudged
COST Projection_NoVerdicts_NonTipStripNeverReadsTipNotJudged 2.743
PASS Projection_InsideAndOutsideStrips_NeverTipNotJudged
COST Projection_InsideAndOutsideStrips_NeverTipNotJudged 2.513
PASS DeriveVerdicts_TaperedPlanform_SweepIsTheLatticeSweepAndAlphaL0IsTheStripSection
COST DeriveVerdicts_TaperedPlanform_SweepIsTheLatticeSweepAndAlphaL0IsTheStripSection 1018.548
PASS DeriveVerdicts_AlphaBound_9p9InsideAnd10p1Outside
COST DeriveVerdicts_AlphaBound_9p9InsideAnd10p1Outside 837.250
PASS JudgeStrip_SweepBound_29p9InsideAnd30p1Outside
COST JudgeStrip_SweepBound_29p9InsideAnd30p1Outside 0.497
PASS DeriveVerdicts_OnlyTheTipReasonGetsTheTipRule
COST DeriveVerdicts_OnlyTheTipReasonGetsTheTipRule 697.088
PASS Projection_ProvisionalVerdict_EmptyExceededNeverOutside
COST Projection_ProvisionalVerdict_EmptyExceededNeverOutside 1.478
PASS Projection_LegacyStripEdges_OmittedAndHashIntact
COST Projection_LegacyStripEdges_OmittedAndHashIntact 12.630
PASS Projection_OneMissingSpanEdge_WidthUnavailable
COST Projection_OneMissingSpanEdge_WidthUnavailable 0.898
PASS Projection_ExcludedClosingTip_UsesKeptStripEdges
COST Projection_ExcludedClosingTip_UsesKeptStripEdges 3.637
PASS Projection_NoRun_NoAnalysisYetNoLayers
COST Projection_NoRun_NoAnalysisYetNoLayers 0.901
PASS Projection_FailedLatest_PreviousRunHistoricalWithErrorCard
COST Projection_FailedLatest_PreviousRunHistoricalWithErrorCard 2.936
PASS Layers_DepthUnset_NoFreeSurfaceOrTipDepth
COST Layers_DepthUnset_NoFreeSurfaceOrTipDepth 2.361
PASS Provenance_RunContentHash_Shown
COST Provenance_RunContentHash_Shown 1.087
PASS Layers_ArrowLengthProportional_NormalDirection
COST Layers_ArrowLengthProportional_NormalDirection 1.683
PASS Layers_EveryVisualHasTwinAndChip
COST Layers_EveryVisualHasTwinAndChip 1.241
PASS Layers_UnavailableVectorNotDrawn_AbsenceStated
COST Layers_UnavailableVectorNotDrawn_AbsenceStated 2.118
PASS Layers_MomentArc_SenseFollowsSignAboutNamedDatum
COST Layers_MomentArc_SenseFollowsSignAboutNamedDatum 2.366
PASS Layers_MomentArc_RightHandPositiveXMatchesRootMoment
COST Layers_MomentArc_RightHandPositiveXMatchesRootMoment 1.365
PASS Layers_Vectors_BodyFrameSignConventionLabelled
COST Layers_Vectors_BodyFrameSignConventionLabelled 3.257
GROUP Projection 2637
PASS Labels_ProfilePlates_Copy406To409
COST Labels_ProfilePlates_Copy406To409 0.741
PASS Depth_Unset_NoDeepWaterLabel
COST Depth_Unset_NoDeepWaterLabel 1.960
PASS Depth_HcBelow5_Copy46WithNumbers
COST Depth_HcBelow5_Copy46WithNumbers 1.579
PASS Depth_StationPiercing_EstimatorUnavailableFlagOnly
COST Depth_StationPiercing_EstimatorUnavailableFlagOnly 3.234
PASS Depth_SetAllSubmerged_TipMarginFrCopy47
COST Depth_SetAllSubmerged_TipMarginFrCopy47 1.843
PASS Labels_PerTier_FixedPartsAndOmissions
COST Labels_PerTier_FixedPartsAndOmissions 1.360
PASS Labels_Ruling118_ApprovedTextsAndDesignRows
COST Labels_Ruling118_ApprovedTextsAndDesignRows 10.456
PASS Labels_Copy364_Ruling119_TextAndDesignRow
COST Labels_Copy364_Ruling119_TextAndDesignRow 0.610
PASS Labels_DepthUnset_FreeSurfaceNotModelled
COST Labels_DepthUnset_FreeSurfaceNotModelled 0.858
PASS Depth_ShallowAtAnyStation_FreeSurfaceNotModelled
COST Depth_ShallowAtAnyStation_FreeSurfaceNotModelled 2.821
PASS Projection_NoBareUnavailable_EveryStateCarriesItsReason
COST Projection_NoBareUnavailable_EveryStateCarriesItsReason 7.892
PASS Projection_TotalDrag_OneReasonString
COST Projection_TotalDrag_OneReasonString 1.987
PASS Projection_DragWingOnly_OneRow_ImperialLbf
COST Projection_DragWingOnly_OneRow_ImperialLbf 3.387
PASS Labels_Ruling109And101_ConstantsMatchTheirRows
COST Labels_Ruling109And101_ConstantsMatchTheirRows 0.754
PASS Projection_TamperedRun_NoteIsCopy274UnderCopy211
COST Projection_TamperedRun_NoteIsCopy274UnderCopy211 0.608
PASS Projection_HistoricalResult_TierChipReadsHistoricalVlmStrip
COST Projection_HistoricalResult_TierChipReadsHistoricalVlmStrip 3.942
PASS Labels_ConditionsSummary_Copy280Form_FollowsUnits
COST Labels_ConditionsSummary_Copy280Form_FollowsUnits 0.373
PASS Labels_ChartAndChipConstants_MatchTheirRows
COST Labels_ChartAndChipConstants_MatchTheirRows 0.764
PASS Envelope_RunVerdict_BesideCL_FullBound
COST Envelope_RunVerdict_BesideCL_FullBound 2.961
PASS Envelope_EOutOfBand_AdvisoryNotBlocking
COST Envelope_EOutOfBand_AdvisoryNotBlocking 1.406
PASS Labels_EAboveOne_LatticeAttributionOnlyMeasuredBand
COST Labels_EAboveOne_LatticeAttributionOnlyMeasuredBand 5.356
PASS Labels_VerifiedLattice_NamesFixtureScope
COST Labels_VerifiedLattice_NamesFixtureScope 0.200
PASS Station_StripReadout_EnvelopeVerdictPerPart
COST Station_StripReadout_EnvelopeVerdictPerPart 2.059
PASS Station_StripReadout_ReAgainstPolarRange
COST Station_StripReadout_ReAgainstPolarRange 1.401
PASS Station_StripReadout_NotModelledList
COST Station_StripReadout_NotModelledList 1.350
PASS Copy_AnalysisStrings_MatchDesignMd
COST Copy_AnalysisStrings_MatchDesignMd 13.567
PASS Lab01_EveryProjectionString_Lints
COST Lab01_EveryProjectionString_Lints 1.006
GROUP Labels 76
PASS Loads_PolarUnavailable_WingDragNamesProfile
COST Loads_PolarUnavailable_WingDragNamesProfile 0.765
PASS Loads_RendersSafetyVerbatim
COST Loads_RendersSafetyVerbatim 0.709
PASS Loads_StiffnessReadoutBesideTc
COST Loads_StiffnessReadoutBesideTc 1.102
PASS Loads_MissingTerm_UnavailableNeverZero
COST Loads_MissingTerm_UnavailableNeverZero 0.936
PASS Loads_StructuralNotAssessed_ListComplete
COST Loads_StructuralNotAssessed_ListComplete 0.753
PASS Section_NoPolarStub_Unavailable
COST Section_NoPolarStub_Unavailable 1.127
PASS Strips_OutsideEnvelope_SectionBasedInference
COST Strips_OutsideEnvelope_SectionBasedInference 1.039
PASS Loads_UnitsLbf_KeyUnchanged
COST Loads_UnitsLbf_KeyUnchanged 1.167
PASS Loads_MomentDatumAndBodyAxes_Visible
COST Loads_MomentDatumAndBodyAxes_Visible 1.419
PASS Loads_ChartTwin_SameSource
COST Loads_ChartTwin_SameSource 1.001
PASS Loads_JudgedStripVerdictText_ProjectedVerbatim
COST Loads_JudgedStripVerdictText_ProjectedVerbatim 0.993
PASS Loads_ProvisionalVerdict_TextIsTipNotJudged
COST Loads_ProvisionalVerdict_TextIsTipNotJudged 0.067
PASS Loads_ProvisionalTip_NotOutside
COST Loads_ProvisionalTip_NotOutside 1.216
GROUP LoadsView 13
OBSERVED KT interior Cp RMS 100/200/400: 0.0325004 / 0.0152981 / 0.00742289; p 1.087 / 1.043; exact Cp_min -1.713603; |ΔCp_min| 0.116532 / 0.0596486 / 0.0276297
PASS PanelCp_KarmanTrefftz_InteriorOrderAndCpMin
COST PanelCp_KarmanTrefftz_InteriorOrderAndCpMin 36.181
OBSERVED default 200-panel KT Cp_min relative error 3.481%
PASS PanelCp_DefaultResolution_CpMinWithin4Percent
COST PanelCp_DefaultResolution_CpMinWithin4Percent 4.797
PASS RunKey_PanelCountAndTeExclusion_ChangeKey
COST RunKey_PanelCountAndTeExclusion_ChangeKey 0.417
GROUP PanelCp 42
MEASURE warm whole-wing section tier 783.908 ms at 200 panels
MEASURE governing-station eta 0.098 200-vs-400 suction under-read 1.335%
PASS Section_WingRun_PanelValuesAtEveryStation
COST Section_WingRun_PanelValuesAtEveryStation 797.686
PASS Section_ProvisionalAndProjectionRows
COST Section_ProvisionalAndProjectionRows 6.511
PASS Section_SurfacePiercing_EstimatorUnavailable
COST Section_SurfacePiercing_EstimatorUnavailable 1.412
OBSERVED analysis.run panelCandidates 1
PASS Section_AnalysisRunEvent_CarriesPanelCandidateCount
COST Section_AnalysisRunEvent_CarriesPanelCandidateCount 246.735
OBSERVED near-tie: thick 200-ratio 0.7658, thin 200-ratio 0.7889; thin under-read 16.51%; thick 3.93%; governing eta 1
PASS Section_NearTie_GoverningReSelectedAt400
COST Section_NearTie_GoverningReSelectedAt400 275.264
OBSERVED thin station not measured in the run; UnderreadAt = 10.81% at alpha 0.5
PASS Section_ThinStationOutsideNearTie_NotMeasured
COST Section_ThinStationOutsideNearTie_NotMeasured 127.088
PASS Section_UniformWing_CandidateCountCappedAtFour
COST Section_UniformWing_CandidateCountCappedAtFour 293.771
PASS Section_GoverningEstimate_Cambered_Matches400Panels
COST Section_GoverningEstimate_Cambered_Matches400Panels 330.106
OBSERVED 6%-thick 200-vs-400 under-read at alpha 3: 3.598%
OBSERVED 6%-thick 200-vs-400 under-read at alpha 6: 4.385%
PASS Section_SixPercentThick_TwoGridUnderread_Measured
COST Section_SixPercentThick_TwoGridUnderread_Measured 133.144
PASS Section_GoverningStation_ScreenAndCpMinFrom400Panels
COST Section_GoverningStation_ScreenAndCpMinFrom400Panels 326.369
PASS Section_AdaptivePanelMethod_OldRunReadsHistorical
COST Section_AdaptivePanelMethod_OldRunReadsHistorical 1.395
GROUP SectionSeam 2540
PASS Tip_LowRe_TipReasonPrecedesReUnavailable
COST Tip_LowRe_TipReasonPrecedesReUnavailable 1.752
PASS Tip_ConsistencyEdge_RecomputedWithPolarSlope
COST Tip_ConsistencyEdge_RecomputedWithPolarSlope 2.368
PASS Tip_ConfidenceNeverClearsNotJudged
COST Tip_ConfidenceNeverClearsNotJudged 0.351
GROUP TipPolar 5
PARTITION 2/2 of 21 groups
RESULT failures=0
