PASS Architecture_AnalysisAssembly_NoEditVerbsNoProfileAt
COST Architecture_AnalysisAssembly_NoEditVerbsNoProfileAt 287.838
GROUP Architecture 289
PASS RunKey_PinnedVector_HexEqual
COST RunKey_PinnedVector_HexEqual 163.102
PASS Project2_RoundTrip_ByteEqual
COST Project2_RoundTrip_ByteEqual 373.315
PASS Project1_NoRun_ByteIdenticalToToday
COST Project1_NoRun_ByteIdenticalToToday 274.302
PASS Project2_TodaysReader_FailsClosedCopy130
COST Project2_TodaysReader_FailsClosedCopy130 183.490
PASS RecordRun_SameRunIdTwice_Refused
COST RecordRun_SameRunIdTwice_Refused 102.115
PASS RecordRun_SameKeyTwice_OneCompletedRow
COST RecordRun_SameKeyTwice_OneCompletedRow 93.649
PASS RecordRun_StripGap_Refused
COST RecordRun_StripGap_Refused 89.244
PASS Tamper_EditedStripValue_RunUnavailable
COST Tamper_EditedStripValue_RunUnavailable 171.866
PASS Tamper_StoredKeySetToCurrent_RunUnavailable
COST Tamper_StoredKeySetToCurrent_RunUnavailable 168.217
PASS RevisionLabel_TwistEdit_OrdinalsAndRail
COST RevisionLabel_TwistEdit_OrdinalsAndRail 337.848
PASS RecordRun_DiagnosticsByOutcome_CompletedOnly
COST RecordRun_DiagnosticsByOutcome_CompletedOnly 151.720
PASS RecordRun_PanelProvisionalCode_ValidatedOldRowReads
COST RecordRun_PanelProvisionalCode_ValidatedOldRowReads 219.077
GROUP RunStore 2329
PASS Analysis_DraftOpen_EvaluatesAcceptedRevision
COST Analysis_DraftOpen_EvaluatesAcceptedRevision 303.476
PASS Evaluate_Supersede_OlderCancelledViaBarrier
COST Evaluate_Supersede_OlderCancelledViaBarrier 207.874
PASS Evaluate_Cancel_NoRowRecorded
COST Evaluate_Cancel_NoRowRecorded 124.322
PASS Evaluate_CloseMidCompute_DocClosedNoRow
COST Evaluate_CloseMidCompute_DocClosedNoRow 113.745
PASS OperatingPoint_SpeedZeroOrNegative_Undefined
COST OperatingPoint_SpeedZeroOrNegative_Undefined 66.297
PASS Telemetry_AnalysisRun_EmittedWithSubDurations
COST Telemetry_AnalysisRun_EmittedWithSubDurations 235.490
PASS Evaluate_SupersededBeforeCancel_RecordsNothing
COST Evaluate_SupersededBeforeCancel_RecordsNothing 113.554
PASS Evaluate_Supersede_CancelsOlderOutsideTheLock
COST Evaluate_Supersede_CancelsOlderOutsideTheLock 176.806
PASS Telemetry_UnexpectedException_OutcomeNotOk
COST Telemetry_UnexpectedException_OutcomeNotOk 114.058
PASS Evaluate_CancelledBeforeIdempotentHit_Throws
COST Evaluate_CancelledBeforeIdempotentHit_Throws 175.872
PASS Evaluate_SameKeyFromTwoServices_ReturnsRecordedRow
COST Evaluate_SameKeyFromTwoServices_ReturnsRecordedRow 179.985
PASS Evaluate_WaterOutsideTable_RefusedNoRow
COST Evaluate_WaterOutsideTable_RefusedNoRow 104.961
PASS Evaluate_ComputeFails_FailedRowHasNoDiagnostics
COST Evaluate_ComputeFails_FailedRowHasNoDiagnostics 212.227
PASS Evaluate_SectionStationsChanged_NewKeyNotAHit
COST Evaluate_SectionStationsChanged_NewKeyNotAHit 317.420
PASS Evaluate_ThrowingCancelCallback_NewerSourceReleased
COST Evaluate_ThrowingCancelCallback_NewerSourceReleased 155.961
PASS Evaluate_UncertifiedGeometry_RefusedNotAssessedNoCompute
COST Evaluate_UncertifiedGeometry_RefusedNotAssessedNoCompute 11.818
PASS Evaluate_TipChordBelowFloor_RefusedOpensAndEditsStillWork
COST Evaluate_TipChordBelowFloor_RefusedOpensAndEditsStillWork 314.408
GROUP Service 2929
OBSERVED panel α_L0 -4.14220529 deg, Cm_c/4 -0.124559429
PASS Section_ParabolicCamber_PanelZeroLiftAndMoment
COST Section_ParabolicCamber_PanelZeroLiftAndMoment 39.006
OBSERVED thin symmetric panel Cl slope: 6.26649016
PASS Section_ThinSymmetric_PanelClApproaches2PiSlope
COST Section_ThinSymmetric_PanelClApproaches2PiSlope 22.409
OBSERVED thin-camber panel α_L0 -4.62713572 deg, Cm_c/4 -0.125426269
PASS Section_ThinCambered_GlauertOracleOnly
COST Section_ThinCambered_GlauertOracleOnly 12.543
PASS Section_Ittc1957_TurbulentBound
COST Section_Ittc1957_TurbulentBound 4.291
OBSERVED section estimator default 200 panels: 20.011 ms
PASS Section_SourceStation_IndependentPanelResolution
COST Section_SourceStation_IndependentPanelResolution 67.650
PASS Section_CamberedPreparedPanel_ReusesMatrix
COST Section_CamberedPreparedPanel_ReusesMatrix 41.883
GROUP SectionEstimator 188
PASS Cavitation_ScreenString_NamesStationCount
COST Cavitation_ScreenString_NamesStationCount 1.217
PASS Cavitation_Margin15Percent_Applied
COST Cavitation_Margin15Percent_Applied 0.939
PASS Cavitation_NegCpMinNonPositive_Undefined
COST Cavitation_NegCpMinNonPositive_Undefined 0.331
PASS Cavitation_PvOrDepthMissing_Unavailable
COST Cavitation_PvOrDepthMissing_Unavailable 0.245
PASS Cavitation_GoverningStation_AtAlphaEffAndLocalDepth
COST Cavitation_GoverningStation_AtAlphaEffAndLocalDepth 7.505
PASS Cavitation_GoverningStation_MinLocalRatio
COST Cavitation_GoverningStation_MinLocalRatio 6.452
PASS Cavitation_DepthRotation_PositiveAftRise
COST Cavitation_DepthRotation_PositiveAftRise 3.227
PASS Cavitation_SurfacePiercingAndInvalidWater_DistinctReasons
COST Cavitation_SurfacePiercingAndInvalidWater_DistinctReasons 0.267
GROUP Cavitation 21
NeuralFoil fidelity max difference 2.4424906541753444E-15
PASS NeuralFoil_Fidelity_Python032
COST NeuralFoil_Fidelity_Python032 71.311
NeuralFoil end-to-end max difference 0.00078100128163666183
PASS NeuralFoil_EndToEnd_SectionToPolar_Python032
COST NeuralFoil_EndToEnd_SectionToPolar_Python032 52.341
PASS NeuralFoil_CorruptWeights_Refused
COST NeuralFoil_CorruptWeights_Refused 12.777
PASS NeuralFoil_CstFit_RecoversSection
COST NeuralFoil_CstFit_RecoversSection 1.698
PASS NeuralFoil_Source_ProducesPolarSample
COST NeuralFoil_Source_ProducesPolarSample 22.776
PASS NeuralFoil_Source_NoncomputableNamesReason
COST NeuralFoil_Source_NoncomputableNamesReason 1.503
PASS NeuralFoil_Envelope_Alpha_OutsideTraining_NonComputable
COST NeuralFoil_Envelope_Alpha_OutsideTraining_NonComputable 1.358
PASS NeuralFoil_Envelope_Re_OutsideTraining_NonComputable
COST NeuralFoil_Envelope_Re_OutsideTraining_NonComputable 0.997
PASS NeuralFoil_Envelope_Ncrit_OutsideTraining_NonComputable
COST NeuralFoil_Envelope_Ncrit_OutsideTraining_NonComputable 1.012
PASS NeuralFoil_Envelope_Alpha_InsideTraining_ComputedFlagged
COST NeuralFoil_Envelope_Alpha_InsideTraining_ComputedFlagged 8.520
PASS NeuralFoil_Envelope_Re_InsideTraining_ComputedFlagged
COST NeuralFoil_Envelope_Re_InsideTraining_ComputedFlagged 8.018
PASS NeuralFoil_Envelope_Ncrit_InsideTraining_ComputedFlagged
COST NeuralFoil_Envelope_Ncrit_InsideTraining_ComputedFlagged 7.619
PASS NeuralFoil_Envelope_Ncrit_IntermediateValue_Flagged
COST NeuralFoil_Envelope_Ncrit_IntermediateValue_Flagged 7.911
PASS NeuralFoil_Envelope_InsideBracket_NotFlagged
COST NeuralFoil_Envelope_InsideBracket_NotFlagged 7.915
MEASURE naca0012 match tolerance 0.0015 spike-open 0.00126 edited 0.00387 editedFitResidual 0.000173
PASS NeuralFoil_Family_EditedNaca0012_LosesValidatedFamily
COST NeuralFoil_Family_EditedNaca0012_LosesValidatedFamily 14.433
FAIL NeuralFoil_Family_CatalogNaca0012_DerivedNotLabelled ContractError: a catalog file failed its check
COST NeuralFoil_Family_CatalogNaca0012_DerivedNotLabelled 2.011
PASS NeuralFoil_Envelope_CstResidual
COST NeuralFoil_Envelope_CstResidual 0.865
PASS NeuralFoil_Envelope_OutsideValidatedBracket
COST NeuralFoil_Envelope_OutsideValidatedBracket 7.010
PASS NeuralFoil_Confidence_Low_ComputedFlaggedNeverRefused
COST NeuralFoil_Confidence_Low_ComputedFlaggedNeverRefused 22.278
PASS NeuralFoil_Telemetry_EmittedOnNormalPath
COST NeuralFoil_Telemetry_EmittedOnNormalPath 12.842
COST NeuralFoil_InferencePerCall 6.741
PASS NeuralFoil_InferenceCost
COST NeuralFoil_InferenceCost 88.186
GROUP NeuralFoil 354
PASS PolarSample_DerivedFlags_EqualEvaluateAtWriteTime
COST PolarSample_DerivedFlags_EqualEvaluateAtWriteTime 23.884
PASS PolarSample_ReOutside_DerivedEqualsWriteTime
COST PolarSample_ReOutside_DerivedEqualsWriteTime 16.458
PASS PolarSample_LowConfidence_DerivedEqualsWriteTime
COST PolarSample_LowConfidence_DerivedEqualsWriteTime 9.137
PASS Section_EditedProfileNoPolar_Unavailable
COST Section_EditedProfileNoPolar_Unavailable 633.192
GROUP PolarSeam 683
PASS Provenance_RunInputsWaterAndChangedSince
COST Provenance_RunInputsWaterAndChangedSince 119.839
GROUP ProvenanceSeam 120
PASS F13b_WaterWithPolar_RetrievesAtBothNewRe
COST F13b_WaterWithPolar_RetrievesAtBothNewRe 4.273
PASS RunKey_PolarWeightsHashAndSize_ChangeKey
COST RunKey_PolarWeightsHashAndSize_ChangeKey 56.569
PASS Loads_TotalDrag_InducedPlusProfileOrNamesMissing
COST Loads_TotalDrag_InducedPlusProfileOrNamesMissing 10.086
PASS Polar_ProductRun_ReachesStripsAndSectionProjection
COST Polar_ProductRun_ReachesStripsAndSectionProjection 555.677
PASS Polar_LowConfidence_AdvisoryReachesDragSums
COST Polar_LowConfidence_AdvisoryReachesDragSums 3.148
PASS DragBand_NcritValueOrderAndWingRatio
COST DragBand_NcritValueOrderAndWingRatio 2.575
PASS PolarReRange_ShowsValidatedBounds
COST PolarReRange_ShowsValidatedBounds 2.538
GROUP PolarNumerics 635
PASS FindAlpha_TargetCL_RootWithinTolerance
COST FindAlpha_TargetCL_RootWithinTolerance 90.615
PASS FindAlpha_NoRoot_UnavailableWithReason
COST FindAlpha_NoRoot_UnavailableWithReason 0.457
PASS FindAlpha_ZeroLift_BracketedRoot
COST FindAlpha_ZeroLift_BracketedRoot 0.266
PASS FindTakeoff_RetrievesLoadAtEachSpeed
COST FindTakeoff_RetrievesLoadAtEachSpeed 0.659
PASS FreeSurface_A52_FactorsBesideDeepWater
COST FreeSurface_A52_FactorsBesideDeepWater 1.001
PASS FreeSurface_A52_EachEnvelopeAxis
COST FreeSurface_A52_EachEnvelopeAxis 0.374
GROUP OperatingSearch 94
PASS SectionProjection_EstimatorLabel_DepthAware
COST SectionProjection_EstimatorLabel_DepthAware 589.108
PASS SectionProjection_EstimatorChip_Copy214
COST SectionProjection_EstimatorChip_Copy214 218.535
PASS SectionProjection_Values_ClCmAlphaL0PerSpan
COST SectionProjection_Values_ClCmAlphaL0PerSpan 218.675
PASS SectionView_CpOnProfile_DrawsAndPinsVik
COST SectionView_CpOnProfile_DrawsAndPinsVik 219.977
PASS SectionView_Speeds_FollowUnitsSwitch
COST SectionView_Speeds_FollowUnitsSwitch 643.550
PASS Cavitation_Screen_ValueStateAndFixedString
COST Cavitation_Screen_ValueStateAndFixedString 212.944
PASS Cavitation_PanelUnderread_MeasuredNotConstant
COST Cavitation_PanelUnderread_MeasuredNotConstant 213.282
PASS Section_StationsTable_ListsSolvedGoverningAndShownOnly
COST Section_StationsTable_ListsSolvedGoverningAndShownOnly 433.848
PASS Section_Cp_NoMethodString_Retired
COST Section_Cp_NoMethodString_Retired 5.346
PASS Section_CpUnavailable_NoProfileAndSolveFailed_Row10
COST Section_CpUnavailable_NoProfileAndSolveFailed_Row10 3.715
PASS Section_StripCdNoPolar_Copy210
COST Section_StripCdNoPolar_Copy210 1.711
PASS Polar_TierChipAndLabels_Dxm3
COST Polar_TierChipAndLabels_Dxm3 217.196
PASS Provenance_PolarMethodId_Shown
COST Provenance_PolarMethodId_Shown 2.166
PASS Polar_Confidence_PresentNotRecordedLow
COST Polar_Confidence_PresentNotRecordedLow 3.582
PASS Polar_TrippedSurface_NotComputed
COST Polar_TrippedSurface_NotComputed 211.458
PASS Drag_ProfileSources_BandBoundKeptApart
COST Drag_ProfileSources_BandBoundKeptApart 219.975
PASS Drag_StripsMissingCd_NamesCountNoSubstitute
COST Drag_StripsMissingCd_NamesCountNoSubstitute 2.050
PASS Drag_WingOnly_OneRow_Ruling109
COST Drag_WingOnly_OneRow_Ruling109 3.110
PASS Drag_TotalNoProfile_StillNamesProfile
COST Drag_TotalNoProfile_StillNamesProfile 1.102
PASS Drag_CdNonPositive_Undefined_Copy230
COST Drag_CdNonPositive_Undefined_Copy230 1.394
PASS FindAlpha_Dialog_ResultAndBasisRows
COST FindAlpha_Dialog_ResultAndBasisRows 2.437
PASS FindAlpha_NoRoot_FiveReasons
COST FindAlpha_NoRoot_FiveReasons 1.381
PASS Labels_Dx_EveryRowResolvesOnce
COST Labels_Dx_EveryRowResolvesOnce 2.983
PASS Labels_ReasonCodes_AllApprovedTextNoRawCode
COST Labels_ReasonCodes_AllApprovedTextNoRawCode 3.313
GROUP DxSection 3434
PASS SectionForce_FreeStreamAxes_LiftPerpendicularDragParallel
COST SectionForce_FreeStreamAxes_LiftPerpendicularDragParallel 6.379
PASS SectionForce_Anchor_CpNearZeroAndOffSection_Ruling128And130
COST SectionForce_Anchor_CpNearZeroAndOffSection_Ruling128And130 4.822
PASS SectionForce_Imperial_ForceAndMomentPerSpan
COST SectionForce_Imperial_ForceAndMomentPerSpan 2.022
PASS SectionForce_RunScale_LiftFixedByLargestStripDragByRule
COST SectionForce_RunScale_LiftFixedByLargestStripDragByRule 3.233
PASS SectionForce_Labels_EqualTheirDesignRows_Ruling130
COST SectionForce_Labels_EqualTheirDesignRows_Ruling130 3.271
GROUP SectionForce 20
PARTITION 1/2 of 21 groups
RESULT failures=1
