PASS Canonical_Rfc8785_0000000000000001
PASS Canonical_Rfc8785_ffefffffffffffff
PASS Canonical_Rfc8785_4430000000000000
PASS Canonical_Rfc8785_44b52d02c7e14af7
PASS Canonical_Rfc8785_444b1ae4d6e2ef50
PASS Canonical_Rfc8785_41b3de4355555553
PASS Canonical_Rfc8785_41b3de4355555556
PASS Canonical_Rfc8785_43143ff3c1cb0959
PASS Decimal_HugeZeroExponent_NormalizesZero
PASS Decimal_UnicodeDigits_RefusesLexically
PASS Decimal_MaximumIntegerScale_RefusesBeforeAllocation
PASS Canonical_ExponentBoundary_UsesEcmaSpelling
PASS Catalog_HashMismatch_CatUnavailable
PASS CatalogGenerator_Naca0012_MatchesClosedFormAt81Stations
PASS Provenance_FormatParse_RoundTrip
PASS Provenance_Rights_DerivedFromOrigin
PASS Ruling17_DegreeIdentity_DoesNotCollapseDistinctInputs
PASS Ruling15_MissingUnit_PreventsOverflowBinding
PASS Ruling15_KnownOverflow_PrecedesBadDegree
PASS Ruling15_MalformedToken_PrecedesBlockingSyntax
PASS Parse_StandaloneSection_RecognizesWholeGrammar
PASS Parse_InvalidUnits_ReportsUnits
PASS Parse_LegacyChord_ReportsExplicitConversion
PASS Parse_InvalidUtf8_ReportsLexical
PASS Parse_OversizedSource_RefusesBeforeDecoding
PASS Source_DiagnosticsMutation_Refused
PASS Parse_SectionSpoofedEof_RejectsTail
PASS Parse_UnpairedEscapedSurrogate_ReportsLexical
PASS Source_MissingIds_MaterializationPreservesMeaning
PASS NewDefault_NoExampleDependency
PASS Parse_Foil41WithTangents_RowsParsed
PASS Parse_AngleKindOnChannel_DslLock
PASS Parse_SeventeenChannelPointsUnder41_DslCurve
PASS Identity_TangentsRows_DefinitionHashUnchanged
PASS EnsureHeader41_Already41_Unchanged
PASS Ruling18_ConstantTwist_-1e-300_QueriesComplete
QUERY FEASIBILITY RECEIPT {"Algorithm":"common-denominator-dyadic-128/taylor-grid-64/v1","RationalBitLimit":32768,"MaximumIntermediateBits":20502,"RationalOperationsUpper":321472,"InverseDepth":128,"AngleGridBits":64,"Spans":[{"Curve":"leading","Span":0,"Degree":3,"CommonDenominatorBits":60,"RefinedNumeratorBits":442,"RefinedDenominatorBits":444},{"Curve":"leading","Span":1,"Degree":3,"CommonDenominatorBits":60,"RefinedNumeratorBits":443,"RefinedDenominatorBits":444},{"Curve":"leading","Span":2,"Degree":3,"CommonDenominatorBits":58,"RefinedNumeratorBits":442,"RefinedDenominatorBits":442},{"Curve":"leading","Span":3,"Degree":3,"CommonDenominatorBits":57,"RefinedNumeratorBits":441,"RefinedDenominatorBits":441},{"Curve":"trailing","Span":0,"Degree":3,"CommonDenominatorBits":60,"RefinedNumeratorBits":442,"RefinedDenominatorBits":444},{"Curve":"trailing","Span":1,"Degree":3,"CommonDenominatorBits":60,"RefinedNumeratorBits":443,"RefinedDenominatorBits":444},{"Curve":"trailing","Span":2,"Degree":3,"CommonDenominatorBits":58,"RefinedNumeratorBits":442,"RefinedDenominatorBits":442},{"Curve":"trailing","Span":3,"Degree":3,"CommonDenominatorBits":57,"RefinedNumeratorBits":441,"RefinedDenominatorBits":441},{"Curve":"dihedral","Span":0,"Degree":3,"CommonDenominatorBits":60,"RefinedNumeratorBits":442,"RefinedDenominatorBits":444},{"Curve":"dihedral","Span":1,"Degree":3,"CommonDenominatorBits":60,"RefinedNumeratorBits":443,"RefinedDenominatorBits":444},{"Curve":"dihedral","Span":2,"Degree":3,"CommonDenominatorBits":58,"RefinedNumeratorBits":442,"RefinedDenominatorBits":442},{"Curve":"dihedral","Span":3,"Degree":3,"CommonDenominatorBits":57,"RefinedNumeratorBits":441,"RefinedDenominatorBits":441},{"Curve":"twist","Span":0,"Degree":3,"CommonDenominatorBits":60,"RefinedNumeratorBits":442,"RefinedDenominatorBits":444},{"Curve":"twist","Span":1,"Degree":3,"CommonDenominatorBits":60,"RefinedNumeratorBits":443,"RefinedDenominatorBits":444},{"Curve":"twist","Span":2,"Degree":3,"CommonDenominatorBits":58,"RefinedNumeratorBits":442,"RefinedDenominatorBits":442},{"Curve":"twist","Span":3,"Degree":3,"CommonDenominatorBits":58,"RefinedNumeratorBits":443,"RefinedDenominatorBits":442},{"Curve":"thickness","Span":0,"Degree":3,"CommonDenominatorBits":60,"RefinedNumeratorBits":442,"RefinedDenominatorBits":444},{"Curve":"thickness","Span":1,"Degree":3,"CommonDenominatorBits":60,"RefinedNumeratorBits":443,"RefinedDenominatorBits":444},{"Curve":"thickness","Span":2,"Degree":3,"CommonDenominatorBits":58,"RefinedNumeratorBits":442,"RefinedDenominatorBits":442},{"Curve":"thickness","Span":3,"Degree":3,"CommonDenominatorBits":57,"RefinedNumeratorBits":441,"RefinedDenominatorBits":441},{"Curve":"profile:0:upper","Span":0,"Degree":5,"CommonDenominatorBits":6,"RefinedNumeratorBits":646,"RefinedDenominatorBits":646},{"Curve":"profile:0:lower","Span":0,"Degree":5,"CommonDenominatorBits":6,"RefinedNumeratorBits":646,"RefinedDenominatorBits":646}],"MaximumBitPath":"placed-X/round-shift-divrem"}
PASS Ruling18_Certificate_CarriesActualAllQueryArithmeticWitness
PASS Ruling18_ExpensiveExactSpan_PreAdmissionRefusal
PASS Geometry_TipPoint_UnsupportedAndNeverAdmitted
PASS Geometry_PlacedRootPoint_EnclosesIndependentZeroTwistCoordinates
PASS Geometry_NormalizedSection_RejectsOutOfDomain
PASS Geometry_ThicknessImmediatelyBelowOne_Admitted
PASS Geometry_ViolatedRootLock_HasStableLockCode
PASS Geometry_CrossingChord_BlocksCertificate
PASS Geometry_IndependentProfileBasis_Unsupported
PASS Geometry_OpaqueCertificate_NoPublicConstructor
PASS Assess_SymmetricRowNotMidpoint_Invalid
PASS Geometry_ThicknessDomain_OpenIntervalOnQuantumGrid
PASS Assess_ThicknessAtUpperDomainLimit_Certified
PASS Assess_SymmetricRowOnThicknessNotMidpoint_Invalid
PASS ProofBudget_ProofPathTypes_HaveNoTypeInitializer
PASS GroupGesture_OneMember_EqualsSinglePointGesture
PASS GroupGesture_IncludesRootEnd_HoldsWholeGroupAtRootMax
PASS GroupGesture_ChannelDomain_HoldsGroupNotMember
PASS GroupGesture_RootSeeded_WhenPointOneSelected
PASS GroupGesture_HandleNeverSeededTwice
PASS ApplyGroupValue_SetTo_AllEqual
PASS ApplyGroupValue_TwistSpanMoveBy_NamesTheUnitAndThePointNumber_UseAmountIsAdmitted
PASS PlacementRule_OperationTree_TraceGolden
PASS Blend_IdenticalProfileBytes_MatchSingleProfileExample
PASS Blend_IndependentAbscissa_RefusesUnenclosedMaximum
PASS Blend_MakeUniqueThreeDiffering_DraftCertifies
PASS Ruling16_PublicConsumer_CustomIdsAssignmentsAndOwnedInspection
PASS Ruling16_OldAcceptedProjection_RemainsBoundAfterApply
PASS Session_CancelledValidation_TelemetryIsNotSuccess
PASS Session_CancelledDraftId_CannotReuseOldAuthority
PASS Session_UncapturedSaveAcknowledgement_Refuses
PASS Session_EnvelopeOutwardMutation_LeavesOwnedFacts
PASS Session_LateSaveAcknowledgement_RemainsDirty
PASS Native_UnknownField_RefusesWritableAdoption
PASS Session_Cancel_LeavesAcceptedBytesAndHistory
PASS Session_ApplyRetryAfterUndoAndReopen_DoesNotMoveCursor
PASS Session_InvalidGeometry_LeavesAcceptedState
NOT ASSESSED native persistence primitives on this platform
FAIL Library_DuplicateIgnoringCaseNfc_Refused ContractError: DOC-UNSUPPORTED-PERSISTENCE
FAIL Library_StaleClaim_ReportedNotDeleted InvalidOperationException: Expected LIB-CLAIM-HELD; actual DOC-UNSUPPORTED-PERSISTENCE
PASS Library_OversizedFile_SkippedAsProblem
FAIL Library_SecondInstanceSameRoot_EntryListed ContractError: DOC-UNSUPPORTED-PERSISTENCE
PASS Profile_PairedAbscissa_MovesSameIndexAndUndoRestores
PASS Profile_AbscissaPastNeighbour_RefusesOrder
PASS Profile_Cancel_RestoresExactBytes
PASS MakeIndependent_TangentRow_NoDslPatch
PASS Profile_MakeIndependent_MiddleStationSplitsIntervals
PASS Session_RecoveryEnvelope_MissingProfileTarget_RefusesAtLoad
PASS Reopen_LegacyProfileRecovery_ResumesAsSectionDraft
PASS Receipt_SectionMakeUnique_ChildOnlyName_Accepted
PASS ReopenSectionDraft_FinishedSection_TypesAndKindsAsSaved
PASS Fair_ExampleWithinTolerance_KeepsShapeContract
PASS Fair_Tangency_KeepsSecondAndPenultimateOrdinates
PASS Profile_DeleteInterior_ReportsDeviation
PASS Profile_Insert_RefusesOutsideChord
PASS Fair_UnsatisfiableTolerance_StepRefused
PASS DatImport_Naca0012_SeligFitAndSessionCycle
PASS DatImport_MalformedInput_ReportsLineNumber
IMPORT-BASIS: own 7.416653450773264E-05
PASS DatImport_Naca2412_ExampleTip_SharedReplaceOwnSpacing
PASS ImportDat_AfterMakeUnique_NoDslPatch
PASS Replace_NoOwnSpacingWithin10um_DisabledBestNumber
PASS Replace_UniqueRootSymmetric_FitsCurrentSpacingKeepsPoints
PASS Replace_ChainOwnFifteen_DisclosesCount
PASS Replace_ResidualJustUnder10um_Accepted
PASS Replace_InnerUndo_RestoresBytesAndChip
PASS Replace_FinishSection_OneUndoStep
PASS SectionEdits_ReplaceStep_NeverApplied
PASS Guard_ThirtyThirdPoint_RefusedDslCurveBeforeCopy194
RPL slid 0012 euclidean 12.01 um; vertical 212.86 um
RPL bulge both-ways 5.500E-004; sparse one-way 2.262E-005; dense one-way 5.495E-004
PASS Replace_ResidualEuclidean201PlusKnots_NotVerticalGap
PASS Replace_SourceThicknessDiffers_ReportsScaledTc
RPL rotated 3 deg: records 0.00 um apart; reported turn 3.0000 deg; fit 5.59 um
PASS Replace_RotatedSource3.0Deg_SameRecordAsUnrotated
PASS Replace_VerticalRow_KeptWhenBetweenRefusedWhenNot
PASS Reopen_Insert_AcceptedRoundtripsUndoRedo
PASS Reopen_Rebuild_AcceptedRoundtripsUndoRedo
PASS Reopen_BogusEditRail_StillRefusesDocReference
PASS Thickness_KeepCurrent_LeavesChannelBytes
PASS Thickness_UseSource_ConflictingValueLock_RefusesApply
PASS WingEstimates_LinearTaper_MacDiffersFromMean
PASS WingEstimates_Save_NoEstimateInFile
PASS ApplyDimension_Span_StationEtaUnchanged
PASS ApplyDimension_SpanNotNumber_RefusedUnchanged
PASS Receipt_Dimension_OldReaderRefusesDocReference
PASS ApplyDimension_FitJustBelowLimit_Accepted
PASS ApplyDimension_RootChordShift_P0EqualsP1BitsZero
PASS ApplyDimension_OneRailLocked_ResidualReported
PASS ApplyDimension_TipChordClosingTip_DslTarget
PASS ApplyDimension_Receipt_CarriesRuleId
PASS Reopen_ChordRows_UndoRedoRoundTrip
PASS Reopen_RetrySameDimensionOperationId_ReturnsPriorId
PASS AcceptedSourceOf_UnheldId_IsNullNeverTheCurrentRevision
PASS TipChord_Drag_BelowMinimum_HoldsAtMinimum_ReleaseCommitsHeldValue
PASS TipChord_RootDrag_PastTwoPercentOfTip_HoldsAtRootMaximum
PASS TipChord_InteriorVerticesAndHandles_NeverChangeEitherChord
PASS TipChord_RootChordRaise_ThatPushesTipUnder_Refused
PASS TipChord_PointTipDocument_IsNeverOpenedSoNoSessionHoldsOne
PASS TipChord_DragToExactlyMinimum_Admitted
PASS TipChord_Admits_NonFiniteOldTip_AdmitsRepairingEdit
PASS TipChord_EditThatDoesNotTouchThePlanform_AdmittedOnOldFile
PASS LayoutParse_BadWorkspace_OthersRestored
PASS LayoutParse_RetiredSamplesPane_DroppedOthersKept
PASS RecentParse_RelativePath_Dropped
FAIL Rollback_V2UnknownTopLevel_BytesUnchanged InvalidOperationException: missing LAYOUT-VERSION [LAYOUT-SESSION-ONLY,DOC-UNSUPPORTED-PERSISTENCE]
PASS LayoutLoad_ReadError_NeverWrites
FAIL PrefsSave_LayoutAndRecentConcurrent_BothKept InvalidOperationException: Expected saved; actual failed
FAIL LayoutSave_TwoQueuedSaves_UnionOfChangedWorkspaces InvalidOperationException: Expected saved; actual failed
FAIL Recent_ClearFails_ReportedNotCleared InvalidOperationException: Expected LAYOUT-VERSION; actual DOC-UNSUPPORTED-PERSISTENCE
FAIL Recent_RemoveWriteFails_ListUnchanged FileNotFoundException: Could not find file 'C:\Projects\CFD-Workbench-win-smoke-reverify\.tmp-tests\p1-690ffdd5a5b946a4ad56a184d143917a\recent\recent.json'.
FAIL PrefStore_TextSize_RoundTrip InvalidOperationException: Expected saved; actual session-only
FAIL PrefStore_TextSize_PriorRoot_LayoutAndRecentUntouched InvalidOperationException: Expected saved; actual failed
FAIL PrefStore_TextSize_LoadAndSaveSerialized_NoStaleHash InvalidOperationException: Expected saved; actual session-only
PASS PointModel_SrOneAliases_RemovedAtExit
PASS PointModel_MultiplicityTwoKnot_ControlPointsAndC1Marker
PASS PlanformView_Sampler_IncludesEndsKnotsAndDensity
PASS Comb_Anchor_TwoOneSidedTeeth
PASS LengthExpression_UnitsAndReferences_ResolvedToMetres
PASS LengthExpression_SubMicrometreInput_RoundedToMicrometre
PASS UpdatePointGesture_NonfiniteTarget_DraftUnchanged
PASS UpdatePointGesture_Anchor_HandlesMoveBySameDelta
PASS UpdatePointGesture_SymmetricAnchorDragAfterRefit_RowHolds
PASS UpdatePointGesture_GapBelowOneMillimetre_ClampKeepsCurrentGap
PASS UpdatePointGesture_BypassedClamp_DslPatch
PASS PlacementRule_CertificateGoldenMaster_PointAtBitsUnchanged
PASS PlacementRule_TaylorAndGridConstants_SharedByAllModels
MEASURE fixture=random-0 max_outside_m=5.5511151231257827E-17
PASS Placement_RandomFixtures_WithinCertifiedEnclosure
PASS Placement_SignFixture_PositiveTwistTrailingEdgeDown
PASS Placement_Surface_AuthoredStationsIncludedExactly
PASS Placement_Surface_NeverUsesProofBudget
PASS Placement_UnparsedDraft_DslPatch
PASS ChannelEvaluator_PlanformViewFold_SamplesUnchanged
MEASURE concurrent_sections channel=400 profile=116160 expected_channel=400 expected_profile=116160
PASS Placement_Counters_ExactUnderConcurrentSections
PASS MakeAnchor_NewFoil_TenToThirteenHeader41SmoothRow
PASS MakeAnchor_HandleGapBelowGrid_Refused
PASS MakeControl_Locality_OutsideSegmentWithinIdentity
PASS SetTangent_HandleSelected_SelectionKept
PASS SetTangent_Corner_RowRemoved
PASS ApplyPointCommand_SameOperationTwice_OneRow
PASS History_ReapplyOperationDifferentPayload_Refused
PASS Reopen_TwoDGestureRow_UndoRedoRoundTrip
PASS Recovery_PointTypeRail_RefusedByRecoveryReference
PASS Replay_SameOperationDifferentPointVerb_DocOperationConflict
PASS Reopen_ForgedRebuildVertexNotCurve_DocReference
PASS Receipt_ForgedPointVerbReceipts_DocReference
PASS Reopen_AfterEachVerb_BytesIdsAndUndoDepthIdentical
PASS Parse_Channel40FiveVertices_DslCurve
PASS AddPoint_FirstSpanRootMirror_RootSquareBitExact
PASS AddPoint_AtCeiling16_RefusedNamingCeiling
PASS AddPoint_DefaultPosition_SpanMidpointNeverAKnot
PASS RemovePoint_RootHandleAndTipHandle_Refused
PASS RemovePoint_WouldFold_RefusedNothingChanged
PASS RemovePoint_NextToAnchorHandle_TangentRowHolds
PASS Rebuild_SameCountSameKnots_NoRowBytesUnchanged
PASS Rebuild_WithAnchors_AnchorsDroppedRowsRemoved
PASS Rebuild_TipTurn_MatchesDirectAngle
PASS Rebuild_RailsWouldCross_RefusedNothingChanged
PASS PointVerbEvents_RecordKindOutcomeCountsDeviation
PASS PlanformView_FourVertexCurve_SamplesIncludeEndsAndMinimumCount
PASS RemovePoint_RefusalTable_OrderAndCopy
PASS RemovePoint_NextToEndHandle_EndDirectionKept
PASS PointVerbEvents_NoIdsOrPositions
PASS PointModel_DihedralRootMirror_RootHandleZeroSpanOnly
PASS Channels_UnitTable_QuantumLadderToleranceDomainPerCurve
PASS UpdatePointGesture_ChannelPoints_QuantizedPerUnitTable
PASS UpdatePointGesture_ThicknessBelowZero_ClampedInsideOpenInterval
PASS UpdatePointGesture_CoMovedHandleBeyondDomain_Clamped
PASS Gesture_DihedralDrag_OneAcceptedRowUndoExact
PASS MakeAnchor_ThicknessAtCeiling_RefusedNamesCeiling
PASS ApplyPointCommand_DihedralRootEnd_DslLock
PASS Reopen_ChannelPointTypeAndTangentRows_UndoRedoRoundTrip
PASS ProfileEvaluator_DisplayMaximum_WithinCertifiedMaximum
PASS ProfileView_RebuiltProfile_NeverUsesProofBudget
PASS Parse_ProfileHorizontalRowOnAnchor_Accepted
PASS SectionPoints_NoseShared_OnePointTwoHandles
PASS SectionPoints_VerticalOnInteriorAnchor_DisabledWithReason
PASS Sections_Facts_TrailingEdgeWedgeAndGap
PASS Sections_Facts_MemoInvalidatedByNewBytes
PASS Assess_ProfileSmoothRowNearVertical_Certified
PASS Assess_ProfileVerticalRowHandlesSameSide_InvalidDslLock
PASS SectionEdits_AngleKind_HandlesOnRaysWithinTau
PASS SectionEdits_DeleteBelowSevenPoints_Refused
PASS SectionEdits_AnchorPast32Points_RefusedNamingCeiling
PASS SectionEdits_PairedXMove_BothSurfacesSameAbscissa
PASS SectionEdits_PairedAnchorToControlRefitOverLimit_Refused
PASS SectionEdits_PairedAngle_HandlesKeepPairedX_Certifies
PASS SectionEdits_TwoProfiles_ControlToAnchor_Observed
PASS SectionEdits_SharedImport0012_LandsAsSharedReplaceCertified
PASS SectionDraft_StepThenUndoThenRedo_BytesRestoredExactly
PASS SectionDraft_SecondDraftWhileOpen_DslDraftOwned
PASS SectionDraft_FinishBytesEqualBase_NoRow
PASS SectionDraft_MakeUniqueThenCancel_NoCopyLeft
PASS SectionDraft_MakeUnique_RootGetsCopyTipKeepsSource
PASS SectionDraft_ImportStep_ReportsResidualAndProvenance
PASS SectionTelemetry_Events_NoNamesIdsOrPositions
PARTITION 3/3 of 683 checks
RESULT failures=11
