PASS Canonical_Rfc8785_0000000000000000
PASS Canonical_Rfc8785_8000000000000001
PASS Canonical_Rfc8785_4340000000000000
PASS Canonical_Rfc8785_44b52d02c7e14af5
PASS Canonical_Rfc8785_444b1ae4d6e2ef4e
PASS Canonical_Rfc8785_3eb0c6f7a0b5ed8c
PASS Canonical_Rfc8785_41b3de4355555554
PASS Canonical_Rfc8785_41b3de4355555557
PASS Decimal_UnitEquivalent_ExactlyOneRounding
PASS Decimal_Subnormal_RoundsCorrectly
PASS Decimal_UnsupportedScale_RefusesBeforeScaling
PASS Decimal_MinimumIntegerScale_RefusesBeforeAllocation
PASS Blake3_OfficialEmptyVector_Matches
FAIL Catalog_VendAndLink_NoCoordinates ContractError: a catalog file failed its check
FAIL CatalogGenerator_ClosedTe4412_ChordFrameLeAtMinimumX ContractError: a catalog file failed its check
PASS Provenance_LegacyDatForm_ParsesAsDat
PASS Provenance_MoveAfterReplace_MarkedModified
PASS Ruling17_LegacySource_RefusedWithOriginalBytes
PASS Ruling15_UnknownChannel_DoesNotInventOverflow
PASS Ruling15_BoundMillimeters_CompensateLargeDecimal
PASS Ruling15_UnknownEvaluator_PreventsGuessedConversion
PASS Parse_Assertions_RecognizesWholeGrammar
PASS Parse_InvalidReference_ReportsReference
PASS Parse_LexicalErrorAfterVersionError_ReportsLexicalFirst
PASS Parse_NumberWordWithoutWhitespace_ReportsLexical
PASS Source_OutwardMutation_PreservesAuthority
PASS Parse_StandaloneAsset_IsSyntaxError
PASS Parse_LateNumericOverflow_PrecedesStructuralFailure
PASS Diagnostic_CurveError_NamesCurveAndRequirement
PASS NewDefault_ParsesAndCertifies
planform deviation 0.011972960968201975 m analytic MAC 0.10787865603554626 m fitted MAC 0.11038811028541452
PASS NewDefault_WingEstimates_AreaAndAspectRatioExact
PASS Parse_TangentsUnder40_DslSyntax
PASS Parse_ElevenChannelPointsUnder40_DslCurve
PASS Parse_Foil42UnknownBlock_DslVersion
PASS Identity_Header41RewriteSameGeometry_DefinitionHashUnchanged
PASS Ruling18_ConstantTwist_0_QueriesComplete
PASS Ruling18_ConstantTwist_5e-324_QueriesComplete
PASS Ruling18_QueryEnvironmentalOutcomes_SeparateFromDeterministicCaps
PASS Geometry_TwistOutsideWholeDomainTaylorProof_NotAssessed
PASS Geometry_ExhaustedWorkLimit_ProducesNoCertificate
PASS Geometry_PlacedTip_MirrorsOnlySpan
PASS Geometry_DyadicBezier_EnclosesIndependentExactMaximum
PASS Geometry_SubnormalPositiveChord_Admitted
PASS Geometry_UnsupportedBasis_DistinguishedFromUncertainty
PASS Geometry_InteriorNegativeThickness_BlocksCertificate
PASS Geometry_RootLockViolation_BlocksCertificate
PASS Assess_SmoothRowSatisfied_Certified
PASS Assess_SixteenPointThreeAnchors_WorkCountBounded
PASS Assess_TwistAtDomainLimit_Certified
PASS Assess_SmoothRowOnTwistChannel_Certified
PASS Assess_SmoothRowOnDihedral_Certified
PASS ProofBudget_SameProof_SameWorkAndExactBoundary
PASS GroupGesture_Translates_AllMembers_OneDraft
PASS GroupGesture_RootBelow250_NeverClamps
PASS GroupGesture_FixedMember_RefusedNamingLock
PASS GroupGesture_AnchorBringsHandles
PASS GroupGesture_LegacyTipUnderMinimum_HoldsAtPressChord
PASS ApplyGroupValue_MoveBy_AllShifted
PASS ApplyGroupValue_TwistSetToOutOfDomain_ReportsThePointAndTheRangeAsData
PASS Blend_TwoProfiles_Certified
PASS Blend_Midpoint_CamberIsMeanAndThicknessPeaksAtOne
Blend heap differential: 320 cases, 81 both refused, worst comparisons/bound 0.844, 98.5 ms
PASS Blend_HeapMaximum_MatchesListOracleAndComparisonBound
PASS Ruling17_LegacySourceAndNative_NoAdoptionOrSilentRehash
PASS Ruling16_MissingIdsAreUnaccepted_AndInvalidSourceHasDiagnostics
PASS Ruling16_AuthoredAssertionsAndExactSi_AreInspectionOnly
PASS Session_OperationIdDifferentPayload_Conflicts
PASS Session_PublicSizeCap_CannotExceedReadableFormat
PASS Session_LocalTelemetry_BoundedAndNoSourceIdentity
PASS Session_ConcurrentSameGeneration_ExactlyOneMutation
PASS Session_HistoryGrowthRefusal_IsAtomic
PASS Native_DuplicateKey_Refuses
PASS Session_StaleGeneration_LeavesDraftUnchanged
PASS Session_OldAssessment_AfterDraftUpdateCannotApply
NOT ASSESSED native persistence primitives on this platform
FAIL Library_Save_PublishesHashNamedFile ContractError: DOC-UNSUPPORTED-PERSISTENCE
PASS Library_EmptyName_Refused
PASS Library_HashNotName_ListedAsProblem
FAIL Library_WriteFails_NothingPublished InvalidOperationException: Expected LIB-IO; actual DOC-UNSUPPORTED-PERSISTENCE
PASS Profile_PatchPoint_RoundTripsAndChangesOnlyThatCv
PASS Profile_UpperCrossesLower_ReportsCross
PASS Profile_UnknownVertex_RefusesTarget
PASS Profile_Retry_SameOperationIsIdempotent
PASS Parse_TangentsBeforeIds_RefusedDslSyntax
PASS Profile_RecoveryRoundtrip_ResumesSameProfileTarget
PASS Receipt_SectionRecovery_RoundTripsExpandOnly
PASS Reopen_LegacyInsertDeleteFairRebuildReceipts_StillCheck
PASS Receipt_ForgedSectionRailUnknownProfile_DocReference
PASS Solve_ExactPolynomial_ReproducesControlOrdinates
PASS Fair_TinyTolerance_DoesNotAcceptAShapeChange
PASS Profile_Insert_PreservesShape_UndoRedo
PASS Profile_Delete_RefusesFloorAndFixedEnds
PASS Profile_Insert_IndependentCopiesFirst
PASS Rebuild_TenVertices_CertifiedOneUndoItem
PASS DatImport_Naca0012_LednicerGivesSameProfileBlock
PASS DatImport_Provenance_ContainsSha256OfOriginalBytes
IMPORT-BASIS: refused No point spacing from 8 to 16 points holds a .dat file within 10 µm: the closest is 15351.50 µm (12.7929 % chord; limit 10 µm at 120 mm). Nothing changed.
PASS DatImport_Reflexed_ExampleTip_RefusedCatResidualNothingChanged
RPL preview 4412 shared (scan 8..15) first 87.4 ms, again 53.0 ms
RPL 4412 own-15 residual 5.59 um; largest change 4.91 mm at x 0.396
PASS Replace_SharedExample4412_OwnSpacing15PointsCertified
PASS Replace_AfterMakeUnique_NoOrphanParses
PASS Replace_UniqueRootCambered_RefusedCatSpacingNothingChanged
PASS Replace_AcceptanceUsesLargestReplacedChord
PASS Replace_MySectionsEntrySameSpacing_ExactCopy
PASS Replace_InnerRedo_ReappliesSource
PASS Replace_StalePreviewAfterTypingOrStep_Refused
RPL first-differing step 253.8 ms
PASS Guard_FivePiecesDiffering_Certifies
PASS Replace_ThreeStationsEveryStation_OneBlockCertified
PASS Replace_CurrentSpacing_KeepsIdsAndTangentRows
PASS Replace_Frame_ReportsLeShiftRotationScale
RPL rotated 5 deg: records 0.00 um apart; reported turn 5.0000 deg; fit 5.59 um
PASS Replace_RotatedSource5.0Deg_SameRecordAsUnrotated
PASS Replace_UnpairedSpacing_RefusedDslLockNamingConflict
PASS Reopen_Delete_AcceptedRoundtripsUndoRedo
PASS Reopen_RecoveryMidInsert_ResumesSameDraftBytes
PASS Reopen_InsertThenDelete_NeverThrows
PASS Thickness_UseSource_SharedExample_FitsRootTipAndUndoRestores
PASS WingEstimates_Compute_EmitsEvent
PASS WingEstimates_DraftBytes_DifferFromAccepted
PASS ApplyDimension_Span15b_HalfSpanExact
PASS ApplyDimension_Span_OneUndoStepUndoExact
PASS ApplyDimension_SpanNonPositive_RefusedUnchanged
PASS Recovery_Dimension_Refused
PASS ApplyDimension_FitJustAboveLimit_AcceptedWithWarning
PASS ApplyDimension_TipChord_NoShiftRootChordUnchanged
PASS ApplyDimension_Cad17Taper_ChordRuleWithinTolerance
PASS ApplyDimension_EdgesWouldCross_DslEdgesCross
PASS BlendRule_LockStateToRuleId_Pinned
PASS Reopen_ForgedRuleValue_DocReference
PASS AcceptedSourceOf_EarlierRevision_ReturnsItsOwnBytesNotTheCurrent
PASS AcceptedSourceOf_ReopenedImage_HoldsTheSavedHistory
PASS TipChord_Drag_LeadingTip_TowardTrailing_HoldsAtMinimum
PASS TipChord_RootDrag_AtOrUnder250mm_NeverClamps
PASS TipChord_NumericEntry_BelowMinimum_Refused
PASS TipChord_RootChordRefusal_NamesRootAndMaximum_TipChordRefusalNamesTipAndWayOut
PASS TipChord_RootMaximum_IsTheLargestRootAdmitted
PASS TipChord_OldFileBelowMinimum_OpensAndEditsUpAreAdmitted
PASS TipChord_RefusedDimension_RetryReportsRefusalThenLegalEditAccepted
PASS LayoutParse_Corrupt_ReturnsPresetsWithCode
PASS LayoutParse_UnknownPane_DroppedOthersKept
PASS LayoutCodec_LayersPane_HomeLeftOldFileOpens
FAIL LayoutCodec_DeepestValid_SerializesAndReaderRejectsDepth9 InvalidOperationException: Expected -1; actual 1
FAIL Rollback_V2UnknownWorkspaceMember_BytesUnchanged InvalidOperationException: missing LAYOUT-VERSION [LAYOUT-SESSION-ONLY,DOC-UNSUPPORTED-PERSISTENCE]
PASS PrefStore_Unsupported_SessionOnly
FAIL LayoutSave_ClaimBusyHashSame_RetriesOnce InvalidOperationException: Expected True; actual False
FAIL LayoutSave_StaleClaim_SessionOnlyNamesClaim InvalidOperationException: Expected claim-held; actual failed
FAIL Recent_Clear_NoFileContainsMarkerPath InvalidOperationException: Expected saved; actual failed
FAIL StoreContract_CancelBeforePublish_DocCancelled InvalidOperationException: Expected False; actual True
FAIL PrefStore_TextSize_OutOfSetOrGarbled_100_BytesUnchanged InvalidOperationException: {"format":"cfdw-display","version":1,"textSize":175}: missing DISPLAY-SCHEMA [LAYOUT-SESSION-ONLY,DOC-UNSUPPORTED-PERSISTENCE]
FAIL PrefStore_TextSize_SessionOnlyOrUnreadable_NeverWrites IOException: A required privilege is not held by the client. : 'C:\Projects\CFD-Workbench-win-smoke-reverify\.tmp-tests\p1-01282e7110e64d94bfe7dc73c9a9fac6\prefs'.
PASS PrefStore_TextSize_SerializeOutOfSet_Throws
PASS PointModel_AnchorAtMultiplicityThree_HandlesAssigned
PASS PlanformView_Sampling_NeverUsesProofBudget
PASS Planform_Probe_ChordAndRailsAtEta
PASS Comb_CornerAnchor_BreakReported
PASS LengthExpression_NonLength_DslUnit
PASS BeginPointGesture_FixedPoint_DslLock
PASS UpdatePointGesture_LeadingPoint_OnlyLeadingTextChanges
PASS UpdatePointGesture_SmoothHandleDrag_OppositeCollinear
PASS UpdatePointGesture_TeRootEnd_HandleFollowsRootMirror
PASS UpdatePointGesture_RandomTargets_OrderAndRowsHold
PASS Gesture_DragManyFrames_OneAcceptedRow
PASS PlacementRule_CertificateGoldenMaster_AssessWitnessesAndRefusalsUnchanged
PASS PlacementRule_SelectBlend_SameStationsAsCertificate
MEASURE fixture=example max_thickness_outside=0
MEASURE fixture=blended-dihedral max_thickness_outside=0
MEASURE fixture=blended-peaks max_thickness_outside=0
MEASURE fixture=chord-2m max_thickness_outside=0
MEASURE fixture=c0-peak max_thickness_outside=0
MEASURE fixture=two-hump-2m max_thickness_outside=0
MEASURE fixture=two-hump-blend-2m max_thickness_outside=0
PASS Placement_DisplayMaximum_WithinCertifiedMaximum
PASS Placement_SignFixture_PositiveElevationRaisesSection
PASS Placement_Surface_AuthoredEtaOnUniformGridOnce
MEASURE channel_evals=205 profile_evals=7798 per_point=496920
PASS Placement_Surface_EvaluatorCallsBounded
PASS Placement_StationFrame_ChordDerived
PASS Placement_ProbeChord_EqualsWingEstimatesOnPl0Fixtures
PASS MakeAnchor_ControlPoint_PassesThroughWithinIdentity
PASS MakeAnchor_ThirteenPoints_SixteenAccepted
PASS MakeAnchor_RootEnd_DslLock
PASS MakeControl_Undo_RestoresExactly
PASS SetTangent_SmoothNoHandleSelected_BothOnBisector
PASS ChordRefit_SmoothAndSymmetricRows_HeldExactly
PASS ApplyPointCommand_SameOperationDifferentKind_DocOperationConflict
PASS Reopen_RetrySamePointOperationId_ReturnsPriorId
PASS Reopen_CurveOnGestureReceipt_DocReference
PASS Recovery_M12aGoldenRailDraft_ApplyOneRowNoCurve
PASS Reopen_ForgedPointAddIdAlreadyPresent_DocReference
PASS Verbs_UndoRedo_RestoresBytesAndAnchorRows
PASS Verbs_UndoRedo_EachVerbBytesRestoredAndReapplied
PASS Parse_Channel41FourVertices_Parses
PASS Parse_TangentRowOnFourVertexChannel_DslLock
PASS AddPoint_NewIdAboveMaxNeighboursKeepIds
PASS AddPoint_PastTen_WritesHeader41InSamePatch
PASS RemovePoint_FloorThenEnds_Order
PASS RemovePoint_AnchorAndAnchorHandle_Refused
PASS RemovePoint_Control_ChangeMeasuredAndOutsideSupportUnchanged
PASS RemovePoint_BelowSix_WritesHeader41
PASS Rebuild_SameCountNonGrevilleAbscissae_AppliesAndReports
PASS Rebuild_Below6OrAbove10_RaisesHeader41
PASS PreviewRebuild_AreaUsesWingEstimatesForCurrentAndCandidate
PASS Rebuild_SchoenbergWhitneyFails_RefusedWithCopy
PASS SelectAfterVerb_SurvivorKeptElseNearestEtaTieTowardTip
inflection leading 1 at 23.25 mm
inflection trailing 1 at 23.25 mm
PASS NewFoil_FourPointRails_OneInflectionNearRoot
PASS AddPoint_NextToSmoothAnchor_RowStillHolds
PASS PointVerb_On41FileBackInto6To10_HeaderStays41
PASS Reopen_OldBuildNewReceiptKind_RefusedFileUnchanged
PASS PointModel_TwistAndThicknessRootMirror_RootEndValueOnlyCoupled
PASS Channels_View_AnyChannelSameShapeAsRails
PASS UpdatePointGesture_TwistBeyondDomain_ClampedAtDomain
PASS UpdatePointGesture_ThicknessAboveOne_ClampedBelowOne
PASS UpdatePointGesture_TwistSmoothHandleDrag_OppositeKeepsEtaOnLine
PASS Gesture_TwistReleaseAtDomainLimit_CertifiedApplied
PASS MakeControl_DihedralAnchor_LocalityWithinIdentity
PASS Telemetry_ChannelEdits_CurveFamilyNoIdsOrPositions
PASS Reopen_UnknownCurveOnReceipt_DocReference
PASS ProfileEvaluator_SingleSite_NoOtherProfileInversionInSource
FAIL Placement_ProfileEvaluatorFold_SurfaceBitsUnchanged InvalidOperationException: Expected blended-dihedral.foil 943866A4A779DE0CD263065574A79453E7C64D8E64664A2B8C355B2C265DAEDE
blended-peaks.foil DF279A33046A379D1CFD516E821BD1D821BE035DB3FEA1979201D8A0C4A226BC
c0-peak.foil B845C14539A41283DE523E8BD23E8A922B9A0005658F33FFCFDFD97A2B4F1982
chord-2m.foil 895B9B13D8901B151AE0C451F7C01887373AFE644105E76CFF6B02181CAD3393
example.foil C181A818CE463AA3B5C589A77226E1D92D394EF22F79C18CE64E1476E39C4436; actual blended-dihedral.foil B8FBA9F321DE453A82236E8BE0B2734919FDE4721BBB8F1BECB22B8939638CC0
blended-peaks.foil 4CF48E1C3190A630D4A072752A682E1BEE6E59BDDA58DB7A526727F00D16F26F
c0-peak.foil 97D5536AC6F9B9B372EE9FF369E90E92869A667DA8E84F75EEFBCA63590C8AB9
chord-2m.foil CD935DD37EB1BC07C460A3458C173CE6B7B6E47B88FF068324498E91348D6306
example.foil 713F18654853BDC053835B2E1DF6A1DB8FC5BEFD65D73C11507214EDC6BD570D
PASS Parse_ChannelHorizontalRow_StillDslLock
PASS SectionPoints_OpenTrailingEnd_YOnly
PASS SectionPoints_SolverOutput_PassesItsRowCheck
PASS Sections_Facts_LeRadiusAndWedgeAtStation_MatchPlacedRuleA
PASS SectionComb_AfterMakeAnchor_BreakMarkerAtAnchor
PASS Assess_ProfileHorizontalRowUnlevel_InvalidDslLock
PASS SectionEdits_HorizontalKind_HandlesLevelExactly
PASS SectionEdits_InsertAnchorKeepShape_ShapeExactCornerAnchor
PASS SectionEdits_FairWithAnchorRows_AnchorsKeptRowsHold
PASS SectionEdits_TypeAndTangentSteps_ReportCountsAndMeasuredMaxChange
PASS SectionEdits_PairedAnchorToControl_RefitLocalWithin10Um
PASS SectionEdits_RandomSectionsPaired_KnotsEqualAndLocalityHold
PASS SectionEdits_PairedToAnchorWithKind_PartnerRowWritten
PASS SectionEdits_UniqueProfile_AbscissaBreakingStepRefusedNothingChanged
PASS SectionEdits_UniqueImportOverLimit_RefusedNothingChanged
PASS SectionDraft_StepAfterUndo_DropsRedoTail
PASS SectionDraft_RefusedStep_DraftBytesUnchanged
PASS SectionDraft_FinishSixSteps_OneAcceptedRow
PASS SectionDraft_FinishThenUndo_SourceAndAssignmentsRestored
PASS SectionDraft_UseSourceThickness_ReportsTargetsAndAffectedEta
PASS SectionDraft_FairStep_ReportsAchievedDeviation
PASS Profile_IndependentEdit_ApplyUndoRedoKeepsOtherProfiles
PARTITION 1/3 of 683 checks
RESULT failures=13
