PASS Architecture_AnalysisAssembly_NoEditVerbsNoProfileAt
COST Architecture_AnalysisAssembly_NoEditVerbsNoProfileAt 305.192
GROUP Architecture 306
PASS RunKey_PinnedVector_HexEqual
COST RunKey_PinnedVector_HexEqual 185.796
PASS Project2_RoundTrip_ByteEqual
COST Project2_RoundTrip_ByteEqual 441.388
PASS Project1_NoRun_ByteIdenticalToToday
COST Project1_NoRun_ByteIdenticalToToday 302.471
PASS Project2_TodaysReader_FailsClosedCopy130
COST Project2_TodaysReader_FailsClosedCopy130 194.212
PASS RecordRun_SameRunIdTwice_Refused
COST RecordRun_SameRunIdTwice_Refused 102.145
PASS RecordRun_SameKeyTwice_OneCompletedRow
COST RecordRun_SameKeyTwice_OneCompletedRow 101.555
PASS RecordRun_StripGap_Refused
COST RecordRun_StripGap_Refused 105.117
PASS Tamper_EditedStripValue_RunUnavailable
COST Tamper_EditedStripValue_RunUnavailable 143.082
PASS Tamper_StoredKeySetToCurrent_RunUnavailable
COST Tamper_StoredKeySetToCurrent_RunUnavailable 149.991
PASS RevisionLabel_TwistEdit_OrdinalsAndRail
COST RevisionLabel_TwistEdit_OrdinalsAndRail 337.045
PASS RecordRun_DiagnosticsByOutcome_CompletedOnly
COST RecordRun_DiagnosticsByOutcome_CompletedOnly 147.798
PASS RecordRun_PanelProvisionalCode_ValidatedOldRowReads
COST RecordRun_PanelProvisionalCode_ValidatedOldRowReads 197.187
GROUP RunStore 2408
PASS Analysis_DraftOpen_EvaluatesAcceptedRevision
COST Analysis_DraftOpen_EvaluatesAcceptedRevision 317.224
PASS Evaluate_Supersede_OlderCancelledViaBarrier
COST Evaluate_Supersede_OlderCancelledViaBarrier 194.108
PASS Evaluate_Cancel_NoRowRecorded
COST Evaluate_Cancel_NoRowRecorded 131.595
PASS Evaluate_CloseMidCompute_DocClosedNoRow
COST Evaluate_CloseMidCompute_DocClosedNoRow 124.223
PASS OperatingPoint_SpeedZeroOrNegative_Undefined
COST OperatingPoint_SpeedZeroOrNegative_Undefined 62.882
PASS Telemetry_AnalysisRun_EmittedWithSubDurations
COST Telemetry_AnalysisRun_EmittedWithSubDurations 248.475
PASS Evaluate_SupersededBeforeCancel_RecordsNothing
COST Evaluate_SupersededBeforeCancel_RecordsNothing 120.956
PASS Evaluate_Supersede_CancelsOlderOutsideTheLock
COST Evaluate_Supersede_CancelsOlderOutsideTheLock 187.977
PASS Telemetry_UnexpectedException_OutcomeNotOk
COST Telemetry_UnexpectedException_OutcomeNotOk 115.496
PASS Evaluate_CancelledBeforeIdempotentHit_Throws
COST Evaluate_CancelledBeforeIdempotentHit_Throws 195.875
PASS Evaluate_SameKeyFromTwoServices_ReturnsRecordedRow
COST Evaluate_SameKeyFromTwoServices_ReturnsRecordedRow 179.640
PASS Evaluate_WaterOutsideTable_RefusedNoRow
COST Evaluate_WaterOutsideTable_RefusedNoRow 129.960
PASS Evaluate_ComputeFails_FailedRowHasNoDiagnostics
COST Evaluate_ComputeFails_FailedRowHasNoDiagnostics 253.079
PASS Evaluate_SectionStationsChanged_NewKeyNotAHit
COST Evaluate_SectionStationsChanged_NewKeyNotAHit 343.032
PASS Evaluate_ThrowingCancelCallback_NewerSourceReleased
COST Evaluate_ThrowingCancelCallback_NewerSourceReleased 165.260
PASS Evaluate_UncertifiedGeometry_RefusedNotAssessedNoCompute
COST Evaluate_UncertifiedGeometry_RefusedNotAssessedNoCompute 16.505
PASS Evaluate_TipChordBelowFloor_RefusedOpensAndEditsStillWork
COST Evaluate_TipChordBelowFloor_RefusedOpensAndEditsStillWork 299.693
GROUP Service 3087
OBSERVED panel α_L0 -4.14220529 deg, Cm_c/4 -0.124559429
PASS Section_ParabolicCamber_PanelZeroLiftAndMoment
COST Section_ParabolicCamber_PanelZeroLiftAndMoment 39.749
OBSERVED thin symmetric panel Cl slope: 6.26649016
PASS Section_ThinSymmetric_PanelClApproaches2PiSlope
COST Section_ThinSymmetric_PanelClApproaches2PiSlope 28.704
OBSERVED thin-camber panel α_L0 -4.62713572 deg, Cm_c/4 -0.125426269
PASS Section_ThinCambered_GlauertOracleOnly
COST Section_ThinCambered_GlauertOracleOnly 13.303
PASS Section_Ittc1957_TurbulentBound
COST Section_Ittc1957_TurbulentBound 4.477
OBSERVED section estimator default 200 panels: 19.514 ms
PASS Section_SourceStation_IndependentPanelResolution
COST Section_SourceStation_IndependentPanelResolution 73.595
PASS Section_CamberedPreparedPanel_ReusesMatrix
COST Section_CamberedPreparedPanel_ReusesMatrix 60.188
GROUP SectionEstimator 220
PASS Cavitation_ScreenString_NamesStationCount
COST Cavitation_ScreenString_NamesStationCount 1.148
PASS Cavitation_Margin15Percent_Applied
COST Cavitation_Margin15Percent_Applied 0.975
PASS Cavitation_NegCpMinNonPositive_Undefined
COST Cavitation_NegCpMinNonPositive_Undefined 0.337
PASS Cavitation_PvOrDepthMissing_Unavailable
COST Cavitation_PvOrDepthMissing_Unavailable 0.266
PASS Cavitation_GoverningStation_AtAlphaEffAndLocalDepth
COST Cavitation_GoverningStation_AtAlphaEffAndLocalDepth 10.730
PASS Cavitation_GoverningStation_MinLocalRatio
COST Cavitation_GoverningStation_MinLocalRatio 9.484
PASS Cavitation_DepthRotation_PositiveAftRise
COST Cavitation_DepthRotation_PositiveAftRise 2.493
PASS Cavitation_SurfacePiercingAndInvalidWater_DistinctReasons
COST Cavitation_SurfacePiercingAndInvalidWater_DistinctReasons 0.245
GROUP Cavitation 26
NeuralFoil fidelity max difference 2.4424906541753444E-15
PASS NeuralFoil_Fidelity_Python032
COST NeuralFoil_Fidelity_Python032 78.814
NeuralFoil end-to-end max difference 0.00078100128163666183
PASS NeuralFoil_EndToEnd_SectionToPolar_Python032
COST NeuralFoil_EndToEnd_SectionToPolar_Python032 46.235
PASS NeuralFoil_CorruptWeights_Refused
COST NeuralFoil_CorruptWeights_Refused 9.450
PASS NeuralFoil_CstFit_RecoversSection
COST NeuralFoil_CstFit_RecoversSection 1.794
PASS NeuralFoil_Source_ProducesPolarSample
COST NeuralFoil_Source_ProducesPolarSample 22.496
PASS NeuralFoil_Source_NoncomputableNamesReason
COST NeuralFoil_Source_NoncomputableNamesReason 1.330
PASS NeuralFoil_Envelope_Alpha_OutsideTraining_NonComputable
COST NeuralFoil_Envelope_Alpha_OutsideTraining_NonComputable 1.263
PASS NeuralFoil_Envelope_Re_OutsideTraining_NonComputable
COST NeuralFoil_Envelope_Re_OutsideTraining_NonComputable 1.149
PASS NeuralFoil_Envelope_Ncrit_OutsideTraining_NonComputable
COST NeuralFoil_Envelope_Ncrit_OutsideTraining_NonComputable 0.969
PASS NeuralFoil_Envelope_Alpha_InsideTraining_ComputedFlagged
COST NeuralFoil_Envelope_Alpha_InsideTraining_ComputedFlagged 8.235
PASS NeuralFoil_Envelope_Re_InsideTraining_ComputedFlagged
COST NeuralFoil_Envelope_Re_InsideTraining_ComputedFlagged 7.901
PASS NeuralFoil_Envelope_Ncrit_InsideTraining_ComputedFlagged
COST NeuralFoil_Envelope_Ncrit_InsideTraining_ComputedFlagged 7.430
PASS NeuralFoil_Envelope_Ncrit_IntermediateValue_Flagged
COST NeuralFoil_Envelope_Ncrit_IntermediateValue_Flagged 7.387
PASS NeuralFoil_Envelope_InsideBracket_NotFlagged
COST NeuralFoil_Envelope_InsideBracket_NotFlagged 8.110
MEASURE naca0012 match tolerance 0.0015 spike-open 0.00126 edited 0.00387 editedFitResidual 0.000173
PASS NeuralFoil_Family_EditedNaca0012_LosesValidatedFamily
COST NeuralFoil_Family_EditedNaca0012_LosesValidatedFamily 12.344
FAIL NeuralFoil_Family_CatalogNaca0012_DerivedNotLabelled ContractError: a catalog file failed its check
COST NeuralFoil_Family_CatalogNaca0012_DerivedNotLabelled 2.255
PASS NeuralFoil_Envelope_CstResidual
COST NeuralFoil_Envelope_CstResidual 1.009
PASS NeuralFoil_Envelope_OutsideValidatedBracket
COST NeuralFoil_Envelope_OutsideValidatedBracket 8.044
PASS NeuralFoil_Confidence_Low_ComputedFlaggedNeverRefused
COST NeuralFoil_Confidence_Low_ComputedFlaggedNeverRefused 22.648
PASS NeuralFoil_Telemetry_EmittedOnNormalPath
COST NeuralFoil_Telemetry_EmittedOnNormalPath 11.553
COST NeuralFoil_InferencePerCall 6.618
PASS NeuralFoil_InferenceCost
COST NeuralFoil_InferenceCost 86.415
GROUP NeuralFoil 348
PASS PolarSample_DerivedFlags_EqualEvaluateAtWriteTime
COST PolarSample_DerivedFlags_EqualEvaluateAtWriteTime 25.451
PASS PolarSample_ReOutside_DerivedEqualsWriteTime
COST PolarSample_ReOutside_DerivedEqualsWriteTime 16.645
PASS PolarSample_LowConfidence_DerivedEqualsWriteTime
COST PolarSample_LowConfidence_DerivedEqualsWriteTime 9.565
PASS Section_EditedProfileNoPolar_Unavailable
COST Section_EditedProfileNoPolar_Unavailable 622.748
GROUP PolarSeam 675
PASS Provenance_RunInputsWaterAndChangedSince
COST Provenance_RunInputsWaterAndChangedSince 144.577
GROUP ProvenanceSeam 145
PASS F13b_WaterWithPolar_RetrievesAtBothNewRe
COST F13b_WaterWithPolar_RetrievesAtBothNewRe 3.731
PASS RunKey_PolarWeightsHashAndSize_ChangeKey
COST RunKey_PolarWeightsHashAndSize_ChangeKey 52.003
PASS Loads_TotalDrag_InducedPlusProfileOrNamesMissing
COST Loads_TotalDrag_InducedPlusProfileOrNamesMissing 8.258
PASS Polar_ProductRun_ReachesStripsAndSectionProjection
COST Polar_ProductRun_ReachesStripsAndSectionProjection 591.643
PASS Polar_LowConfidence_AdvisoryReachesDragSums
COST Polar_LowConfidence_AdvisoryReachesDragSums 3.218
PASS DragBand_NcritValueOrderAndWingRatio
COST DragBand_NcritValueOrderAndWingRatio 1.809
PASS PolarReRange_ShowsValidatedBounds
COST PolarReRange_ShowsValidatedBounds 2.604
GROUP PolarNumerics 664
PASS FindAlpha_TargetCL_RootWithinTolerance
COST FindAlpha_TargetCL_RootWithinTolerance 74.674
PASS FindAlpha_NoRoot_UnavailableWithReason
COST FindAlpha_NoRoot_UnavailableWithReason 0.278
PASS FindAlpha_ZeroLift_BracketedRoot
COST FindAlpha_ZeroLift_BracketedRoot 0.129
PASS FindTakeoff_RetrievesLoadAtEachSpeed
COST FindTakeoff_RetrievesLoadAtEachSpeed 0.346
PASS FreeSurface_A52_FactorsBesideDeepWater
COST FreeSurface_A52_FactorsBesideDeepWater 0.504
PASS FreeSurface_A52_EachEnvelopeAxis
COST FreeSurface_A52_EachEnvelopeAxis 0.285
GROUP OperatingSearch 77
PASS SectionProjection_EstimatorLabel_DepthAware
COST SectionProjection_EstimatorLabel_DepthAware 631.510
PASS SectionProjection_EstimatorChip_Copy214
COST SectionProjection_EstimatorChip_Copy214 199.800
PASS SectionProjection_Values_ClCmAlphaL0PerSpan
COST SectionProjection_Values_ClCmAlphaL0PerSpan 202.558
PASS SectionView_CpOnProfile_DrawsAndPinsVik
COST SectionView_CpOnProfile_DrawsAndPinsVik 213.078
PASS SectionView_Speeds_FollowUnitsSwitch
COST SectionView_Speeds_FollowUnitsSwitch 636.551
PASS Cavitation_Screen_ValueStateAndFixedString
COST Cavitation_Screen_ValueStateAndFixedString 212.705
PASS Cavitation_PanelUnderread_MeasuredNotConstant
COST Cavitation_PanelUnderread_MeasuredNotConstant 214.771
PASS Section_StationsTable_ListsSolvedGoverningAndShownOnly
COST Section_StationsTable_ListsSolvedGoverningAndShownOnly 421.785
PASS Section_Cp_NoMethodString_Retired
COST Section_Cp_NoMethodString_Retired 4.527
PASS Section_CpUnavailable_NoProfileAndSolveFailed_Row10
COST Section_CpUnavailable_NoProfileAndSolveFailed_Row10 3.829
PASS Section_StripCdNoPolar_Copy210
COST Section_StripCdNoPolar_Copy210 1.812
PASS Polar_TierChipAndLabels_Dxm3
COST Polar_TierChipAndLabels_Dxm3 216.406
PASS Provenance_PolarMethodId_Shown
COST Provenance_PolarMethodId_Shown 2.278
PASS Polar_Confidence_PresentNotRecordedLow
COST Polar_Confidence_PresentNotRecordedLow 3.817
PASS Polar_TrippedSurface_NotComputed
COST Polar_TrippedSurface_NotComputed 205.226
PASS Drag_ProfileSources_BandBoundKeptApart
COST Drag_ProfileSources_BandBoundKeptApart 205.802
PASS Drag_StripsMissingCd_NamesCountNoSubstitute
COST Drag_StripsMissingCd_NamesCountNoSubstitute 1.170
PASS Drag_WingOnly_OneRow_Ruling109
COST Drag_WingOnly_OneRow_Ruling109 1.906
PASS Drag_TotalNoProfile_StillNamesProfile
COST Drag_TotalNoProfile_StillNamesProfile 0.627
PASS Drag_CdNonPositive_Undefined_Copy230
COST Drag_CdNonPositive_Undefined_Copy230 0.855
PASS FindAlpha_Dialog_ResultAndBasisRows
COST FindAlpha_Dialog_ResultAndBasisRows 2.491
PASS FindAlpha_NoRoot_FiveReasons
COST FindAlpha_NoRoot_FiveReasons 1.640
PASS Labels_Dx_EveryRowResolvesOnce
COST Labels_Dx_EveryRowResolvesOnce 2.418
PASS Labels_ReasonCodes_AllApprovedTextNoRawCode
COST Labels_ReasonCodes_AllApprovedTextNoRawCode 3.989
GROUP DxSection 3392
PASS SectionForce_FreeStreamAxes_LiftPerpendicularDragParallel
COST SectionForce_FreeStreamAxes_LiftPerpendicularDragParallel 6.547
PASS SectionForce_Anchor_CpNearZeroAndOffSection_Ruling128And130
COST SectionForce_Anchor_CpNearZeroAndOffSection_Ruling128And130 4.364
PASS SectionForce_Imperial_ForceAndMomentPerSpan
COST SectionForce_Imperial_ForceAndMomentPerSpan 1.937
PASS SectionForce_RunScale_LiftFixedByLargestStripDragByRule
COST SectionForce_RunScale_LiftFixedByLargestStripDragByRule 3.012
PASS SectionForce_Labels_EqualTheirDesignRows_Ruling130
COST SectionForce_Labels_EqualTheirDesignRows_Ruling130 2.976
GROUP SectionForce 19
PARTITION 1/2 of 21 groups
RESULT failures=1
