MEASURE F6 CL=0.42061592925327906/0.41906892443595928/0.41833189863013587 e=1.0188185139225328/1.0086149269437032/1.0035578493401365 pCL=1.0696906502345485 pE=1.0127005850952708
PASS F6_ObservedOrder
COST F6_ObservedOrder 1040.231
PASS F15_EllipticWing_InducedAngleUniform
COST F15_EllipticWing_InducedAngleUniform 28.473
PASS F15b_EllipticMidspan_InducedAngleMatchesCLOverPiAR
COST F15b_EllipticMidspan_InducedAngleMatchesCLOverPiAR 65.756
PASS F1_FlatPlate_RichardsonClAlphaTo2Pi
COST F1_FlatPlate_RichardsonClAlphaTo2Pi 4.713
PASS F3_SymmetricSection_ZeroLiftOddInAlpha
COST F3_SymmetricSection_ZeroLiftOddInAlpha 2.099
MEASURE F4 old/new CL=0.60575055333949734/0.60452364893213451 e=1.0395712302983457/1.0424404059939647
PASS F4_MirroredWing_NoSideForceRollYaw
COST F4_MirroredWing_NoSideForceRollYaw 1.960
PASS Vlm_PivotingSolve_ResidualAfterOneSolve
COST Vlm_PivotingSolve_ResidualAfterOneSolve 1.341
MEASURE F7 old/new CL=0.20146664110588428/0.20070967926230737 e=1.0137838953800433/1.016659534835832
PASS F7_LinearWashout_TipAlphaEffBelowRoot
COST F7_LinearWashout_TipAlphaEffBelowRoot 1.921
MEASURE camber n=32 tipAi=4.9134832961675823 CL=0.7813444609614606 kappa1=278.58700702313911 residualInf=7.8825834748386114E-15
MEASURE camber n=64 tipAi=4.9576172097240709 CL=0.77842297648594483 kappa1=1104.0159763340032 residualInf=1.9761969838327786E-14
MEASURE flat n=64 tipAi=1.933821211647083 CL=0.4011422254527226 kappa1=1103.3688595591279 residualInf=7.8270723236073536E-15
MUTANT camber camber-surface n64 tipAi=-3517875.3311168146 RED (fast bound)
PASS F18_Camber4_DefaultLatticeTipConverges
COST F18_Camber4_DefaultLatticeTipConverges 87.740
MEASURE washin n=32 tipAi=2.3539483509345644 CL=0.43881499746226654 kappa1=278.39617227117293 residualInf=3.1502578323738817E-15
MEASURE washin n=64 tipAi=2.3659569946913233 CL=0.43704989172738001 kappa1=1103.257371643844 residualInf=6.7862382380212694E-15
MUTANT washin camber-surface n64 tipAi=724.59732449951571 RED (fast bound)
PASS F19_Washin1_DefaultLatticeTipConverges
COST F19_Washin1_DefaultLatticeTipConverges 87.015
MEASURE straight-quarter-chord n=16 maxSweep=0
MUTANT front-bound sweep n=16 max=54.123060824810075 RED
MEASURE straight-quarter-chord n=32 maxSweep=0
MUTANT front-bound sweep n=32 max=70.129379106873941 RED
MEASURE straight-quarter-chord n=64 maxSweep=0
MUTANT front-bound sweep n=64 max=79.75827389052121 RED
PASS F20_EllipticStraightQuarterChord_SweepZero
COST F20_EllipticStraightQuarterChord_SweepZero 162.712
MEASURE F21 AR=40 nc=4 alphaL0=-4.5932249292995486 CL0=0.46885374199458946 CL5=0.9757049753470437
PASS F21_ParabolicCamber_ZeroLiftAngleThinAirfoil
COST F21_ParabolicCamber_ZeroLiftAngleThinAirfoil 5.292
PASS F16_BertinSmithSwept_ClAlpha3p443
COST F16_BertinSmithSwept_ClAlpha3p443 0.482
PASS Vlm_ClosingTip_FiniteAndListed
COST Vlm_ClosingTip_FiniteAndListed 3.314
PASS Vlm_NonFinite_RecordsFailedNotZero
COST Vlm_NonFinite_RecordsFailedNotZero 0.350
PASS Vlm_AlphaBeyondEnvelope_ShowsEnvelopeFinding
COST Vlm_AlphaBeyondEnvelope_ShowsEnvelopeFinding 1.577
GROUP Lattice 1504
PASS F8_Dihedral20_ClRatioToPlanar0p8938
COST F8_Dihedral20_ClRatioToPlanar0p8938 203.608
PASS F9_Ana03Arithmetic_LiftDragAndRatio
COST F9_Ana03Arithmetic_LiftDragAndRatio 0.568
PASS F10_Bookkeeping_NearFieldVsTrefftzWithinTolerance
COST F10_Bookkeeping_NearFieldVsTrefftzWithinTolerance 45.833
PASS F11_GeometryScaleK_CoefficientsInvariant
COST F11_GeometryScaleK_CoefficientsInvariant 27.456
PASS F12_SpeedScaleK_ForcesScaleK2
COST F12_SpeedScaleK_ForcesScaleK2 30.800
PASS F13a_FreshToSalt_ReFalls4p25Percent
COST F13a_FreshToSalt_ReFalls4p25Percent 16.586
PASS F17_GoldenMaster_ExampleFoilVector
COST F17_GoldenMaster_ExampleFoilVector 188.463
PASS Strip_ReLocal_UsesLocalChord
COST Strip_ReLocal_UsesLocalChord 0.971
PASS Reference_SrefAndSpan_FromWingEstimates
COST Reference_SrefAndSpan_FromWingEstimates 21.271
PASS Water_OutsideTable_Unavailable
COST Water_OutsideTable_Unavailable 353.191
PASS Provenance_WaterTableHash_Shown
COST Provenance_WaterTableHash_Shown 0.692
PASS Loads_AttachmentMoment_TransferAboutNamedPoint
COST Loads_AttachmentMoment_TransferAboutNamedPoint 0.694
PASS SolveResidual_FailedRunHasNoDiagnostics
COST SolveResidual_FailedRunHasNoDiagnostics 124.092
GROUP Strip 1015
PASS Freshness_SurfaceEdit_Historical
COST Freshness_SurfaceEdit_Historical 323.380
PASS Freshness_WaterChange_Historical
COST Freshness_WaterChange_Historical 135.111
PASS Freshness_OperatingPointChange_Historical
COST Freshness_OperatingPointChange_Historical 132.409
PASS Freshness_MethodVersionBump_Historical
COST Freshness_MethodVersionBump_Historical 137.505
PASS Freshness_EachSettingsField_Historical
COST Freshness_EachSettingsField_Historical 211.115
PASS Freshness_Pre117MethodVersion_HistoricalAndEvaluateComputesNew
COST Freshness_Pre117MethodVersion_HistoricalAndEvaluateComputesNew 221.107
PASS Freshness_UndoToEqualKey_CurrentAgain
COST Freshness_UndoToEqualKey_CurrentAgain 296.446
PASS Freshness_SaveReopen_Unchanged
COST Freshness_SaveReopen_Unchanged 314.825
PASS Units_Lbf_KeyUnchanged
COST Units_Lbf_KeyUnchanged 152.341
GROUP Freshness 1925
PASS Projection_SectionVsWingUnits
COST Projection_SectionVsWingUnits 30.188
PASS Projection_CdiZeroOrNegative_TotalDragMissing
COST Projection_CdiZeroOrNegative_TotalDragMissing 3.853
PASS Projection_TotalDragMissing_ClCdUnavailable
COST Projection_TotalDragMissing_ClCdUnavailable 1.202
PASS Projection_TrefftzLiftUsedForE
COST Projection_TrefftzLiftUsedForE 2.575
PASS Projection_ProvisionalTip_NotJudgedOutside
COST Projection_ProvisionalTip_NotJudgedOutside 3.538
PASS Projection_NoVerdicts_NonTipStripNeverReadsTipNotJudged
COST Projection_NoVerdicts_NonTipStripNeverReadsTipNotJudged 2.844
PASS Projection_InsideAndOutsideStrips_NeverTipNotJudged
COST Projection_InsideAndOutsideStrips_NeverTipNotJudged 2.745
PASS DeriveVerdicts_TaperedPlanform_SweepIsTheLatticeSweepAndAlphaL0IsTheStripSection
COST DeriveVerdicts_TaperedPlanform_SweepIsTheLatticeSweepAndAlphaL0IsTheStripSection 1069.317
PASS DeriveVerdicts_AlphaBound_9p9InsideAnd10p1Outside
COST DeriveVerdicts_AlphaBound_9p9InsideAnd10p1Outside 710.845
PASS JudgeStrip_SweepBound_29p9InsideAnd30p1Outside
COST JudgeStrip_SweepBound_29p9InsideAnd30p1Outside 0.402
PASS DeriveVerdicts_OnlyTheTipReasonGetsTheTipRule
COST DeriveVerdicts_OnlyTheTipReasonGetsTheTipRule 701.608
PASS Projection_ProvisionalVerdict_EmptyExceededNeverOutside
COST Projection_ProvisionalVerdict_EmptyExceededNeverOutside 2.088
PASS Projection_LegacyStripEdges_OmittedAndHashIntact
COST Projection_LegacyStripEdges_OmittedAndHashIntact 19.644
PASS Projection_OneMissingSpanEdge_WidthUnavailable
COST Projection_OneMissingSpanEdge_WidthUnavailable 1.615
PASS Projection_ExcludedClosingTip_UsesKeptStripEdges
COST Projection_ExcludedClosingTip_UsesKeptStripEdges 3.527
PASS Projection_NoRun_NoAnalysisYetNoLayers
COST Projection_NoRun_NoAnalysisYetNoLayers 1.540
PASS Projection_FailedLatest_PreviousRunHistoricalWithErrorCard
COST Projection_FailedLatest_PreviousRunHistoricalWithErrorCard 3.933
PASS Layers_DepthUnset_NoFreeSurfaceOrTipDepth
COST Layers_DepthUnset_NoFreeSurfaceOrTipDepth 3.121
PASS Provenance_RunContentHash_Shown
COST Provenance_RunContentHash_Shown 1.641
PASS Layers_ArrowLengthProportional_NormalDirection
COST Layers_ArrowLengthProportional_NormalDirection 2.214
PASS Layers_EveryVisualHasTwinAndChip
COST Layers_EveryVisualHasTwinAndChip 1.710
PASS Layers_UnavailableVectorNotDrawn_AbsenceStated
COST Layers_UnavailableVectorNotDrawn_AbsenceStated 3.563
PASS Layers_MomentArc_SenseFollowsSignAboutNamedDatum
COST Layers_MomentArc_SenseFollowsSignAboutNamedDatum 3.599
PASS Layers_MomentArc_RightHandPositiveXMatchesRootMoment
COST Layers_MomentArc_RightHandPositiveXMatchesRootMoment 3.716
PASS Layers_Vectors_BodyFrameSignConventionLabelled
COST Layers_Vectors_BodyFrameSignConventionLabelled 3.724
GROUP Projection 2587
PASS Labels_ProfilePlates_Copy406To409
COST Labels_ProfilePlates_Copy406To409 0.862
PASS Depth_Unset_NoDeepWaterLabel
COST Depth_Unset_NoDeepWaterLabel 2.105
PASS Depth_HcBelow5_Copy46WithNumbers
COST Depth_HcBelow5_Copy46WithNumbers 1.749
PASS Depth_StationPiercing_EstimatorUnavailableFlagOnly
COST Depth_StationPiercing_EstimatorUnavailableFlagOnly 2.117
PASS Depth_SetAllSubmerged_TipMarginFrCopy47
COST Depth_SetAllSubmerged_TipMarginFrCopy47 1.698
PASS Labels_PerTier_FixedPartsAndOmissions
COST Labels_PerTier_FixedPartsAndOmissions 1.470
PASS Labels_Ruling118_ApprovedTextsAndDesignRows
COST Labels_Ruling118_ApprovedTextsAndDesignRows 12.676
PASS Labels_Copy364_Ruling119_TextAndDesignRow
COST Labels_Copy364_Ruling119_TextAndDesignRow 0.555
PASS Labels_DepthUnset_FreeSurfaceNotModelled
COST Labels_DepthUnset_FreeSurfaceNotModelled 0.718
PASS Depth_ShallowAtAnyStation_FreeSurfaceNotModelled
COST Depth_ShallowAtAnyStation_FreeSurfaceNotModelled 3.089
PASS Projection_NoBareUnavailable_EveryStateCarriesItsReason
COST Projection_NoBareUnavailable_EveryStateCarriesItsReason 8.612
PASS Projection_TotalDrag_OneReasonString
COST Projection_TotalDrag_OneReasonString 3.392
PASS Projection_DragWingOnly_OneRow_ImperialLbf
COST Projection_DragWingOnly_OneRow_ImperialLbf 3.792
PASS Labels_Ruling109And101_ConstantsMatchTheirRows
COST Labels_Ruling109And101_ConstantsMatchTheirRows 0.764
PASS Projection_TamperedRun_NoteIsCopy274UnderCopy211
COST Projection_TamperedRun_NoteIsCopy274UnderCopy211 0.688
PASS Projection_HistoricalResult_TierChipReadsHistoricalVlmStrip
COST Projection_HistoricalResult_TierChipReadsHistoricalVlmStrip 4.294
PASS Labels_ConditionsSummary_Copy280Form_FollowsUnits
COST Labels_ConditionsSummary_Copy280Form_FollowsUnits 0.358
PASS Labels_ChartAndChipConstants_MatchTheirRows
COST Labels_ChartAndChipConstants_MatchTheirRows 0.747
PASS Envelope_RunVerdict_BesideCL_FullBound
COST Envelope_RunVerdict_BesideCL_FullBound 2.198
PASS Envelope_EOutOfBand_AdvisoryNotBlocking
COST Envelope_EOutOfBand_AdvisoryNotBlocking 1.336
PASS Labels_EAboveOne_LatticeAttributionOnlyMeasuredBand
COST Labels_EAboveOne_LatticeAttributionOnlyMeasuredBand 6.181
PASS Labels_VerifiedLattice_NamesFixtureScope
COST Labels_VerifiedLattice_NamesFixtureScope 0.555
PASS Station_StripReadout_EnvelopeVerdictPerPart
COST Station_StripReadout_EnvelopeVerdictPerPart 2.893
PASS Station_StripReadout_ReAgainstPolarRange
COST Station_StripReadout_ReAgainstPolarRange 1.662
PASS Station_StripReadout_NotModelledList
COST Station_StripReadout_NotModelledList 1.753
PASS Copy_AnalysisStrings_MatchDesignMd
COST Copy_AnalysisStrings_MatchDesignMd 8.716
PASS Lab01_EveryProjectionString_Lints
COST Lab01_EveryProjectionString_Lints 2.366
GROUP Labels 79
PASS Loads_PolarUnavailable_WingDragNamesProfile
COST Loads_PolarUnavailable_WingDragNamesProfile 1.558
PASS Loads_RendersSafetyVerbatim
COST Loads_RendersSafetyVerbatim 2.139
PASS Loads_StiffnessReadoutBesideTc
COST Loads_StiffnessReadoutBesideTc 3.471
PASS Loads_MissingTerm_UnavailableNeverZero
COST Loads_MissingTerm_UnavailableNeverZero 2.077
PASS Loads_StructuralNotAssessed_ListComplete
COST Loads_StructuralNotAssessed_ListComplete 1.852
PASS Section_NoPolarStub_Unavailable
COST Section_NoPolarStub_Unavailable 1.481
PASS Strips_OutsideEnvelope_SectionBasedInference
COST Strips_OutsideEnvelope_SectionBasedInference 2.155
PASS Loads_UnitsLbf_KeyUnchanged
COST Loads_UnitsLbf_KeyUnchanged 2.614
PASS Loads_MomentDatumAndBodyAxes_Visible
COST Loads_MomentDatumAndBodyAxes_Visible 1.428
PASS Loads_ChartTwin_SameSource
COST Loads_ChartTwin_SameSource 2.080
PASS Loads_JudgedStripVerdictText_ProjectedVerbatim
COST Loads_JudgedStripVerdictText_ProjectedVerbatim 2.321
PASS Loads_ProvisionalVerdict_TextIsTipNotJudged
COST Loads_ProvisionalVerdict_TextIsTipNotJudged 0.146
PASS Loads_ProvisionalTip_NotOutside
COST Loads_ProvisionalTip_NotOutside 2.839
GROUP LoadsView 27
OBSERVED KT interior Cp RMS 100/200/400: 0.0325004 / 0.0152981 / 0.00742289; p 1.087 / 1.043; exact Cp_min -1.713603; |ΔCp_min| 0.116532 / 0.0596486 / 0.0276297
PASS PanelCp_KarmanTrefftz_InteriorOrderAndCpMin
COST PanelCp_KarmanTrefftz_InteriorOrderAndCpMin 64.386
OBSERVED default 200-panel KT Cp_min relative error 3.481%
PASS PanelCp_DefaultResolution_CpMinWithin4Percent
COST PanelCp_DefaultResolution_CpMinWithin4Percent 9.063
PASS RunKey_PanelCountAndTeExclusion_ChangeKey
COST RunKey_PanelCountAndTeExclusion_ChangeKey 0.484
GROUP PanelCp 74
MEASURE warm whole-wing section tier 778.642 ms at 200 panels
MEASURE governing-station eta 0.098 200-vs-400 suction under-read 1.335%
PASS Section_WingRun_PanelValuesAtEveryStation
COST Section_WingRun_PanelValuesAtEveryStation 793.905
PASS Section_ProvisionalAndProjectionRows
COST Section_ProvisionalAndProjectionRows 6.598
PASS Section_SurfacePiercing_EstimatorUnavailable
COST Section_SurfacePiercing_EstimatorUnavailable 1.310
OBSERVED analysis.run panelCandidates 1
PASS Section_AnalysisRunEvent_CarriesPanelCandidateCount
COST Section_AnalysisRunEvent_CarriesPanelCandidateCount 236.601
OBSERVED near-tie: thick 200-ratio 0.7658, thin 200-ratio 0.7889; thin under-read 16.51%; thick 3.93%; governing eta 1
PASS Section_NearTie_GoverningReSelectedAt400
COST Section_NearTie_GoverningReSelectedAt400 288.576
OBSERVED thin station not measured in the run; UnderreadAt = 10.81% at alpha 0.5
PASS Section_ThinStationOutsideNearTie_NotMeasured
COST Section_ThinStationOutsideNearTie_NotMeasured 113.545
PASS Section_UniformWing_CandidateCountCappedAtFour
COST Section_UniformWing_CandidateCountCappedAtFour 276.205
PASS Section_GoverningEstimate_Cambered_Matches400Panels
COST Section_GoverningEstimate_Cambered_Matches400Panels 350.489
OBSERVED 6%-thick 200-vs-400 under-read at alpha 3: 3.598%
OBSERVED 6%-thick 200-vs-400 under-read at alpha 6: 4.385%
PASS Section_SixPercentThick_TwoGridUnderread_Measured
COST Section_SixPercentThick_TwoGridUnderread_Measured 92.224
PASS Section_GoverningStation_ScreenAndCpMinFrom400Panels
COST Section_GoverningStation_ScreenAndCpMinFrom400Panels 312.301
PASS Section_AdaptivePanelMethod_OldRunReadsHistorical
COST Section_AdaptivePanelMethod_OldRunReadsHistorical 1.278
GROUP SectionSeam 2482
PASS Tip_LowRe_TipReasonPrecedesReUnavailable
COST Tip_LowRe_TipReasonPrecedesReUnavailable 2.757
PASS Tip_ConsistencyEdge_RecomputedWithPolarSlope
COST Tip_ConsistencyEdge_RecomputedWithPolarSlope 1.361
PASS Tip_ConfidenceNeverClearsNotJudged
COST Tip_ConfidenceNeverClearsNotJudged 0.290
GROUP TipPolar 5
PARTITION 2/2 of 21 groups
RESULT failures=0
