PASS Canonical_Rfc8785_8000000000000000
PASS Canonical_Rfc8785_7fefffffffffffff
PASS Canonical_Rfc8785_c340000000000000
PASS Canonical_Rfc8785_44b52d02c7e14af6
PASS Canonical_Rfc8785_444b1ae4d6e2ef4f
PASS Canonical_Rfc8785_3eb0c6f7a0b5ed8d
PASS Canonical_Rfc8785_41b3de4355555555
PASS Canonical_Rfc8785_becbf647612f3696
PASS Decimal_Halfway_RoundsToEven
PASS Decimal_HugeNonzeroExponent_RefusesBeforeAllocation
PASS Decimal_TrailingNewline_RefusesNonToken
PASS Canonical_NegativeZero_Normalizes
FAIL Catalog_GenEntries_RegenerateToRecordedHash ContractError: a catalog file failed its check
FAIL Catalog_Fairings_NeverListed ContractError: a catalog file failed its check
FAIL Catalog_GenNeverThroughDatParse ContractError: a catalog file failed its check
PASS Provenance_Unknown_NotRecordedNeverGuessed
PASS Provenance_SurvivesEveryRewriter
PASS Ruling15_UnknownUnits_DoNotInventOverflow
PASS Ruling15_KnownOverflow_PrecedesBadReference
PASS Ruling15_BoundMeters_OverflowLexically
PASS Parse_FoilGrammar_RecognizesAllChannels
PASS Parse_InvalidVersion_ReportsVersion
PASS Parse_IncompleteSource_ReportsSyntax
PASS Parse_SyntaxAfterStructuralError_ReportsSyntaxFirst
PASS Parse_UnknownTailInUnsupportedSection_ReportsSyntax
PASS Source_PublicConstructor_CannotForgeSuccess
PASS Parse_FoilSpoofedEof_RejectsTail
PASS Parse_OneAssignment_ReportsSyntax
PASS Diagnostic_MissingReference_NamesTarget
NACA0012 residual root 1.9396237356955507E-07 m tip 1.9396237356955513E-08 m vertices 10 normalised 1.526755161976312E-06
PASS NewDefault_SectionResidualWithinAcceptance
chord oracle deviation 0.011972960968201975 m tip error 3.4694469519536142E-18 m
PASS NewDefault_PlanformNearElliptic
PASS Parse_TangentRowOnControlPoint_DslLock
PASS Parse_SixteenChannelPointsUnder41_Parsed
PASS Parse_Foil41RoundTrip_RandomRowsStable
PASS EnsureHeader41_FirstRow_HeaderRewritten
PASS Ruling18_ConstantTwist_1e-300_QueriesComplete
PASS Ruling18_ConstantTwist_-5e-324_QueriesComplete
PASS Ruling18_FiniteBinary64QueryBoundaries_CompleteBothSidesAndPorts
PASS Geometry_PlacementWidthBeyondBudget_NotAssessed
PASS Geometry_CallerCannotRaiseWorkCeiling
PASS Geometry_NormalizedSection_PropagatesExactMaximumEnclosure
PASS Geometry_RepeatedInteriorKnots_ContinuousCertificate
PASS Geometry_ProvenNegativeChord_IsInvalid
PASS Geometry_CommonBasisProfile_ContinuousCertificate
PASS Geometry_UpperLowerCrossing_BlocksCertificate
PASS Geometry_MissingIds_NotCertified
PASS Assess_SmoothRowOffByHalfDegree_Invalid
MEASURE twist_domain_degrees=57.295779513082323
PASS Geometry_TwistDomain_LargestAssessableDegreesPinned
PASS Assess_TwistNextBinary64PastDomain_NotAssessed
PASS Assess_TwistSmoothRowOrdinateOffByTwoTolerances_Invalid
PASS ProofBudget_HoldsNoClock
PASS ProofBudget_ReadOnAnotherThread_Throws
PASS GroupGesture_IncludesTipVertex_HoldsWholeGroupAtMinimum
PASS GroupGesture_NeighbourSpacing_HoldsWholeGroupRigid
PASS GroupGesture_ValueOnlyMember_HoldsSpanForGroup
PASS GroupGesture_HandleWithoutAnchor_Refused
PASS GroupGesture_End_CarriesMembers
PASS ApplyGroupValue_AnyViolation_NothingApplied
PASS ApplyGroupValue_MoveByPastTip_NamesMaxAmount
PASS Blend_Endpoints_EqualStationProfiles
PASS Blend_ThreeStations_ContinuousAtMiddle
PASS Blend_FourDifferingStations_Certify_SevenRefusedByOperations
PASS Ruling17_NativeUnsupportedEvaluator_PrecedesSourceAdoption
PASS Ruling16_IncompleteRecovery_DiagnosticsRemainSourceAndGenerationBound
PASS Session_Preview_HasOwnedBindingAndMeasuredRedactedEvents
PASS Session_Telemetry_EmitsNamedInnerPhases
PASS Session_EmptyRecovery_RoundtripsWithoutAdoption
PASS Session_Close_DiscardsTelemetryAndRefusesMutation
PASS Session_RecoveryRoundtrip_OfferedBeforeResume
PASS Native_FabricatedRedo_RefusesWholeImage
PASS Session_IdCandidate_NeedsExplicitAcceptance
PASS Session_OutwardDraftMutation_CannotRetargetOrRewrite
PASS Session_CancelledValidation_CannotApply
NOT ASSESSED native persistence primitives on this platform
FAIL Library_EntryBytes_ParseAsStandaloneSection ContractError: DOC-UNSUPPORTED-PERSISTENCE
PASS Library_CrossingSection_RefusedInvalid
FAIL Library_ScanNameCollision_BothReported ContractError: DOC-UNSUPPORTED-PERSISTENCE
PASS Library_UnprovedPlatform_RefusedNothingSaved
PASS Profile_PatchUpper_LeavesLowerCurveBytes
PASS Profile_FixedVertex_RefusesLock
PASS Profile_SharedEdit_ScopeApplyUndoRedo
PASS Profile_LocalSupport_OutsideSpansUnchanged
PASS MakeIndependent_CollidingIds_TangentNotCascaded
PASS Session_RecoveryEnvelope_WithoutProfileFields_StillResumesRailDraft
PASS ReopenSectionDraft_MakeUniqueThenCrash_OpensAndResumes
PASS Receipt_SectionRailWithCurveOrRule_DocReference
PASS FinishSection_SameOperationIdAfterReopen_Idempotent
PASS Solve_EqualityConstraints_HoldAndSingularRefuses
PASS Rebuild_TenVertices_SharesKnotsAbscissaAndPins
PASS Profile_InsertThenDelete_RestoresShape
PASS Profile_Insert_CancelRestoresBytes_OneUndoItem
PASS Fair_WithinTolerance_ApplyUndoRedo
PASS Fair_Cancel_RestoresExactBytes
NACA 2412 residual: 2.4592308072300673E-05, accepted: False
PASS DatImport_Naca2412_CamberPositiveAtPointFour
IMPORT-BASIS: current 8.117252259262465E-05
PASS DatImport_Naca0012_ExampleTip_SharedReplaceCurrentSpacing
PASS ImportDat_SharedExample_OwnSpacingNotUnsupported
RPL 0012 current residual 9.75 um (design P-CF-0012: 9.75 um one-way)
PASS Replace_SharedExampleSymmetric_KeepsCurrentSpacingAndPoints
PASS Replace_SharedKeepsName_ScopeStaysShared
PASS Replace_BlendChain_AllStationsReplacedCertified
PASS Replace_ResidualJustOver10um_Refused
PASS Replace_VendEntry_NoCoordinatesNothingChanges
PASS Replace_CancelSection_AssignmentsAtEntry
FAIL Replace_Preview_EmitsCatalogPreviewOutcome InvalidOperationException: Expected ReplaceEvent { Scope = draft, Stations = 2, ResidualChord = 8.122861410878169E-05, Spacing = current, Family = Naca, Class = Gen }; actual ReplaceEvent { Scope = draft, Stations = 2, ResidualChord = 8.122861410878169E-05, Spacing = current, Family = , Class = Gen }
PASS Guard_TwentySevenSpansDiffering_Certifies
PASS Replace_FourDifferingSections_Certified_SevenRefusedCopy194b
PASS Replace_OwnSpacing_ListsDroppedRows
RPL rotated 0.5 deg: records 0.00 um apart; reported turn 0.5000 deg; fit 5.59 um
PASS Replace_RotatedSource0.5Deg_SameRecordAsUnrotated
PASS Replace_CurrentSpacing_KeepsAngleSmoothSymmetricRows
RPL pinned 0012 9.747 um; 4412 own-15 5.589 um both ways (5.383 um one way) on the generator's 81 stations; 5.540 um both ways on the 201-sample closed form
PASS Replace_DesignNumbers_PinnedAtHundredthMicrometre
PASS Reopen_Fair_AcceptedRoundtripsUndoRedo
PASS Reopen_RecoveryMidRebuild_ResumesSameDraftBytes
PASS Reopen_ForcedBudgetExhaustion_OpensNotAssessed
PASS Thickness_UseSource_IndependentMiddle_OnlyMiddleTargetInsideSupport
PASS WingEstimates_ConstantChord_AreaArMeanMac
  conv=True outcome=ok mac=0.11322214154620441 ar=9.80713255360844 iterations=10 ms=19.47
PASS WingEstimates_AnchorSymmetricTangent_MacConverges
PASS ApplyDimension_Span_ChordAt201EtaUnchanged
PASS ApplyDimension_SameOperationId_Memoized
PASS ApplyDimension_SpanAtOneMillionMeters_RefusedEdgesCross
PASS ApplyChord_NewFoilRootX12_AcceptedBothNumbers
PASS ApplyDimension_NewFoilRootX15_AcceptedWithFitWarning
PASS ApplyDimension_LocksOff_LinearRuleExact
PASS ApplyDimension_Refused_HistoryUnchanged
PASS ChordRefit_SyntheticLinearRows_HeldExactly
PASS ApplyChord_FitAboveLimit_ApplyEventCarriesFitAndWarning
PASS Reopen_ChordRowWithoutRule_DocReference
PASS AcceptedSourceOf_AfterUndo_StillHoldsTheUndoneRevision
PASS TipChordMinimum_Definition_LargerOfFiveMmAndTwoPercent
PASS TipChord_Drag_Escape_AfterHold_AddsNoRevision
PASS TipChord_LegacyTipUnderMinimum_DragCanOnlyMoveTowardLegality
PASS TipChord_DrivingDimension_NamesTheLargerMinimum
PASS TipChord_TypedThreeOnSixMmTip_IsTheCrossingRefusalNotTheTipMinimum
PASS TipChord_ExactlyMinimum_Admitted
PASS TipChord_Admits_RepeatedTinyDownwardEdits_CannotRatchetBelowMinimum
PASS TipChord_RefusedTypedEdit_SessionStaysUsableAndHeldGestureAccepted
PASS LayoutCodec_RandomBytes_NeverThrows
PASS LayoutParse_MissingPane_PlacedByPreset
PASS LayoutParse_OutOfRange_Clamped
FAIL LayoutLoad_Absent_ReturnsPresets InvalidOperationException: Expected saved; actual failed
FAIL Rollback_V2Oversized_BytesUnchanged InvalidOperationException: missing LAYOUT-VERSION [LAYOUT-SESSION-ONLY,DOC-UNSUPPORTED-PERSISTENCE]
FAIL PrefStore_SymlinkedDirectory_SessionOnly IOException: A required privilege is not held by the client. : 'C:\Projects\CFD-Workbench-win-solver-routes-r133\.tmp-tests\p1-91c182df639240dd84fb135b1aa87889\prefs'.
FAIL LayoutSave_Conflict_MergesChangedWorkspaceOnly InvalidOperationException: Expected True; actual False
FAIL Recent_Conflict_ReappliesAdd InvalidOperationException: Expected True; actual False
FAIL Recent_Remove_KeepsEveryOtherEntry InvalidOperationException: Expected saved; actual failed
PASS PrefStore_TextSize_Absent_Is100
FAIL Rollback_TextSizeV2_BytesUnchanged InvalidOperationException: missing LAYOUT-VERSION [LAYOUT-SESSION-ONLY,DOC-UNSUPPORTED-PERSISTENCE]
PASS PrefStore_TextSize_FileSystemException_FailedNotThrown
PASS PointModel_DefaultExample_RolesEndsHandlesControls
PASS PointModel_RootMirror_TeRootAftOnlyLeRootFixed
PASS PlanformView_SplineBasisVsBernstein_Within1e12
PASS Planform_HandleTarget_AngleFromSpanAxis
PASS Comb_SixteenPointRail_FairnessFixture
PASS LengthExpression_RandomText_NeverThrowsUnexpected
PASS BeginPointGesture_NonRailCurve_DslTarget
PASS UpdatePointGesture_ControlPoint_QuantizedDeltaExactPosition
PASS UpdatePointGesture_SymmetricHandleDrag_Midpoint
PASS UpdatePointGesture_PastNeighbour_ClampedOrderKept
PASS UpdatePointGesture_StaleGeneration_DslConflict
PASS Gesture_ReleaseWithoutMove_NoAcceptedRow
PASS PlacementRule_RadiansConstant_SingleSiteInSource
PASS PlacementRule_FoilFixtures_MatchGoldenSources
PASS Placement_FrameLeadingEdge_EqualsCertifiedPointAtXZero
PASS Placement_PortHalf_MirrorsYOnly
PASS Placement_Surface_AssignmentIsTheStationIndex
PASS Placement_Surface_CancelledBetweenStations
PASS ChannelEvaluator_WingEstimatesFold_BitsUnchanged
PASS Sections_PlaceEqualsSurfaceMidline_Bitwise
PASS MakeAnchor_Locality_OutsideSegmentWithinIdentity
PASS MakeAnchor_FourteenPointsNoSnap_RefusedNamesCeiling
PASS MakeControl_OffLinePoint_GapAboveIdentity
PASS MakeControl_LastRowRemoved_HeaderStays41
PASS SetTangent_SymmetricNextToNeighbour_OrderKept
PASS ApplyPointCommand_Refused_HistoryUnchanged
PASS Reopen_SameOperationDifferentKind_DocOperationConflict
PASS Reopen_PointTypeAndTangentRows_UndoRedoRoundTrip
PASS Save_DragAndSpanOnlyHistory_NoNewReceiptKeys
PASS Recovery_M12aGoldenRailDraft_DiscardClears
PASS Reopen_ForgedPointRemoveIdAbsent_DocReference
PASS ApplyPointCommand_SameOperationDifferentVerb_DocOperationConflict
PASS Reopen_PointAddRemoveRebuildReceipts_Check
PASS Parse_Channel41ThreeVertices_DslCurve
PASS AddPoint_Boehm_ShapeUnchangedWithin1e12Relative
PASS AddPoint_AtExistingKnot_RefusedTooClose
PASS AddPoint_NextToSymmetricAnchor_RowBecomesSmoothReported
PASS RemovePoint_RootEndAndTipEnd_Refused
PASS RemovePoint_LockedPoint_RefusedNothingChanged
PASS RemovePoint_ClusteredKnots_SolvesWithSpanSamples
PASS Rebuild_CountOutside4To10_DslCurve
PASS Rebuild_KnotsFollowCurrentSpacing
PASS Rebuild_NewFoilTenToFour_EndsAndRootSquareExactChangeReported
PASS CurvatureBreaks_SmoothAnchor_OneBreakSimpleKnotsNone
PASS PreviewRebuilds_NoRowNoCertificate_BytesHistoryFreshnessUnchanged
PASS MaxChange_IncludesEveryKnotOfBothCurves
PASS MakeControl_SevenPointsOneAnchor_GivesFive
PASS RemovePoint_RootMirrorRowHolds
PASS Rebuild_PreviewEqualsApply_SameBytes
PASS PointModel_Dihedral_RootEndFixedTipEndValueOnly
PASS PointModel_NoLocks_RootHandleFree
PASS Planform_View_ComposesChannelsView
PASS UpdatePointGesture_TwistBelowNegativeDomain_ClampedAtNegativeDomain
PASS UpdatePointGesture_OutOfDomainCvAtBegin_NotSnappedMovesInward
PASS UpdatePointGesture_TwistRootEnd_HandleFollowsRootMirror
PASS MakeAnchor_TwistControlPoint_PassesThroughWithinIdentity
PASS SetTangent_TwistSymmetric_MidpointRowHolds
PASS Reopen_ChannelGestureRows_UndoRedoRoundTrip
PASS Recovery_ChannelGestureRail_RefusedProjectStillOpens
PASS ProfileView_Samples_CosineSpacedAtNose
PASS IsAnchor_DegreeFive_OnlyMultiplicityFiveTrue
PASS SectionPoints_RolesOnExample_NoseHandlesControlsTrailingEnds
PASS SectionPoints_NoseAndClosedTrailingEnd_Fixed
PASS Sections_Facts_LeRadiusPerSurfaceMatchesOracle
PASS Sections_Probe_PlacedThicknessAtStation
PASS Assess_ProfileVerticalRowOffByOneUlp_Invalid
PASS Assess_ProfileRowsJustOutsideTau_InvalidDslLock
PASS SectionEdits_SymmetricKind_EqualHandleLengths
PASS SectionEdits_ControlToAnchorBetweenTwoAnchors_OutsideUnchanged
PASS SectionEdits_FirstRow_HeaderBecomes41
PASS SectionEdits_PairedAnchor_BothSurfacesSameKnotsExact
PASS SectionEdits_PairedRefitSharedProfile_LargestChordSetsLimit
PASS SectionEdits_PairedSetTangent_BothSurfacesSameKind
PASS SectionEdits_PairedToControl_PartnerRowRemoved
PASS SectionEdits_UniqueProfile_YOnlyMoveAllowed
PASS SectionDraft_Begin_CursorZeroBytesEqualBase
PASS SectionDraft_CursorEnds_UndoRedoNoChange
PASS SectionDraft_FinishUncertified_Refused
PASS SectionDraft_Cancel_UndoDepthAndBytesUnchanged
PASS SectionDraft_SharedFinish_BothAssignmentsReadNewProfile
PASS SectionDraft_UseSourceInfeasible_FinishBlocked
PASS SectionTelemetry_FinishEvent_CarriesStepsAndDuration
PASS Profile_IndependentAbscissaEdit_NamesNeighbour
PARTITION 2/3 of 683 checks
RESULT failures=13
