gmsh: load1_start=5.29 status=0 wall_s=3 waited_s=0 load1_end=5.19
te_arc_root_curves=2 te_arc_root_segments=8 Mesh.MinimumCirclePoints=7
gmsh_wing_surface_elements=10806 layer_prisms=216120 expected=216120 layer_coverage=100.00% core_cells=92911 symmetry_lateral_surfaces=4
layer_total_thickness_m=1.4935e-03 first=8e-06 ratio=1.2 n=20
msh_sha256=7d5174a3c658ba4ce6d6cb5f099b8acf1f045a112f42278701c1e35ca0aeb987 msh_bytes=24386106
launcher-record: init files=13 manifest=851668829f02 record=runs/.launcher/2e1bd204a4c3b35f2fb3
status=0 wall_s=2 peak_rss_bytes=319602688 banner=Disallowing log=runs/20261005T190203Z-spike03-s4-tipcoupon-v1/log.gmshToFoam
patches: ['wing', 'symmetry', 'farfield', 'defaultFaces']
launcher-record: updated files=22
status=0 wall_s=3 peak_rss_bytes=372359168 banner=Disallowing log=runs/20261005T190203Z-spike03-s4-tipcoupon-v1/log.checkMesh
status=0 wall_s=2 peak_rss_bytes=181633024 banner=Disallowing log=runs/20261005T190203Z-spike03-s4-tipcoupon-v1/log.postProcess-C
GATE (DR-F3-1 A) FAIL: non_orthogonality_le_70=FAIL skewness_le_4_internal_20_boundary=FAIL volumes_positive=FAIL face_pyramids_ok=FAIL face_weight_ge_0.05=FAIL checkMesh_validity_set_without_determinant=FAIL layers_20_on_ge95pct_and_ge10_on_100pct=ok
  max_non_orthogonality=174.546301403 faces_gt_70=321 max_skewness=2833.541406 min_face_weight=3.74055651947e-05 min_volume=None min_determinant=0.0 (reported, not gated)
  checkMesh *** lines: ['***Boundary openness (-1.73031729945e-09 2.71195083544e-08 7.79212976446e-05) possible hole in boundary description.', '***Open cells found, max cell openness: 1, number of open cells 4959', '***Zero or negative cell volume detected.  Minimum negative volume: -2.46087960732e-11, Number of negative volume cells: 263', '***Number of non-orthogonality errors: 3492.', '***Error in face pyramids: 5603 faces are incorrectly oriented.', '***Max skewness = 2833.541406, 2157 highly skew faces detected which may impair the quality of the results', '***Error in face tets: 11983 faces with low quality or negative volume decomposition tets.', '***Cells with small determinant (< 0.001) found, number of cells: 71534', '***Concave cells (using face planes) found, number of cells: 5104', '***Faces with small interpolation weight (< 0.05) found, number of faces: 250', '***Faces with small volume ratio (< 0.01) found, number of faces: 418']
  layers: wing_faces=10806 layer_prisms=216120 expected=216120 (100.00 %); te_arc_root_segments=8; stack=1.4935e-03 m
cells=309031 by type: 0=4564 prism=211556 tet=92911
faces > 70 deg (nonOrthoFaces): n=3813 primary interface=16 main=3328 te=2 tip_pole=467 | flags tip_pole=467 te=392 root=0 interface=17 tip=0 edge=3778 | wall distance min/median/max = 0.00e+00/0.00e+00/1.86e-03 m (stack 1.49e-03)
    interface: cell pairs (5 prism, 7 tet) 5-7:16; x/c 0.0537..0.9230, z 0.0240..0.0244 m
    main: cell pairs (5 prism, 7 tet) 0-0:48 0-5:3074 0-7:25 5-5:181; x/c 0.0027..0.9912, z 0.0238..0.0249 m
    te: cell pairs (5 prism, 7 tet) 0-5:1 0-7:1; x/c 0.9926..0.9929, z 0.0243..0.0244 m
    tip_pole: cell pairs (5 prism, 7 tet) 0-0:11 0-5:250 0-7:61 5-5:141 5-7:1 7-7:3; x/c -0.0060..1.0111, z 0.0236..0.0250 m
TIPREGION faces > 70 deg: n=3813 (z >= b/2 - 2 mm) primary interface=16 main=3328 te=2 tip_pole=467 | edge_flag=3778
low-weight faces (< 0.05): n=250 primary main=242 tip_pole=8 | flags tip_pole=8 te=5 root=0 interface=0 tip=0 edge=189 | wall distance min/median/max = 0.00e+00/3.06e-04/1.86e-03 m (stack 1.49e-03)
    main: x 0.00024..0.11813 y -0.00878..0.00913 z 0.02382..0.02446
    tip_pole: x -0.00013..0.12015 y -0.00080..0.00056 z 0.02411..0.02484
TIPREGION low-weight faces: n=250 (z >= b/2 - 2 mm) primary main=242 tip_pole=8 | edge_flag=189
two-internal-face cells: n=511 primary main=237 tip=222 tip_pole=52 | flags tip_pole=52 te=44 root=0 interface=0 tip=222 edge=111 | wall distance min/median/max = 0.00e+00/1.59e-03/2.91e+00 m (stack 1.49e-03)
    main: types 5:215 7:22
    tip: types 7:222
    tip_pole: types 5:52
wing faces=10806; faces whose owner is not a prism (no layer column): 180
wing faces without layers (owner-cell centres): n=180 primary main=162 tip_pole=18 | flags tip_pole=18 te=14 root=0 interface=0 tip=0 edge=180 | wall distance min/median/max = 0.00e+00/0.00e+00/0.00e+00 m (stack 1.49e-03)
    main: owner types 0:162
    tip_pole: owner types 0:18
cellDeterminant < 0.001, layer (prism): 69594 of 211556 (32.90 %), min 0.000e+00, median 9.400e-03
cellDeterminant < 0.001, core (tet): 244 of 92911 (0.26 %), min 0.000e+00, median 1.696e-01
core (tet) cells with determinant < 0.001: n=244 primary main=22 tip=222 | flags tip_pole=0 te=0 root=0 interface=0 tip=222 edge=0 | wall distance min/median/max = 1.16e+00/1.75e+00/2.91e+00 m (stack 1.49e-03)
degenerate-curve 'Skipping boundary layer extrusion' lines: 0
B-rep: brep_surfaces=5 brep_curves=12 brep_free_curves_off_root=0 brep_free_curve_lengths_m=[] variant=v1
wing triangles=10806 nodes_used=5494 b-rep surfaces=5
triangles by region: tip_pole=285 tip=1225 te=2582 root=577 main=6137
watertight: edges used once off the root plane = 0; edges used more than twice = 0
watertight: node pairs closer than 10 um = 0, of which share no mesh edge = 0
seam fold angle, tip seams (z >= b/2 - 1 um): edges=180 max=90.00 median=89.98 p95=90.00 deg; edges with fold > 30 deg = 180
seam fold angle, panel seams: edges=305 max=39.17 median=3.11 p95=30.50 deg; edges with fold > 30 deg = 17
largest fold by surface pair (max deg, edges, surfaces): 90.0 4 (4, 5); 90.0 4 (3, 5); 90.0 86 (2, 5); 90.0 86 (1, 5)
wall nodes vs reference: n=5494 max=4.686e-06 m p99=4.372e-06 nodes > 10 um = 0
    tip_pole: n=110 max=7.267e-07 m nodes > 10 um = 0
    tip: n=724 max=4.449e-06 m nodes > 10 um = 0
    main: n=4189 max=4.686e-06 m nodes > 10 um = 0
    root: n=471 max=4.587e-06 m nodes > 10 um = 0
wall-triangle aspect ratio (longest edge / shortest altitude):
    tip_pole: n=285 median=1.76 p95=3.04 max=3.0 min_edge=8.75e-05 m
    tip: n=1225 median=1.26 p95=1.65 max=2.4 min_edge=6.61e-04 m
    te: n=2582 median=3.04 p95=3.04 max=3.0 min_edge=9.75e-05 m
    root: n=577 median=1.31 p95=1.68 max=2.8 min_edge=3.70e-04 m
    main: n=6137 median=1.16 p95=1.57 max=3.0 min_edge=3.41e-04 m
run=runs/20261005T190203Z-spike03-s4-tipcoupon-v1
